## BEGIN NORMALIZED CODE ##
def placeholder_0(placeholder_1, placeholder_2=[1]):
    if placeholder_1 < 0:
        raise ValueError("number of rows is negative")
    elif placeholder_1 == 0:
        return []
    placeholder_3 = placeholder_2 + [0]
    placeholder_4 = list(map(sum, zip(placeholder_3, placeholder_3[::-1])))
    return [placeholder_2] + placeholder_0(placeholder_1 - 1, placeholder_4)

## END NORMALIZED CODE ##

## BEGIN TREE BEFORE ##
Module(
  [
    FunctionDef(
      'rows',
      arguments(
        [],
        [
          arg(
            'row_count',
            lineno=1,
            col_offset=9,
            end_lineno=1,
            end_col_offset=18),
          arg(
            'previous_row',
            lineno=1,
            col_offset=20,
            end_lineno=1,
            end_col_offset=32)],
        kwonlyargs=[],
        kw_defaults=[],
        defaults=[
          List(
            [
              Constant(
                1,
                lineno=1,
                col_offset=34,
                end_lineno=1,
                end_col_offset=35)],
            Load(),
            lineno=1,
            col_offset=33,
            end_lineno=1,
            end_col_offset=36)]),
      [
        If(
          Compare(
            Name(
              'row_count',
              Load(),
              lineno=2,
              col_offset=7,
              end_lineno=2,
              end_col_offset=16),
            [
              Lt()],
            [
              Constant(
                0,
                lineno=2,
                col_offset=19,
                end_lineno=2,
                end_col_offset=20)],
            lineno=2,
            col_offset=7,
            end_lineno=2,
            end_col_offset=20),
          [
            Raise(
              Call(
                Name(
                  'ValueError',
                  Load(),
                  lineno=3,
                  col_offset=14,
                  end_lineno=3,
                  end_col_offset=24),
                [
                  Constant(
                    'number of rows is negative',
                    lineno=3,
                    col_offset=25,
                    end_lineno=3,
                    end_col_offset=53)],
                [],
                lineno=3,
                col_offset=14,
                end_lineno=3,
                end_col_offset=54),
              lineno=3,
              col_offset=8,
              end_lineno=3,
              end_col_offset=54)],
          [
            If(
              Compare(
                Name(
                  'row_count',
                  Load(),
                  lineno=4,
                  col_offset=9,
                  end_lineno=4,
                  end_col_offset=18),
                [
                  Eq()],
                [
                  Constant(
                    0,
                    lineno=4,
                    col_offset=22,
                    end_lineno=4,
                    end_col_offset=23)],
                lineno=4,
                col_offset=9,
                end_lineno=4,
                end_col_offset=23),
              [
                Return(
                  List(
                    [],
                    Load(),
                    lineno=5,
                    col_offset=15,
                    end_lineno=5,
                    end_col_offset=17),
                  lineno=5,
                  col_offset=8,
                  end_lineno=5,
                  end_col_offset=17)],
              [],
              lineno=4,
              col_offset=4,
              end_lineno=5,
              end_col_offset=17)],
          lineno=2,
          col_offset=4,
          end_lineno=5,
          end_col_offset=17),
        Assign(
          [
            Name(
              'temp_row',
              Store(),
              lineno=6,
              col_offset=4,
              end_lineno=6,
              end_col_offset=12)],
          BinOp(
            Name(
              'previous_row',
              Load(),
              lineno=6,
              col_offset=15,
              end_lineno=6,
              end_col_offset=27),
            Add(),
            List(
              [
                Constant(
                  0,
                  lineno=6,
                  col_offset=31,
                  end_lineno=6,
                  end_col_offset=32)],
              Load(),
              lineno=6,
              col_offset=30,
              end_lineno=6,
              end_col_offset=33),
            lineno=6,
            col_offset=15,
            end_lineno=6,
            end_col_offset=33),
          lineno=6,
          col_offset=4,
          end_lineno=6,
          end_col_offset=33),
        Assign(
          [
            Name(
              'new_row',
              Store(),
              lineno=7,
              col_offset=4,
              end_lineno=7,
              end_col_offset=11)],
          Call(
            Name(
              'list',
              Load(),
              lineno=7,
              col_offset=14,
              end_lineno=7,
              end_col_offset=18),
            [
              Call(
                Name(
                  'map',
                  Load(),
                  lineno=7,
                  col_offset=19,
                  end_lineno=7,
                  end_col_offset=22),
                [
                  Name(
                    'sum',
                    Load(),
                    lineno=7,
                    col_offset=23,
                    end_lineno=7,
                    end_col_offset=26),
                  Call(
                    Name(
                      'zip',
                      Load(),
                      lineno=7,
                      col_offset=28,
                      end_lineno=7,
                      end_col_offset=31),
                    [
                      Name(
                        'temp_row',
                        Load(),
                        lineno=7,
                        col_offset=32,
                        end_lineno=7,
                        end_col_offset=40),
                      Subscript(
                        Name(
                          'temp_row',
                          Load(),
                          lineno=7,
                          col_offset=42,
                          end_lineno=7,
                          end_col_offset=50),
                        Slice(
                          step=UnaryOp(
                            USub(),
                            Constant(
                              1,
                              lineno=7,
                              col_offset=54,
                              end_lineno=7,
                              end_col_offset=55),
                            lineno=7,
                            col_offset=53,
                            end_lineno=7,
                            end_col_offset=55),
                          lineno=7,
                          col_offset=51,
                          end_lineno=7,
                          end_col_offset=55),
                        Load(),
                        lineno=7,
                        col_offset=42,
                        end_lineno=7,
                        end_col_offset=56)],
                    [],
                    lineno=7,
                    col_offset=28,
                    end_lineno=7,
                    end_col_offset=57)],
                [],
                lineno=7,
                col_offset=19,
                end_lineno=7,
                end_col_offset=58)],
            [],
            lineno=7,
            col_offset=14,
            end_lineno=7,
            end_col_offset=59),
          lineno=7,
          col_offset=4,
          end_lineno=7,
          end_col_offset=59),
        Return(
          BinOp(
            List(
              [
                Name(
                  'previous_row',
                  Load(),
                  lineno=8,
                  col_offset=12,
                  end_lineno=8,
                  end_col_offset=24)],
              Load(),
              lineno=8,
              col_offset=11,
              end_lineno=8,
              end_col_offset=25),
            Add(),
            Call(
              Name(
                'rows',
                Load(),
                lineno=8,
                col_offset=28,
                end_lineno=8,
                end_col_offset=32),
              [
                BinOp(
                  Name(
                    'row_count',
                    Load(),
                    lineno=8,
                    col_offset=33,
                    end_lineno=8,
                    end_col_offset=42),
                  Sub(),
                  Constant(
                    1,
                    lineno=8,
                    col_offset=45,
                    end_lineno=8,
                    end_col_offset=46),
                  lineno=8,
                  col_offset=33,
                  end_lineno=8,
                  end_col_offset=46),
                Name(
                  'new_row',
                  Load(),
                  lineno=8,
                  col_offset=48,
                  end_lineno=8,
                  end_col_offset=55)],
              [],
              lineno=8,
              col_offset=28,
              end_lineno=8,
              end_col_offset=56),
            lineno=8,
            col_offset=11,
            end_lineno=8,
            end_col_offset=56),
          lineno=8,
          col_offset=4,
          end_lineno=8,
          end_col_offset=56)],
      [],
      lineno=1,
      col_offset=0,
      end_lineno=8,
      end_col_offset=56)],
  [])
## END TREE BEFORE ##

## BEGIN NORMALIZED TREE ##
Module(
  [
    FunctionDef(
      'placeholder_0',
      arguments(
        [],
        [
          arg(
            'placeholder_1',
            lineno=1,
            col_offset=9,
            end_lineno=1,
            end_col_offset=18),
          arg(
            'placeholder_2',
            lineno=1,
            col_offset=20,
            end_lineno=1,
            end_col_offset=32)],
        kwonlyargs=[],
        kw_defaults=[],
        defaults=[
          List(
            [
              Constant(
                1,
                lineno=1,
                col_offset=34,
                end_lineno=1,
                end_col_offset=35)],
            Load(),
            lineno=1,
            col_offset=33,
            end_lineno=1,
            end_col_offset=36)]),
      [
        If(
          Compare(
            Name(
              'placeholder_1',
              Load(),
              lineno=2,
              col_offset=7,
              end_lineno=2,
              end_col_offset=16),
            [
              Lt()],
            [
              Constant(
                0,
                lineno=2,
                col_offset=19,
                end_lineno=2,
                end_col_offset=20)],
            lineno=2,
            col_offset=7,
            end_lineno=2,
            end_col_offset=20),
          [
            Raise(
              Call(
                Name(
                  'ValueError',
                  Load(),
                  lineno=3,
                  col_offset=14,
                  end_lineno=3,
                  end_col_offset=24),
                [
                  Constant(
                    'number of rows is negative',
                    lineno=3,
                    col_offset=25,
                    end_lineno=3,
                    end_col_offset=53)],
                [],
                lineno=3,
                col_offset=14,
                end_lineno=3,
                end_col_offset=54),
              lineno=3,
              col_offset=8,
              end_lineno=3,
              end_col_offset=54)],
          [
            If(
              Compare(
                Name(
                  'placeholder_1',
                  Load(),
                  lineno=4,
                  col_offset=9,
                  end_lineno=4,
                  end_col_offset=18),
                [
                  Eq()],
                [
                  Constant(
                    0,
                    lineno=4,
                    col_offset=22,
                    end_lineno=4,
                    end_col_offset=23)],
                lineno=4,
                col_offset=9,
                end_lineno=4,
                end_col_offset=23),
              [
                Return(
                  List(
                    [],
                    Load(),
                    lineno=5,
                    col_offset=15,
                    end_lineno=5,
                    end_col_offset=17),
                  lineno=5,
                  col_offset=8,
                  end_lineno=5,
                  end_col_offset=17)],
              [],
              lineno=4,
              col_offset=4,
              end_lineno=5,
              end_col_offset=17)],
          lineno=2,
          col_offset=4,
          end_lineno=5,
          end_col_offset=17),
        Assign(
          [
            Name(
              'placeholder_3',
              Store(),
              lineno=6,
              col_offset=4,
              end_lineno=6,
              end_col_offset=12)],
          BinOp(
            Name(
              'placeholder_2',
              Load(),
              lineno=6,
              col_offset=15,
              end_lineno=6,
              end_col_offset=27),
            Add(),
            List(
              [
                Constant(
                  0,
                  lineno=6,
                  col_offset=31,
                  end_lineno=6,
                  end_col_offset=32)],
              Load(),
              lineno=6,
              col_offset=30,
              end_lineno=6,
              end_col_offset=33),
            lineno=6,
            col_offset=15,
            end_lineno=6,
            end_col_offset=33),
          lineno=6,
          col_offset=4,
          end_lineno=6,
          end_col_offset=33),
        Assign(
          [
            Name(
              'placeholder_4',
              Store(),
              lineno=7,
              col_offset=4,
              end_lineno=7,
              end_col_offset=11)],
          Call(
            Name(
              'list',
              Load(),
              lineno=7,
              col_offset=14,
              end_lineno=7,
              end_col_offset=18),
            [
              Call(
                Name(
                  'map',
                  Load(),
                  lineno=7,
                  col_offset=19,
                  end_lineno=7,
                  end_col_offset=22),
                [
                  Name(
                    'sum',
                    Load(),
                    lineno=7,
                    col_offset=23,
                    end_lineno=7,
                    end_col_offset=26),
                  Call(
                    Name(
                      'zip',
                      Load(),
                      lineno=7,
                      col_offset=28,
                      end_lineno=7,
                      end_col_offset=31),
                    [
                      Name(
                        'placeholder_3',
                        Load(),
                        lineno=7,
                        col_offset=32,
                        end_lineno=7,
                        end_col_offset=40),
                      Subscript(
                        Name(
                          'placeholder_3',
                          Load(),
                          lineno=7,
                          col_offset=42,
                          end_lineno=7,
                          end_col_offset=50),
                        Slice(
                          step=UnaryOp(
                            USub(),
                            Constant(
                              1,
                              lineno=7,
                              col_offset=54,
                              end_lineno=7,
                              end_col_offset=55),
                            lineno=7,
                            col_offset=53,
                            end_lineno=7,
                            end_col_offset=55),
                          lineno=7,
                          col_offset=51,
                          end_lineno=7,
                          end_col_offset=55),
                        Load(),
                        lineno=7,
                        col_offset=42,
                        end_lineno=7,
                        end_col_offset=56)],
                    [],
                    lineno=7,
                    col_offset=28,
                    end_lineno=7,
                    end_col_offset=57)],
                [],
                lineno=7,
                col_offset=19,
                end_lineno=7,
                end_col_offset=58)],
            [],
            lineno=7,
            col_offset=14,
            end_lineno=7,
            end_col_offset=59),
          lineno=7,
          col_offset=4,
          end_lineno=7,
          end_col_offset=59),
        Return(
          BinOp(
            List(
              [
                Name(
                  'placeholder_2',
                  Load(),
                  lineno=8,
                  col_offset=12,
                  end_lineno=8,
                  end_col_offset=24)],
              Load(),
              lineno=8,
              col_offset=11,
              end_lineno=8,
              end_col_offset=25),
            Add(),
            Call(
              Name(
                'placeholder_0',
                Load(),
                lineno=8,
                col_offset=28,
                end_lineno=8,
                end_col_offset=32),
              [
                BinOp(
                  Name(
                    'placeholder_1',
                    Load(),
                    lineno=8,
                    col_offset=33,
                    end_lineno=8,
                    end_col_offset=42),
                  Sub(),
                  Constant(
                    1,
                    lineno=8,
                    col_offset=45,
                    end_lineno=8,
                    end_col_offset=46),
                  lineno=8,
                  col_offset=33,
                  end_lineno=8,
                  end_col_offset=46),
                Name(
                  'placeholder_4',
                  Load(),
                  lineno=8,
                  col_offset=48,
                  end_lineno=8,
                  end_col_offset=55)],
              [],
              lineno=8,
              col_offset=28,
              end_lineno=8,
              end_col_offset=56),
            lineno=8,
            col_offset=11,
            end_lineno=8,
            end_col_offset=56),
          lineno=8,
          col_offset=4,
          end_lineno=8,
          end_col_offset=56)],
      [],
      lineno=1,
      col_offset=0,
      end_lineno=8,
      end_col_offset=56)],
  [])
## END NORMALIZED TREE ##