# BEGIN TREE BEFORE
Module(
  [
    ClassDef(
      'HighScores',
      [],
      [],
      [
        FunctionDef(
          '__init__',
          arguments(
            [],
            [
              arg(
                'self',
                lineno=2,
                col_offset=17,
                end_lineno=2,
                end_col_offset=21),
              arg(
                'scores',
                lineno=2,
                col_offset=23,
                end_lineno=2,
                end_col_offset=29)],
            kwonlyargs=[],
            kw_defaults=[],
            defaults=[]),
          [
            Assign(
              [
                Attribute(
                  Name(
                    'self',
                    Load(),
                    lineno=3,
                    col_offset=8,
                    end_lineno=3,
                    end_col_offset=12),
                  'scores',
                  Store(),
                  lineno=3,
                  col_offset=8,
                  end_lineno=3,
                  end_col_offset=19)],
              Name(
                'scores',
                Load(),
                lineno=3,
                col_offset=22,
                end_lineno=3,
                end_col_offset=28),
              lineno=3,
              col_offset=8,
              end_lineno=3,
              end_col_offset=28)],
          [],
          lineno=2,
          col_offset=4,
          end_lineno=3,
          end_col_offset=28),
        FunctionDef(
          'latest',
          arguments(
            [],
            [
              arg(
                'self',
                lineno=5,
                col_offset=15,
                end_lineno=5,
                end_col_offset=19)],
            kwonlyargs=[],
            kw_defaults=[],
            defaults=[]),
          [
            Return(
              Subscript(
                Attribute(
                  Name(
                    'self',
                    Load(),
                    lineno=6,
                    col_offset=15,
                    end_lineno=6,
                    end_col_offset=19),
                  'scores',
                  Load(),
                  lineno=6,
                  col_offset=15,
                  end_lineno=6,
                  end_col_offset=26),
                UnaryOp(
                  USub(),
                  Constant(
                    1,
                    lineno=6,
                    col_offset=28,
                    end_lineno=6,
                    end_col_offset=29),
                  lineno=6,
                  col_offset=27,
                  end_lineno=6,
                  end_col_offset=29),
                Load(),
                lineno=6,
                col_offset=15,
                end_lineno=6,
                end_col_offset=30),
              lineno=6,
              col_offset=8,
              end_lineno=6,
              end_col_offset=30)],
          [],
          lineno=5,
          col_offset=4,
          end_lineno=6,
          end_col_offset=30),
        FunctionDef(
          'personal_best',
          arguments(
            [],
            [
              arg(
                'self',
                lineno=8,
                col_offset=22,
                end_lineno=8,
                end_col_offset=26)],
            kwonlyargs=[],
            kw_defaults=[],
            defaults=[]),
          [
            Return(
              Call(
                Name(
                  'max',
                  Load(),
                  lineno=9,
                  col_offset=15,
                  end_lineno=9,
                  end_col_offset=18),
                [
                  Attribute(
                    Name(
                      'self',
                      Load(),
                      lineno=9,
                      col_offset=19,
                      end_lineno=9,
                      end_col_offset=23),
                    'scores',
                    Load(),
                    lineno=9,
                    col_offset=19,
                    end_lineno=9,
                    end_col_offset=30)],
                [],
                lineno=9,
                col_offset=15,
                end_lineno=9,
                end_col_offset=31),
              lineno=9,
              col_offset=8,
              end_lineno=9,
              end_col_offset=31)],
          [],
          lineno=8,
          col_offset=4,
          end_lineno=9,
          end_col_offset=31),
        FunctionDef(
          'personal_top_three',
          arguments(
            [],
            [
              arg(
                'self',
                lineno=11,
                col_offset=27,
                end_lineno=11,
                end_col_offset=31)],
            kwonlyargs=[],
            kw_defaults=[],
            defaults=[]),
          [
            Return(
              Subscript(
                Call(
                  Name(
                    'sorted',
                    Load(),
                    lineno=12,
                    col_offset=15,
                    end_lineno=12,
                    end_col_offset=21),
                  [
                    Attribute(
                      Name(
                        'self',
                        Load(),
                        lineno=12,
                        col_offset=22,
                        end_lineno=12,
                        end_col_offset=26),
                      'scores',
                      Load(),
                      lineno=12,
                      col_offset=22,
                      end_lineno=12,
                      end_col_offset=33)],
                  [
                    keyword(
                      'reverse',
                      Constant(
                        True,
                        lineno=12,
                        col_offset=43,
                        end_lineno=12,
                        end_col_offset=47),
                      lineno=12,
                      col_offset=35,
                      end_lineno=12,
                      end_col_offset=47)],
                  lineno=12,
                  col_offset=15,
                  end_lineno=12,
                  end_col_offset=48),
                Slice(
                  upper=Constant(
                    3,
                    lineno=12,
                    col_offset=50,
                    end_lineno=12,
                    end_col_offset=51),
                  lineno=12,
                  col_offset=49,
                  end_lineno=12,
                  end_col_offset=51),
                Load(),
                lineno=12,
                col_offset=15,
                end_lineno=12,
                end_col_offset=52),
              lineno=12,
              col_offset=8,
              end_lineno=12,
              end_col_offset=52)],
          [],
          lineno=11,
          col_offset=4,
          end_lineno=12,
          end_col_offset=52)],
      [],
      lineno=1,
      col_offset=0,
      end_lineno=12,
      end_col_offset=52)],
  [])

# BEGIN TREE AFTER
Module(
  [
    ClassDef(
      'placeholder_0',
      [],
      [],
      [
        FunctionDef(
          'placeholder_1',
          arguments(
            [],
            [
              arg(
                'self',
                lineno=2,
                col_offset=17,
                end_lineno=2,
                end_col_offset=21),
              arg(
                'placeholder_2',
                lineno=2,
                col_offset=23,
                end_lineno=2,
                end_col_offset=29)],
            kwonlyargs=[],
            kw_defaults=[],
            defaults=[]),
          [
            Assign(
              [
                Attribute(
                  Name(
                    'self',
                    Load(),
                    lineno=3,
                    col_offset=8,
                    end_lineno=3,
                    end_col_offset=12),
                  'placeholder_2',
                  Store(),
                  lineno=3,
                  col_offset=8,
                  end_lineno=3,
                  end_col_offset=19)],
              Name(
                'placeholder_2',
                Load(),
                lineno=3,
                col_offset=22,
                end_lineno=3,
                end_col_offset=28),
              lineno=3,
              col_offset=8,
              end_lineno=3,
              end_col_offset=28)],
          [],
          lineno=2,
          col_offset=4,
          end_lineno=3,
          end_col_offset=28),
        FunctionDef(
          'placeholder_3',
          arguments(
            [],
            [
              arg(
                'self',
                lineno=5,
                col_offset=15,
                end_lineno=5,
                end_col_offset=19)],
            kwonlyargs=[],
            kw_defaults=[],
            defaults=[]),
          [
            Return(
              Subscript(
                Attribute(
                  Name(
                    'self',
                    Load(),
                    lineno=6,
                    col_offset=15,
                    end_lineno=6,
                    end_col_offset=19),
                  'placeholder_2',
                  Load(),
                  lineno=6,
                  col_offset=15,
                  end_lineno=6,
                  end_col_offset=26),
                UnaryOp(
                  USub(),
                  Constant(
                    1,
                    lineno=6,
                    col_offset=28,
                    end_lineno=6,
                    end_col_offset=29),
                  lineno=6,
                  col_offset=27,
                  end_lineno=6,
                  end_col_offset=29),
                Load(),
                lineno=6,
                col_offset=15,
                end_lineno=6,
                end_col_offset=30),
              lineno=6,
              col_offset=8,
              end_lineno=6,
              end_col_offset=30)],
          [],
          lineno=5,
          col_offset=4,
          end_lineno=6,
          end_col_offset=30),
        FunctionDef(
          'placeholder_4',
          arguments(
            [],
            [
              arg(
                'self',
                lineno=8,
                col_offset=22,
                end_lineno=8,
                end_col_offset=26)],
            kwonlyargs=[],
            kw_defaults=[],
            defaults=[]),
          [
            Return(
              Call(
                Name(
                  'max',
                  Load(),
                  lineno=9,
                  col_offset=15,
                  end_lineno=9,
                  end_col_offset=18),
                [
                  Attribute(
                    Name(
                      'self',
                      Load(),
                      lineno=9,
                      col_offset=19,
                      end_lineno=9,
                      end_col_offset=23),
                    'placeholder_2',
                    Load(),
                    lineno=9,
                    col_offset=19,
                    end_lineno=9,
                    end_col_offset=30)],
                [],
                lineno=9,
                col_offset=15,
                end_lineno=9,
                end_col_offset=31),
              lineno=9,
              col_offset=8,
              end_lineno=9,
              end_col_offset=31)],
          [],
          lineno=8,
          col_offset=4,
          end_lineno=9,
          end_col_offset=31),
        FunctionDef(
          'placeholder_5',
          arguments(
            [],
            [
              arg(
                'self',
                lineno=11,
                col_offset=27,
                end_lineno=11,
                end_col_offset=31)],
            kwonlyargs=[],
            kw_defaults=[],
            defaults=[]),
          [
            Return(
              Subscript(
                Call(
                  Name(
                    'sorted',
                    Load(),
                    lineno=12,
                    col_offset=15,
                    end_lineno=12,
                    end_col_offset=21),
                  [
                    Attribute(
                      Name(
                        'self',
                        Load(),
                        lineno=12,
                        col_offset=22,
                        end_lineno=12,
                        end_col_offset=26),
                      'placeholder_2',
                      Load(),
                      lineno=12,
                      col_offset=22,
                      end_lineno=12,
                      end_col_offset=33)],
                  [
                    keyword(
                      'placeholder_6',
                      Constant(
                        True,
                        lineno=12,
                        col_offset=43,
                        end_lineno=12,
                        end_col_offset=47),
                      lineno=12,
                      col_offset=35,
                      end_lineno=12,
                      end_col_offset=47)],
                  lineno=12,
                  col_offset=15,
                  end_lineno=12,
                  end_col_offset=48),
                Slice(
                  upper=Constant(
                    3,
                    lineno=12,
                    col_offset=50,
                    end_lineno=12,
                    end_col_offset=51),
                  lineno=12,
                  col_offset=49,
                  end_lineno=12,
                  end_col_offset=51),
                Load(),
                lineno=12,
                col_offset=15,
                end_lineno=12,
                end_col_offset=52),
              lineno=12,
              col_offset=8,
              end_lineno=12,
              end_col_offset=52)],
          [],
          lineno=11,
          col_offset=4,
          end_lineno=12,
          end_col_offset=52)],
      [],
      lineno=1,
      col_offset=0,
      end_lineno=12,
      end_col_offset=52)],
  [])

# BEGIN NORMALIZED CODE AFTER
class placeholder_0:
    def placeholder_1(self, placeholder_2):
        self.placeholder_2 = placeholder_2

    def placeholder_3(self):
        return self.placeholder_2[-1]

    def placeholder_4(self):
        return max(self.placeholder_2)

    def placeholder_5(self):
        return sorted(self.placeholder_2, placeholder_6=True)[:3]
