# BEGIN TREE BEFORE
Module(
  [
    Import(
      [
        alias(
          'itertools',
          lineno=1,
          col_offset=7,
          end_lineno=1,
          end_col_offset=16)],
      lineno=1,
      col_offset=0,
      end_lineno=1,
      end_col_offset=16),
    FunctionDef(
      'combinations',
      arguments(
        [],
        [
          arg(
            'target',
            lineno=3,
            col_offset=17,
            end_lineno=3,
            end_col_offset=23),
          arg(
            'size',
            lineno=3,
            col_offset=25,
            end_lineno=3,
            end_col_offset=29),
          arg(
            'exclude',
            lineno=3,
            col_offset=31,
            end_lineno=3,
            end_col_offset=38)],
        kwonlyargs=[],
        kw_defaults=[],
        defaults=[]),
      [
        Assign(
          [
            Name(
              'result',
              Store(),
              lineno=4,
              col_offset=4,
              end_lineno=4,
              end_col_offset=10)],
          List(
            [],
            Load(),
            lineno=4,
            col_offset=13,
            end_lineno=4,
            end_col_offset=15),
          lineno=4,
          col_offset=4,
          end_lineno=4,
          end_col_offset=15),
        Assign(
          [
            Name(
              'possible',
              Store(),
              lineno=5,
              col_offset=4,
              end_lineno=5,
              end_col_offset=12)],
          ListComp(
            Name(
              'index',
              Load(),
              lineno=5,
              col_offset=16,
              end_lineno=5,
              end_col_offset=21),
            [
              comprehension(
                Name(
                  'index',
                  Store(),
                  lineno=5,
                  col_offset=26,
                  end_lineno=5,
                  end_col_offset=31),
                Call(
                  Name(
                    'range',
                    Load(),
                    lineno=6,
                    col_offset=16,
                    end_lineno=6,
                    end_col_offset=21),
                  [
                    Constant(
                      1,
                      lineno=6,
                      col_offset=22,
                      end_lineno=6,
                      end_col_offset=23),
                    Call(
                      Name(
                        'int',
                        Load(),
                        lineno=6,
                        col_offset=25,
                        end_lineno=6,
                        end_col_offset=28),
                      [
                        BinOp(
                          BinOp(
                            BinOp(
                              Name(
                                'target',
                                Load(),
                                lineno=6,
                                col_offset=30,
                                end_lineno=6,
                                end_col_offset=36),
                              Pow(),
                              Constant(
                                2,
                                lineno=6,
                                col_offset=40,
                                end_lineno=6,
                                end_col_offset=41),
                              lineno=6,
                              col_offset=30,
                              end_lineno=6,
                              end_col_offset=41),
                            Div(),
                            Name(
                              'size',
                              Load(),
                              lineno=6,
                              col_offset=43,
                              end_lineno=6,
                              end_col_offset=47),
                            lineno=6,
                            col_offset=30,
                            end_lineno=6,
                            end_col_offset=47),
                          Pow(),
                          Constant(
                            0.6,
                            lineno=6,
                            col_offset=52,
                            end_lineno=6,
                            end_col_offset=55),
                          lineno=6,
                          col_offset=29,
                          end_lineno=6,
                          end_col_offset=55)],
                      [],
                      lineno=6,
                      col_offset=25,
                      end_lineno=6,
                      end_col_offset=56)],
                  [],
                  lineno=6,
                  col_offset=16,
                  end_lineno=6,
                  end_col_offset=57),
                [
                  Compare(
                    Name(
                      'index',
                      Load(),
                      lineno=7,
                      col_offset=19,
                      end_lineno=7,
                      end_col_offset=24),
                    [
                      NotIn()],
                    [
                      Name(
                        'exclude',
                        Load(),
                        lineno=7,
                        col_offset=32,
                        end_lineno=7,
                        end_col_offset=39)],
                    lineno=7,
                    col_offset=19,
                    end_lineno=7,
                    end_col_offset=39)],
                0)],
            lineno=5,
            col_offset=15,
            end_lineno=7,
            end_col_offset=40),
          lineno=5,
          col_offset=4,
          end_lineno=7,
          end_col_offset=40),
        If(
          Compare(
            Name(
              'size',
              Load(),
              lineno=9,
              col_offset=7,
              end_lineno=9,
              end_col_offset=11),
            [
              Eq()],
            [
              Constant(
                1,
                lineno=9,
                col_offset=15,
                end_lineno=9,
                end_col_offset=16)],
            lineno=9,
            col_offset=7,
            end_lineno=9,
            end_col_offset=16),
          [
            Return(
              List(
                [
                  List(
                    [
                      Name(
                        'target',
                        Load(),
                        lineno=10,
                        col_offset=17,
                        end_lineno=10,
                        end_col_offset=23)],
                    Load(),
                    lineno=10,
                    col_offset=16,
                    end_lineno=10,
                    end_col_offset=24)],
                Load(),
                lineno=10,
                col_offset=15,
                end_lineno=10,
                end_col_offset=25),
              lineno=10,
              col_offset=8,
              end_lineno=10,
              end_col_offset=25)],
          [
            For(
              Name(
                'index',
                Store(),
                lineno=12,
                col_offset=12,
                end_lineno=12,
                end_col_offset=17),
              Call(
                Name(
                  'range',
                  Load(),
                  lineno=12,
                  col_offset=21,
                  end_lineno=12,
                  end_col_offset=26),
                [
                  Call(
                    Name(
                      'len',
                      Load(),
                      lineno=12,
                      col_offset=27,
                      end_lineno=12,
                      end_col_offset=30),
                    [
                      Name(
                        'possible',
                        Load(),
                        lineno=12,
                        col_offset=31,
                        end_lineno=12,
                        end_col_offset=39)],
                    [],
                    lineno=12,
                    col_offset=27,
                    end_lineno=12,
                    end_col_offset=40),
                  Constant(
                    0,
                    lineno=12,
                    col_offset=42,
                    end_lineno=12,
                    end_col_offset=43),
                  UnaryOp(
                    USub(),
                    Constant(
                      1,
                      lineno=12,
                      col_offset=46,
                      end_lineno=12,
                      end_col_offset=47),
                    lineno=12,
                    col_offset=45,
                    end_lineno=12,
                    end_col_offset=47)],
                [],
                lineno=12,
                col_offset=21,
                end_lineno=12,
                end_col_offset=48),
              [
                For(
                  Name(
                    'seq',
                    Store(),
                    lineno=13,
                    col_offset=16,
                    end_lineno=13,
                    end_col_offset=19),
                  Call(
                    Attribute(
                      Name(
                        'itertools',
                        Load(),
                        lineno=13,
                        col_offset=23,
                        end_lineno=13,
                        end_col_offset=32),
                      'combinations',
                      Load(),
                      lineno=13,
                      col_offset=23,
                      end_lineno=13,
                      end_col_offset=45),
                    [
                      Name(
                        'possible',
                        Load(),
                        lineno=13,
                        col_offset=46,
                        end_lineno=13,
                        end_col_offset=54),
                      Name(
                        'index',
                        Load(),
                        lineno=13,
                        col_offset=56,
                        end_lineno=13,
                        end_col_offset=61)],
                    [],
                    lineno=13,
                    col_offset=23,
                    end_lineno=13,
                    end_col_offset=62),
                  [
                    If(
                      BoolOp(
                        And(),
                        [
                          Compare(
                            Call(
                              Name(
                                'sum',
                                Load(),
                                lineno=14,
                                col_offset=19,
                                end_lineno=14,
                                end_col_offset=22),
                              [
                                Name(
                                  'seq',
                                  Load(),
                                  lineno=14,
                                  col_offset=23,
                                  end_lineno=14,
                                  end_col_offset=26)],
                              [],
                              lineno=14,
                              col_offset=19,
                              end_lineno=14,
                              end_col_offset=27),
                            [
                              Eq()],
                            [
                              Name(
                                'target',
                                Load(),
                                lineno=14,
                                col_offset=31,
                                end_lineno=14,
                                end_col_offset=37)],
                            lineno=14,
                            col_offset=19,
                            end_lineno=14,
                            end_col_offset=37),
                          Compare(
                            Call(
                              Name(
                                'len',
                                Load(),
                                lineno=14,
                                col_offset=42,
                                end_lineno=14,
                                end_col_offset=45),
                              [
                                Name(
                                  'seq',
                                  Load(),
                                  lineno=14,
                                  col_offset=46,
                                  end_lineno=14,
                                  end_col_offset=49)],
                              [],
                              lineno=14,
                              col_offset=42,
                              end_lineno=14,
                              end_col_offset=50),
                            [
                              Eq()],
                            [
                              Name(
                                'size',
                                Load(),
                                lineno=14,
                                col_offset=54,
                                end_lineno=14,
                                end_col_offset=58)],
                            lineno=14,
                            col_offset=42,
                            end_lineno=14,
                            end_col_offset=58)],
                        lineno=14,
                        col_offset=19,
                        end_lineno=14,
                        end_col_offset=58),
                      [
                        Expr(
                          Call(
                            Attribute(
                              Name(
                                'result',
                                Load(),
                                lineno=15,
                                col_offset=20,
                                end_lineno=15,
                                end_col_offset=26),
                              'append',
                              Load(),
                              lineno=15,
                              col_offset=20,
                              end_lineno=15,
                              end_col_offset=33),
                            [
                              Call(
                                Name(
                                  'list',
                                  Load(),
                                  lineno=15,
                                  col_offset=34,
                                  end_lineno=15,
                                  end_col_offset=38),
                                [
                                  Name(
                                    'seq',
                                    Load(),
                                    lineno=15,
                                    col_offset=39,
                                    end_lineno=15,
                                    end_col_offset=42)],
                                [],
                                lineno=15,
                                col_offset=34,
                                end_lineno=15,
                                end_col_offset=43)],
                            [],
                            lineno=15,
                            col_offset=20,
                            end_lineno=15,
                            end_col_offset=44),
                          lineno=15,
                          col_offset=20,
                          end_lineno=15,
                          end_col_offset=44)],
                      [],
                      lineno=14,
                      col_offset=16,
                      end_lineno=15,
                      end_col_offset=44)],
                  [],
                  lineno=13,
                  col_offset=12,
                  end_lineno=15,
                  end_col_offset=44)],
              [],
              lineno=12,
              col_offset=8,
              end_lineno=15,
              end_col_offset=44)],
          lineno=9,
          col_offset=4,
          end_lineno=15,
          end_col_offset=44),
        Return(
          Name(
            'result',
            Load(),
            lineno=16,
            col_offset=11,
            end_lineno=16,
            end_col_offset=17),
          lineno=16,
          col_offset=4,
          end_lineno=16,
          end_col_offset=17)],
      [],
      lineno=3,
      col_offset=0,
      end_lineno=16,
      end_col_offset=17)],
  [])

# BEGIN TREE AFTER
Module(
  [
    Import(
      [
        alias(
          'itertools',
          lineno=1,
          col_offset=7,
          end_lineno=1,
          end_col_offset=16)],
      lineno=1,
      col_offset=0,
      end_lineno=1,
      end_col_offset=16),
    FunctionDef(
      'placeholder_0',
      arguments(
        [],
        [
          arg(
            'placeholder_1',
            lineno=3,
            col_offset=17,
            end_lineno=3,
            end_col_offset=23),
          arg(
            'placeholder_2',
            lineno=3,
            col_offset=25,
            end_lineno=3,
            end_col_offset=29),
          arg(
            'placeholder_3',
            lineno=3,
            col_offset=31,
            end_lineno=3,
            end_col_offset=38)],
        kwonlyargs=[],
        kw_defaults=[],
        defaults=[]),
      [
        Assign(
          [
            Name(
              'placeholder_4',
              Store(),
              lineno=4,
              col_offset=4,
              end_lineno=4,
              end_col_offset=10)],
          List(
            [],
            Load(),
            lineno=4,
            col_offset=13,
            end_lineno=4,
            end_col_offset=15),
          lineno=4,
          col_offset=4,
          end_lineno=4,
          end_col_offset=15),
        Assign(
          [
            Name(
              'placeholder_5',
              Store(),
              lineno=5,
              col_offset=4,
              end_lineno=5,
              end_col_offset=12)],
          ListComp(
            Name(
              'placeholder_6',
              Load(),
              lineno=5,
              col_offset=16,
              end_lineno=5,
              end_col_offset=21),
            [
              comprehension(
                Name(
                  'placeholder_6',
                  Store(),
                  lineno=5,
                  col_offset=26,
                  end_lineno=5,
                  end_col_offset=31),
                Call(
                  Name(
                    'range',
                    Load(),
                    lineno=6,
                    col_offset=16,
                    end_lineno=6,
                    end_col_offset=21),
                  [
                    Constant(
                      1,
                      lineno=6,
                      col_offset=22,
                      end_lineno=6,
                      end_col_offset=23),
                    Call(
                      Name(
                        'int',
                        Load(),
                        lineno=6,
                        col_offset=25,
                        end_lineno=6,
                        end_col_offset=28),
                      [
                        BinOp(
                          BinOp(
                            BinOp(
                              Name(
                                'placeholder_1',
                                Load(),
                                lineno=6,
                                col_offset=30,
                                end_lineno=6,
                                end_col_offset=36),
                              Pow(),
                              Constant(
                                2,
                                lineno=6,
                                col_offset=40,
                                end_lineno=6,
                                end_col_offset=41),
                              lineno=6,
                              col_offset=30,
                              end_lineno=6,
                              end_col_offset=41),
                            Div(),
                            Name(
                              'placeholder_2',
                              Load(),
                              lineno=6,
                              col_offset=43,
                              end_lineno=6,
                              end_col_offset=47),
                            lineno=6,
                            col_offset=30,
                            end_lineno=6,
                            end_col_offset=47),
                          Pow(),
                          Constant(
                            0.6,
                            lineno=6,
                            col_offset=52,
                            end_lineno=6,
                            end_col_offset=55),
                          lineno=6,
                          col_offset=29,
                          end_lineno=6,
                          end_col_offset=55)],
                      [],
                      lineno=6,
                      col_offset=25,
                      end_lineno=6,
                      end_col_offset=56)],
                  [],
                  lineno=6,
                  col_offset=16,
                  end_lineno=6,
                  end_col_offset=57),
                [
                  Compare(
                    Name(
                      'placeholder_6',
                      Load(),
                      lineno=7,
                      col_offset=19,
                      end_lineno=7,
                      end_col_offset=24),
                    [
                      NotIn()],
                    [
                      Name(
                        'placeholder_3',
                        Load(),
                        lineno=7,
                        col_offset=32,
                        end_lineno=7,
                        end_col_offset=39)],
                    lineno=7,
                    col_offset=19,
                    end_lineno=7,
                    end_col_offset=39)],
                0)],
            lineno=5,
            col_offset=15,
            end_lineno=7,
            end_col_offset=40),
          lineno=5,
          col_offset=4,
          end_lineno=7,
          end_col_offset=40),
        If(
          Compare(
            Name(
              'placeholder_2',
              Load(),
              lineno=9,
              col_offset=7,
              end_lineno=9,
              end_col_offset=11),
            [
              Eq()],
            [
              Constant(
                1,
                lineno=9,
                col_offset=15,
                end_lineno=9,
                end_col_offset=16)],
            lineno=9,
            col_offset=7,
            end_lineno=9,
            end_col_offset=16),
          [
            Return(
              List(
                [
                  List(
                    [
                      Name(
                        'placeholder_1',
                        Load(),
                        lineno=10,
                        col_offset=17,
                        end_lineno=10,
                        end_col_offset=23)],
                    Load(),
                    lineno=10,
                    col_offset=16,
                    end_lineno=10,
                    end_col_offset=24)],
                Load(),
                lineno=10,
                col_offset=15,
                end_lineno=10,
                end_col_offset=25),
              lineno=10,
              col_offset=8,
              end_lineno=10,
              end_col_offset=25)],
          [
            For(
              Name(
                'placeholder_6',
                Store(),
                lineno=12,
                col_offset=12,
                end_lineno=12,
                end_col_offset=17),
              Call(
                Name(
                  'range',
                  Load(),
                  lineno=12,
                  col_offset=21,
                  end_lineno=12,
                  end_col_offset=26),
                [
                  Call(
                    Name(
                      'len',
                      Load(),
                      lineno=12,
                      col_offset=27,
                      end_lineno=12,
                      end_col_offset=30),
                    [
                      Name(
                        'placeholder_5',
                        Load(),
                        lineno=12,
                        col_offset=31,
                        end_lineno=12,
                        end_col_offset=39)],
                    [],
                    lineno=12,
                    col_offset=27,
                    end_lineno=12,
                    end_col_offset=40),
                  Constant(
                    0,
                    lineno=12,
                    col_offset=42,
                    end_lineno=12,
                    end_col_offset=43),
                  UnaryOp(
                    USub(),
                    Constant(
                      1,
                      lineno=12,
                      col_offset=46,
                      end_lineno=12,
                      end_col_offset=47),
                    lineno=12,
                    col_offset=45,
                    end_lineno=12,
                    end_col_offset=47)],
                [],
                lineno=12,
                col_offset=21,
                end_lineno=12,
                end_col_offset=48),
              [
                For(
                  Name(
                    'placeholder_7',
                    Store(),
                    lineno=13,
                    col_offset=16,
                    end_lineno=13,
                    end_col_offset=19),
                  Call(
                    Attribute(
                      Name(
                        'itertools',
                        Load(),
                        lineno=13,
                        col_offset=23,
                        end_lineno=13,
                        end_col_offset=32),
                      'placeholder_0',
                      Load(),
                      lineno=13,
                      col_offset=23,
                      end_lineno=13,
                      end_col_offset=45),
                    [
                      Name(
                        'placeholder_5',
                        Load(),
                        lineno=13,
                        col_offset=46,
                        end_lineno=13,
                        end_col_offset=54),
                      Name(
                        'placeholder_6',
                        Load(),
                        lineno=13,
                        col_offset=56,
                        end_lineno=13,
                        end_col_offset=61)],
                    [],
                    lineno=13,
                    col_offset=23,
                    end_lineno=13,
                    end_col_offset=62),
                  [
                    If(
                      BoolOp(
                        And(),
                        [
                          Compare(
                            Call(
                              Name(
                                'sum',
                                Load(),
                                lineno=14,
                                col_offset=19,
                                end_lineno=14,
                                end_col_offset=22),
                              [
                                Name(
                                  'placeholder_7',
                                  Load(),
                                  lineno=14,
                                  col_offset=23,
                                  end_lineno=14,
                                  end_col_offset=26)],
                              [],
                              lineno=14,
                              col_offset=19,
                              end_lineno=14,
                              end_col_offset=27),
                            [
                              Eq()],
                            [
                              Name(
                                'placeholder_1',
                                Load(),
                                lineno=14,
                                col_offset=31,
                                end_lineno=14,
                                end_col_offset=37)],
                            lineno=14,
                            col_offset=19,
                            end_lineno=14,
                            end_col_offset=37),
                          Compare(
                            Call(
                              Name(
                                'len',
                                Load(),
                                lineno=14,
                                col_offset=42,
                                end_lineno=14,
                                end_col_offset=45),
                              [
                                Name(
                                  'placeholder_7',
                                  Load(),
                                  lineno=14,
                                  col_offset=46,
                                  end_lineno=14,
                                  end_col_offset=49)],
                              [],
                              lineno=14,
                              col_offset=42,
                              end_lineno=14,
                              end_col_offset=50),
                            [
                              Eq()],
                            [
                              Name(
                                'placeholder_2',
                                Load(),
                                lineno=14,
                                col_offset=54,
                                end_lineno=14,
                                end_col_offset=58)],
                            lineno=14,
                            col_offset=42,
                            end_lineno=14,
                            end_col_offset=58)],
                        lineno=14,
                        col_offset=19,
                        end_lineno=14,
                        end_col_offset=58),
                      [
                        Expr(
                          Call(
                            Attribute(
                              Name(
                                'placeholder_4',
                                Load(),
                                lineno=15,
                                col_offset=20,
                                end_lineno=15,
                                end_col_offset=26),
                              'append',
                              Load(),
                              lineno=15,
                              col_offset=20,
                              end_lineno=15,
                              end_col_offset=33),
                            [
                              Call(
                                Name(
                                  'list',
                                  Load(),
                                  lineno=15,
                                  col_offset=34,
                                  end_lineno=15,
                                  end_col_offset=38),
                                [
                                  Name(
                                    'placeholder_7',
                                    Load(),
                                    lineno=15,
                                    col_offset=39,
                                    end_lineno=15,
                                    end_col_offset=42)],
                                [],
                                lineno=15,
                                col_offset=34,
                                end_lineno=15,
                                end_col_offset=43)],
                            [],
                            lineno=15,
                            col_offset=20,
                            end_lineno=15,
                            end_col_offset=44),
                          lineno=15,
                          col_offset=20,
                          end_lineno=15,
                          end_col_offset=44)],
                      [],
                      lineno=14,
                      col_offset=16,
                      end_lineno=15,
                      end_col_offset=44)],
                  [],
                  lineno=13,
                  col_offset=12,
                  end_lineno=15,
                  end_col_offset=44)],
              [],
              lineno=12,
              col_offset=8,
              end_lineno=15,
              end_col_offset=44)],
          lineno=9,
          col_offset=4,
          end_lineno=15,
          end_col_offset=44),
        Return(
          Name(
            'placeholder_4',
            Load(),
            lineno=16,
            col_offset=11,
            end_lineno=16,
            end_col_offset=17),
          lineno=16,
          col_offset=4,
          end_lineno=16,
          end_col_offset=17)],
      [],
      lineno=3,
      col_offset=0,
      end_lineno=16,
      end_col_offset=17)],
  [])

# BEGIN NORMALIZED CODE AFTER
import itertools


def placeholder_0(placeholder_1, placeholder_2, placeholder_3):
    placeholder_4 = []
    placeholder_5 = [
        placeholder_6
        for placeholder_6 in range(1, int((placeholder_1**2 / placeholder_2) ** 0.6))
        if placeholder_6 not in placeholder_3
    ]
    if placeholder_2 == 1:
        return [[placeholder_1]]
    else:
        for placeholder_6 in range(len(placeholder_5), 0, -1):
            for placeholder_7 in itertools.placeholder_0(placeholder_5, placeholder_6):
                if (
                    sum(placeholder_7) == placeholder_1
                    and len(placeholder_7) == placeholder_2
                ):
                    placeholder_4.append(list(placeholder_7))
    return placeholder_4
