## BEGIN NORMALIZED CODE ##
def placeholder_0(placeholder_1):
    placeholder_1 = placeholder_1.strip()
    if _is_silence(placeholder_1):
        return "Fine. Be that way!"
    if _is_shouting(placeholder_1):
        if _is_question(placeholder_1):
            return "Calm down, I know what I'm doing!"
        else:
            return "Whoa, chill out!"
    elif _is_question(placeholder_1):
        return "Sure."
    else:
        return "Whatever."


def placeholder_2(placeholder_1):
    return placeholder_1 == ""


def placeholder_3(placeholder_1):
    return placeholder_1.isupper()


def placeholder_4(placeholder_1):
    return placeholder_1.endswith("?")

## END NORMALIZED CODE ##

## BEGIN TREE BEFORE ##
Module(
  [
    FunctionDef(
      'response',
      arguments(
        [],
        [
          arg(
            'hey_bob',
            lineno=1,
            col_offset=13,
            end_lineno=1,
            end_col_offset=20)],
        kwonlyargs=[],
        kw_defaults=[],
        defaults=[]),
      [
        Assign(
          [
            Name(
              'hey_bob',
              Store(),
              lineno=2,
              col_offset=4,
              end_lineno=2,
              end_col_offset=11)],
          Call(
            Attribute(
              Name(
                'hey_bob',
                Load(),
                lineno=2,
                col_offset=14,
                end_lineno=2,
                end_col_offset=21),
              'strip',
              Load(),
              lineno=2,
              col_offset=14,
              end_lineno=2,
              end_col_offset=27),
            [],
            [],
            lineno=2,
            col_offset=14,
            end_lineno=2,
            end_col_offset=29),
          lineno=2,
          col_offset=4,
          end_lineno=2,
          end_col_offset=29),
        If(
          Call(
            Name(
              '_is_silence',
              Load(),
              lineno=4,
              col_offset=7,
              end_lineno=4,
              end_col_offset=18),
            [
              Name(
                'hey_bob',
                Load(),
                lineno=4,
                col_offset=19,
                end_lineno=4,
                end_col_offset=26)],
            [],
            lineno=4,
            col_offset=7,
            end_lineno=4,
            end_col_offset=27),
          [
            Return(
              Constant(
                'Fine. Be that way!',
                lineno=5,
                col_offset=15,
                end_lineno=5,
                end_col_offset=35),
              lineno=5,
              col_offset=8,
              end_lineno=5,
              end_col_offset=35)],
          [],
          lineno=4,
          col_offset=4,
          end_lineno=5,
          end_col_offset=35),
        If(
          Call(
            Name(
              '_is_shouting',
              Load(),
              lineno=6,
              col_offset=7,
              end_lineno=6,
              end_col_offset=19),
            [
              Name(
                'hey_bob',
                Load(),
                lineno=6,
                col_offset=20,
                end_lineno=6,
                end_col_offset=27)],
            [],
            lineno=6,
            col_offset=7,
            end_lineno=6,
            end_col_offset=28),
          [
            If(
              Call(
                Name(
                  '_is_question',
                  Load(),
                  lineno=7,
                  col_offset=11,
                  end_lineno=7,
                  end_col_offset=23),
                [
                  Name(
                    'hey_bob',
                    Load(),
                    lineno=7,
                    col_offset=24,
                    end_lineno=7,
                    end_col_offset=31)],
                [],
                lineno=7,
                col_offset=11,
                end_lineno=7,
                end_col_offset=32),
              [
                Return(
                  Constant(
                    "Calm down, I know what I'm doing!",
                    lineno=8,
                    col_offset=19,
                    end_lineno=8,
                    end_col_offset=54),
                  lineno=8,
                  col_offset=12,
                  end_lineno=8,
                  end_col_offset=54)],
              [
                Return(
                  Constant(
                    'Whoa, chill out!',
                    lineno=10,
                    col_offset=19,
                    end_lineno=10,
                    end_col_offset=37),
                  lineno=10,
                  col_offset=12,
                  end_lineno=10,
                  end_col_offset=37)],
              lineno=7,
              col_offset=8,
              end_lineno=10,
              end_col_offset=37)],
          [
            If(
              Call(
                Name(
                  '_is_question',
                  Load(),
                  lineno=11,
                  col_offset=9,
                  end_lineno=11,
                  end_col_offset=21),
                [
                  Name(
                    'hey_bob',
                    Load(),
                    lineno=11,
                    col_offset=22,
                    end_lineno=11,
                    end_col_offset=29)],
                [],
                lineno=11,
                col_offset=9,
                end_lineno=11,
                end_col_offset=30),
              [
                Return(
                  Constant(
                    'Sure.',
                    lineno=12,
                    col_offset=15,
                    end_lineno=12,
                    end_col_offset=22),
                  lineno=12,
                  col_offset=8,
                  end_lineno=12,
                  end_col_offset=22)],
              [
                Return(
                  Constant(
                    'Whatever.',
                    lineno=14,
                    col_offset=15,
                    end_lineno=14,
                    end_col_offset=26),
                  lineno=14,
                  col_offset=8,
                  end_lineno=14,
                  end_col_offset=26)],
              lineno=11,
              col_offset=4,
              end_lineno=14,
              end_col_offset=26)],
          lineno=6,
          col_offset=4,
          end_lineno=14,
          end_col_offset=26)],
      [],
      lineno=1,
      col_offset=0,
      end_lineno=14,
      end_col_offset=26),
    FunctionDef(
      '_is_silence',
      arguments(
        [],
        [
          arg(
            'hey_bob',
            lineno=17,
            col_offset=16,
            end_lineno=17,
            end_col_offset=23)],
        kwonlyargs=[],
        kw_defaults=[],
        defaults=[]),
      [
        Return(
          Compare(
            Name(
              'hey_bob',
              Load(),
              lineno=18,
              col_offset=11,
              end_lineno=18,
              end_col_offset=18),
            [
              Eq()],
            [
              Constant(
                '',
                lineno=18,
                col_offset=22,
                end_lineno=18,
                end_col_offset=24)],
            lineno=18,
            col_offset=11,
            end_lineno=18,
            end_col_offset=24),
          lineno=18,
          col_offset=4,
          end_lineno=18,
          end_col_offset=24)],
      [],
      lineno=17,
      col_offset=0,
      end_lineno=18,
      end_col_offset=24),
    FunctionDef(
      '_is_shouting',
      arguments(
        [],
        [
          arg(
            'hey_bob',
            lineno=21,
            col_offset=17,
            end_lineno=21,
            end_col_offset=24)],
        kwonlyargs=[],
        kw_defaults=[],
        defaults=[]),
      [
        Return(
          Call(
            Attribute(
              Name(
                'hey_bob',
                Load(),
                lineno=22,
                col_offset=11,
                end_lineno=22,
                end_col_offset=18),
              'isupper',
              Load(),
              lineno=22,
              col_offset=11,
              end_lineno=22,
              end_col_offset=26),
            [],
            [],
            lineno=22,
            col_offset=11,
            end_lineno=22,
            end_col_offset=28),
          lineno=22,
          col_offset=4,
          end_lineno=22,
          end_col_offset=28)],
      [],
      lineno=21,
      col_offset=0,
      end_lineno=22,
      end_col_offset=28),
    FunctionDef(
      '_is_question',
      arguments(
        [],
        [
          arg(
            'hey_bob',
            lineno=25,
            col_offset=17,
            end_lineno=25,
            end_col_offset=24)],
        kwonlyargs=[],
        kw_defaults=[],
        defaults=[]),
      [
        Return(
          Call(
            Attribute(
              Name(
                'hey_bob',
                Load(),
                lineno=26,
                col_offset=11,
                end_lineno=26,
                end_col_offset=18),
              'endswith',
              Load(),
              lineno=26,
              col_offset=11,
              end_lineno=26,
              end_col_offset=27),
            [
              Constant(
                '?',
                lineno=26,
                col_offset=28,
                end_lineno=26,
                end_col_offset=31)],
            [],
            lineno=26,
            col_offset=11,
            end_lineno=26,
            end_col_offset=32),
          lineno=26,
          col_offset=4,
          end_lineno=26,
          end_col_offset=32)],
      [],
      lineno=25,
      col_offset=0,
      end_lineno=26,
      end_col_offset=32)],
  [])
## END TREE BEFORE ##

## BEGIN NORMALIZED TREE ##
Module(
  [
    FunctionDef(
      'placeholder_0',
      arguments(
        [],
        [
          arg(
            'placeholder_1',
            lineno=1,
            col_offset=13,
            end_lineno=1,
            end_col_offset=20)],
        kwonlyargs=[],
        kw_defaults=[],
        defaults=[]),
      [
        Assign(
          [
            Name(
              'placeholder_1',
              Store(),
              lineno=2,
              col_offset=4,
              end_lineno=2,
              end_col_offset=11)],
          Call(
            Attribute(
              Name(
                'placeholder_1',
                Load(),
                lineno=2,
                col_offset=14,
                end_lineno=2,
                end_col_offset=21),
              'strip',
              Load(),
              lineno=2,
              col_offset=14,
              end_lineno=2,
              end_col_offset=27),
            [],
            [],
            lineno=2,
            col_offset=14,
            end_lineno=2,
            end_col_offset=29),
          lineno=2,
          col_offset=4,
          end_lineno=2,
          end_col_offset=29),
        If(
          Call(
            Name(
              '_is_silence',
              Load(),
              lineno=4,
              col_offset=7,
              end_lineno=4,
              end_col_offset=18),
            [
              Name(
                'placeholder_1',
                Load(),
                lineno=4,
                col_offset=19,
                end_lineno=4,
                end_col_offset=26)],
            [],
            lineno=4,
            col_offset=7,
            end_lineno=4,
            end_col_offset=27),
          [
            Return(
              Constant(
                'Fine. Be that way!',
                lineno=5,
                col_offset=15,
                end_lineno=5,
                end_col_offset=35),
              lineno=5,
              col_offset=8,
              end_lineno=5,
              end_col_offset=35)],
          [],
          lineno=4,
          col_offset=4,
          end_lineno=5,
          end_col_offset=35),
        If(
          Call(
            Name(
              '_is_shouting',
              Load(),
              lineno=6,
              col_offset=7,
              end_lineno=6,
              end_col_offset=19),
            [
              Name(
                'placeholder_1',
                Load(),
                lineno=6,
                col_offset=20,
                end_lineno=6,
                end_col_offset=27)],
            [],
            lineno=6,
            col_offset=7,
            end_lineno=6,
            end_col_offset=28),
          [
            If(
              Call(
                Name(
                  '_is_question',
                  Load(),
                  lineno=7,
                  col_offset=11,
                  end_lineno=7,
                  end_col_offset=23),
                [
                  Name(
                    'placeholder_1',
                    Load(),
                    lineno=7,
                    col_offset=24,
                    end_lineno=7,
                    end_col_offset=31)],
                [],
                lineno=7,
                col_offset=11,
                end_lineno=7,
                end_col_offset=32),
              [
                Return(
                  Constant(
                    "Calm down, I know what I'm doing!",
                    lineno=8,
                    col_offset=19,
                    end_lineno=8,
                    end_col_offset=54),
                  lineno=8,
                  col_offset=12,
                  end_lineno=8,
                  end_col_offset=54)],
              [
                Return(
                  Constant(
                    'Whoa, chill out!',
                    lineno=10,
                    col_offset=19,
                    end_lineno=10,
                    end_col_offset=37),
                  lineno=10,
                  col_offset=12,
                  end_lineno=10,
                  end_col_offset=37)],
              lineno=7,
              col_offset=8,
              end_lineno=10,
              end_col_offset=37)],
          [
            If(
              Call(
                Name(
                  '_is_question',
                  Load(),
                  lineno=11,
                  col_offset=9,
                  end_lineno=11,
                  end_col_offset=21),
                [
                  Name(
                    'placeholder_1',
                    Load(),
                    lineno=11,
                    col_offset=22,
                    end_lineno=11,
                    end_col_offset=29)],
                [],
                lineno=11,
                col_offset=9,
                end_lineno=11,
                end_col_offset=30),
              [
                Return(
                  Constant(
                    'Sure.',
                    lineno=12,
                    col_offset=15,
                    end_lineno=12,
                    end_col_offset=22),
                  lineno=12,
                  col_offset=8,
                  end_lineno=12,
                  end_col_offset=22)],
              [
                Return(
                  Constant(
                    'Whatever.',
                    lineno=14,
                    col_offset=15,
                    end_lineno=14,
                    end_col_offset=26),
                  lineno=14,
                  col_offset=8,
                  end_lineno=14,
                  end_col_offset=26)],
              lineno=11,
              col_offset=4,
              end_lineno=14,
              end_col_offset=26)],
          lineno=6,
          col_offset=4,
          end_lineno=14,
          end_col_offset=26)],
      [],
      lineno=1,
      col_offset=0,
      end_lineno=14,
      end_col_offset=26),
    FunctionDef(
      'placeholder_2',
      arguments(
        [],
        [
          arg(
            'placeholder_1',
            lineno=17,
            col_offset=16,
            end_lineno=17,
            end_col_offset=23)],
        kwonlyargs=[],
        kw_defaults=[],
        defaults=[]),
      [
        Return(
          Compare(
            Name(
              'placeholder_1',
              Load(),
              lineno=18,
              col_offset=11,
              end_lineno=18,
              end_col_offset=18),
            [
              Eq()],
            [
              Constant(
                '',
                lineno=18,
                col_offset=22,
                end_lineno=18,
                end_col_offset=24)],
            lineno=18,
            col_offset=11,
            end_lineno=18,
            end_col_offset=24),
          lineno=18,
          col_offset=4,
          end_lineno=18,
          end_col_offset=24)],
      [],
      lineno=17,
      col_offset=0,
      end_lineno=18,
      end_col_offset=24),
    FunctionDef(
      'placeholder_3',
      arguments(
        [],
        [
          arg(
            'placeholder_1',
            lineno=21,
            col_offset=17,
            end_lineno=21,
            end_col_offset=24)],
        kwonlyargs=[],
        kw_defaults=[],
        defaults=[]),
      [
        Return(
          Call(
            Attribute(
              Name(
                'placeholder_1',
                Load(),
                lineno=22,
                col_offset=11,
                end_lineno=22,
                end_col_offset=18),
              'isupper',
              Load(),
              lineno=22,
              col_offset=11,
              end_lineno=22,
              end_col_offset=26),
            [],
            [],
            lineno=22,
            col_offset=11,
            end_lineno=22,
            end_col_offset=28),
          lineno=22,
          col_offset=4,
          end_lineno=22,
          end_col_offset=28)],
      [],
      lineno=21,
      col_offset=0,
      end_lineno=22,
      end_col_offset=28),
    FunctionDef(
      'placeholder_4',
      arguments(
        [],
        [
          arg(
            'placeholder_1',
            lineno=25,
            col_offset=17,
            end_lineno=25,
            end_col_offset=24)],
        kwonlyargs=[],
        kw_defaults=[],
        defaults=[]),
      [
        Return(
          Call(
            Attribute(
              Name(
                'placeholder_1',
                Load(),
                lineno=26,
                col_offset=11,
                end_lineno=26,
                end_col_offset=18),
              'endswith',
              Load(),
              lineno=26,
              col_offset=11,
              end_lineno=26,
              end_col_offset=27),
            [
              Constant(
                '?',
                lineno=26,
                col_offset=28,
                end_lineno=26,
                end_col_offset=31)],
            [],
            lineno=26,
            col_offset=11,
            end_lineno=26,
            end_col_offset=32),
          lineno=26,
          col_offset=4,
          end_lineno=26,
          end_col_offset=32)],
      [],
      lineno=25,
      col_offset=0,
      end_lineno=26,
      end_col_offset=32)],
  [])
## END NORMALIZED TREE ##