## BEGIN NORMALIZED CODE ##
def placeholder_0(placeholder_1):
    return (
        sum(
            (
                pow(int(placeholder_2), len(str(placeholder_1)))
                for placeholder_2 in str(placeholder_1)
            )
        )
        == placeholder_1
    )

## END NORMALIZED CODE ##

## BEGIN TREE BEFORE ##
Module(
  [
    FunctionDef(
      'is_armstrong_number',
      arguments(
        [],
        [
          arg(
            'number',
            lineno=1,
            col_offset=24,
            end_lineno=1,
            end_col_offset=30)],
        kwonlyargs=[],
        kw_defaults=[],
        defaults=[]),
      [
        Return(
          Compare(
            Call(
              Name(
                'sum',
                Load(),
                lineno=2,
                col_offset=11,
                end_lineno=2,
                end_col_offset=14),
              [
                GeneratorExp(
                  Call(
                    Name(
                      'pow',
                      Load(),
                      lineno=2,
                      col_offset=15,
                      end_lineno=2,
                      end_col_offset=18),
                    [
                      Call(
                        Name(
                          'int',
                          Load(),
                          lineno=2,
                          col_offset=19,
                          end_lineno=2,
                          end_col_offset=22),
                        [
                          Name(
                            'digit',
                            Load(),
                            lineno=2,
                            col_offset=23,
                            end_lineno=2,
                            end_col_offset=28)],
                        [],
                        lineno=2,
                        col_offset=19,
                        end_lineno=2,
                        end_col_offset=29),
                      Call(
                        Name(
                          'len',
                          Load(),
                          lineno=2,
                          col_offset=31,
                          end_lineno=2,
                          end_col_offset=34),
                        [
                          Call(
                            Name(
                              'str',
                              Load(),
                              lineno=2,
                              col_offset=35,
                              end_lineno=2,
                              end_col_offset=38),
                            [
                              Name(
                                'number',
                                Load(),
                                lineno=2,
                                col_offset=39,
                                end_lineno=2,
                                end_col_offset=45)],
                            [],
                            lineno=2,
                            col_offset=35,
                            end_lineno=2,
                            end_col_offset=46)],
                        [],
                        lineno=2,
                        col_offset=31,
                        end_lineno=2,
                        end_col_offset=47)],
                    [],
                    lineno=2,
                    col_offset=15,
                    end_lineno=2,
                    end_col_offset=48),
                  [
                    comprehension(
                      Name(
                        'digit',
                        Store(),
                        lineno=2,
                        col_offset=53,
                        end_lineno=2,
                        end_col_offset=58),
                      Call(
                        Name(
                          'str',
                          Load(),
                          lineno=2,
                          col_offset=62,
                          end_lineno=2,
                          end_col_offset=65),
                        [
                          Name(
                            'number',
                            Load(),
                            lineno=2,
                            col_offset=66,
                            end_lineno=2,
                            end_col_offset=72)],
                        [],
                        lineno=2,
                        col_offset=62,
                        end_lineno=2,
                        end_col_offset=73),
                      [],
                      0)],
                  lineno=2,
                  col_offset=14,
                  end_lineno=2,
                  end_col_offset=74)],
              [],
              lineno=2,
              col_offset=11,
              end_lineno=2,
              end_col_offset=74),
            [
              Eq()],
            [
              Name(
                'number',
                Load(),
                lineno=2,
                col_offset=78,
                end_lineno=2,
                end_col_offset=84)],
            lineno=2,
            col_offset=11,
            end_lineno=2,
            end_col_offset=84),
          lineno=2,
          col_offset=4,
          end_lineno=2,
          end_col_offset=84)],
      [],
      lineno=1,
      col_offset=0,
      end_lineno=2,
      end_col_offset=84)],
  [])
## END TREE BEFORE ##

## BEGIN NORMALIZED TREE ##
Module(
  [
    FunctionDef(
      'placeholder_0',
      arguments(
        [],
        [
          arg(
            'placeholder_1',
            lineno=1,
            col_offset=24,
            end_lineno=1,
            end_col_offset=30)],
        kwonlyargs=[],
        kw_defaults=[],
        defaults=[]),
      [
        Return(
          Compare(
            Call(
              Name(
                'sum',
                Load(),
                lineno=2,
                col_offset=11,
                end_lineno=2,
                end_col_offset=14),
              [
                GeneratorExp(
                  Call(
                    Name(
                      'pow',
                      Load(),
                      lineno=2,
                      col_offset=15,
                      end_lineno=2,
                      end_col_offset=18),
                    [
                      Call(
                        Name(
                          'int',
                          Load(),
                          lineno=2,
                          col_offset=19,
                          end_lineno=2,
                          end_col_offset=22),
                        [
                          Name(
                            'placeholder_2',
                            Load(),
                            lineno=2,
                            col_offset=23,
                            end_lineno=2,
                            end_col_offset=28)],
                        [],
                        lineno=2,
                        col_offset=19,
                        end_lineno=2,
                        end_col_offset=29),
                      Call(
                        Name(
                          'len',
                          Load(),
                          lineno=2,
                          col_offset=31,
                          end_lineno=2,
                          end_col_offset=34),
                        [
                          Call(
                            Name(
                              'str',
                              Load(),
                              lineno=2,
                              col_offset=35,
                              end_lineno=2,
                              end_col_offset=38),
                            [
                              Name(
                                'placeholder_1',
                                Load(),
                                lineno=2,
                                col_offset=39,
                                end_lineno=2,
                                end_col_offset=45)],
                            [],
                            lineno=2,
                            col_offset=35,
                            end_lineno=2,
                            end_col_offset=46)],
                        [],
                        lineno=2,
                        col_offset=31,
                        end_lineno=2,
                        end_col_offset=47)],
                    [],
                    lineno=2,
                    col_offset=15,
                    end_lineno=2,
                    end_col_offset=48),
                  [
                    comprehension(
                      Name(
                        'placeholder_2',
                        Store(),
                        lineno=2,
                        col_offset=53,
                        end_lineno=2,
                        end_col_offset=58),
                      Call(
                        Name(
                          'str',
                          Load(),
                          lineno=2,
                          col_offset=62,
                          end_lineno=2,
                          end_col_offset=65),
                        [
                          Name(
                            'placeholder_1',
                            Load(),
                            lineno=2,
                            col_offset=66,
                            end_lineno=2,
                            end_col_offset=72)],
                        [],
                        lineno=2,
                        col_offset=62,
                        end_lineno=2,
                        end_col_offset=73),
                      [],
                      0)],
                  lineno=2,
                  col_offset=14,
                  end_lineno=2,
                  end_col_offset=74)],
              [],
              lineno=2,
              col_offset=11,
              end_lineno=2,
              end_col_offset=74),
            [
              Eq()],
            [
              Name(
                'placeholder_1',
                Load(),
                lineno=2,
                col_offset=78,
                end_lineno=2,
                end_col_offset=84)],
            lineno=2,
            col_offset=11,
            end_lineno=2,
            end_col_offset=84),
          lineno=2,
          col_offset=4,
          end_lineno=2,
          end_col_offset=84)],
      [],
      lineno=1,
      col_offset=0,
      end_lineno=2,
      end_col_offset=84)],
  [])
## END NORMALIZED TREE ##