## BEGIN NORMALIZED CODE ##
placeholder_0 = [
    "black",
    "brown",
    "red",
    "orange",
    "yellow",
    "green",
    "blue",
    "violet",
    "grey",
    "white",
]


def placeholder_1(placeholder_2):
    return 10 * placeholder_0.index(placeholder_2[0]) + placeholder_0.index(
        placeholder_2[1]
    )

## END NORMALIZED CODE ##

## BEGIN TREE BEFORE ##
Module(
  [
    Assign(
      [
        Name(
          'COLORS',
          Store(),
          lineno=1,
          col_offset=0,
          end_lineno=1,
          end_col_offset=6)],
      List(
        [
          Constant(
            'black',
            lineno=2,
            col_offset=4,
            end_lineno=2,
            end_col_offset=11),
          Constant(
            'brown',
            lineno=3,
            col_offset=4,
            end_lineno=3,
            end_col_offset=11),
          Constant(
            'red',
            lineno=4,
            col_offset=4,
            end_lineno=4,
            end_col_offset=9),
          Constant(
            'orange',
            lineno=5,
            col_offset=4,
            end_lineno=5,
            end_col_offset=12),
          Constant(
            'yellow',
            lineno=6,
            col_offset=4,
            end_lineno=6,
            end_col_offset=12),
          Constant(
            'green',
            lineno=7,
            col_offset=4,
            end_lineno=7,
            end_col_offset=11),
          Constant(
            'blue',
            lineno=8,
            col_offset=4,
            end_lineno=8,
            end_col_offset=10),
          Constant(
            'violet',
            lineno=9,
            col_offset=4,
            end_lineno=9,
            end_col_offset=12),
          Constant(
            'grey',
            lineno=10,
            col_offset=4,
            end_lineno=10,
            end_col_offset=10),
          Constant(
            'white',
            lineno=11,
            col_offset=4,
            end_lineno=11,
            end_col_offset=11)],
        Load(),
        lineno=1,
        col_offset=9,
        end_lineno=12,
        end_col_offset=1),
      lineno=1,
      col_offset=0,
      end_lineno=12,
      end_col_offset=1),
    FunctionDef(
      'value',
      arguments(
        [],
        [
          arg(
            'colors',
            lineno=15,
            col_offset=10,
            end_lineno=15,
            end_col_offset=16)],
        kwonlyargs=[],
        kw_defaults=[],
        defaults=[]),
      [
        Return(
          BinOp(
            BinOp(
              Constant(
                10,
                lineno=16,
                col_offset=11,
                end_lineno=16,
                end_col_offset=13),
              Mult(),
              Call(
                Attribute(
                  Name(
                    'COLORS',
                    Load(),
                    lineno=16,
                    col_offset=16,
                    end_lineno=16,
                    end_col_offset=22),
                  'index',
                  Load(),
                  lineno=16,
                  col_offset=16,
                  end_lineno=16,
                  end_col_offset=28),
                [
                  Subscript(
                    Name(
                      'colors',
                      Load(),
                      lineno=16,
                      col_offset=29,
                      end_lineno=16,
                      end_col_offset=35),
                    Constant(
                      0,
                      lineno=16,
                      col_offset=36,
                      end_lineno=16,
                      end_col_offset=37),
                    Load(),
                    lineno=16,
                    col_offset=29,
                    end_lineno=16,
                    end_col_offset=38)],
                [],
                lineno=16,
                col_offset=16,
                end_lineno=16,
                end_col_offset=39),
              lineno=16,
              col_offset=11,
              end_lineno=16,
              end_col_offset=39),
            Add(),
            Call(
              Attribute(
                Name(
                  'COLORS',
                  Load(),
                  lineno=16,
                  col_offset=42,
                  end_lineno=16,
                  end_col_offset=48),
                'index',
                Load(),
                lineno=16,
                col_offset=42,
                end_lineno=16,
                end_col_offset=54),
              [
                Subscript(
                  Name(
                    'colors',
                    Load(),
                    lineno=16,
                    col_offset=55,
                    end_lineno=16,
                    end_col_offset=61),
                  Constant(
                    1,
                    lineno=16,
                    col_offset=62,
                    end_lineno=16,
                    end_col_offset=63),
                  Load(),
                  lineno=16,
                  col_offset=55,
                  end_lineno=16,
                  end_col_offset=64)],
              [],
              lineno=16,
              col_offset=42,
              end_lineno=16,
              end_col_offset=65),
            lineno=16,
            col_offset=11,
            end_lineno=16,
            end_col_offset=65),
          lineno=16,
          col_offset=4,
          end_lineno=16,
          end_col_offset=65)],
      [],
      lineno=15,
      col_offset=0,
      end_lineno=16,
      end_col_offset=65)],
  [])
## END TREE BEFORE ##

## BEGIN NORMALIZED TREE ##
Module(
  [
    Assign(
      [
        Name(
          'placeholder_0',
          Store(),
          lineno=1,
          col_offset=0,
          end_lineno=1,
          end_col_offset=6)],
      List(
        [
          Constant(
            'black',
            lineno=2,
            col_offset=4,
            end_lineno=2,
            end_col_offset=11),
          Constant(
            'brown',
            lineno=3,
            col_offset=4,
            end_lineno=3,
            end_col_offset=11),
          Constant(
            'red',
            lineno=4,
            col_offset=4,
            end_lineno=4,
            end_col_offset=9),
          Constant(
            'orange',
            lineno=5,
            col_offset=4,
            end_lineno=5,
            end_col_offset=12),
          Constant(
            'yellow',
            lineno=6,
            col_offset=4,
            end_lineno=6,
            end_col_offset=12),
          Constant(
            'green',
            lineno=7,
            col_offset=4,
            end_lineno=7,
            end_col_offset=11),
          Constant(
            'blue',
            lineno=8,
            col_offset=4,
            end_lineno=8,
            end_col_offset=10),
          Constant(
            'violet',
            lineno=9,
            col_offset=4,
            end_lineno=9,
            end_col_offset=12),
          Constant(
            'grey',
            lineno=10,
            col_offset=4,
            end_lineno=10,
            end_col_offset=10),
          Constant(
            'white',
            lineno=11,
            col_offset=4,
            end_lineno=11,
            end_col_offset=11)],
        Load(),
        lineno=1,
        col_offset=9,
        end_lineno=12,
        end_col_offset=1),
      lineno=1,
      col_offset=0,
      end_lineno=12,
      end_col_offset=1),
    FunctionDef(
      'placeholder_1',
      arguments(
        [],
        [
          arg(
            'placeholder_2',
            lineno=15,
            col_offset=10,
            end_lineno=15,
            end_col_offset=16)],
        kwonlyargs=[],
        kw_defaults=[],
        defaults=[]),
      [
        Return(
          BinOp(
            BinOp(
              Constant(
                10,
                lineno=16,
                col_offset=11,
                end_lineno=16,
                end_col_offset=13),
              Mult(),
              Call(
                Attribute(
                  Name(
                    'placeholder_0',
                    Load(),
                    lineno=16,
                    col_offset=16,
                    end_lineno=16,
                    end_col_offset=22),
                  'index',
                  Load(),
                  lineno=16,
                  col_offset=16,
                  end_lineno=16,
                  end_col_offset=28),
                [
                  Subscript(
                    Name(
                      'placeholder_2',
                      Load(),
                      lineno=16,
                      col_offset=29,
                      end_lineno=16,
                      end_col_offset=35),
                    Constant(
                      0,
                      lineno=16,
                      col_offset=36,
                      end_lineno=16,
                      end_col_offset=37),
                    Load(),
                    lineno=16,
                    col_offset=29,
                    end_lineno=16,
                    end_col_offset=38)],
                [],
                lineno=16,
                col_offset=16,
                end_lineno=16,
                end_col_offset=39),
              lineno=16,
              col_offset=11,
              end_lineno=16,
              end_col_offset=39),
            Add(),
            Call(
              Attribute(
                Name(
                  'placeholder_0',
                  Load(),
                  lineno=16,
                  col_offset=42,
                  end_lineno=16,
                  end_col_offset=48),
                'index',
                Load(),
                lineno=16,
                col_offset=42,
                end_lineno=16,
                end_col_offset=54),
              [
                Subscript(
                  Name(
                    'placeholder_2',
                    Load(),
                    lineno=16,
                    col_offset=55,
                    end_lineno=16,
                    end_col_offset=61),
                  Constant(
                    1,
                    lineno=16,
                    col_offset=62,
                    end_lineno=16,
                    end_col_offset=63),
                  Load(),
                  lineno=16,
                  col_offset=55,
                  end_lineno=16,
                  end_col_offset=64)],
              [],
              lineno=16,
              col_offset=42,
              end_lineno=16,
              end_col_offset=65),
            lineno=16,
            col_offset=11,
            end_lineno=16,
            end_col_offset=65),
          lineno=16,
          col_offset=4,
          end_lineno=16,
          end_col_offset=65)],
      [],
      lineno=15,
      col_offset=0,
      end_lineno=16,
      end_col_offset=65)],
  [])
## END NORMALIZED TREE ##