## BEGIN NORMALIZED CODE ##
def placeholder_0(placeholder_1, placeholder_2):
    return sum(
        (
            placeholder_3 != placeholder_4
            for placeholder_3, placeholder_4 in zip(placeholder_1, placeholder_2)
        )
    )

## END NORMALIZED CODE ##

## BEGIN TREE BEFORE ##
Module(
  [
    FunctionDef(
      'hamming_distance',
      arguments(
        [],
        [
          arg(
            'strand1',
            lineno=1,
            col_offset=21,
            end_lineno=1,
            end_col_offset=28),
          arg(
            'strand2',
            lineno=1,
            col_offset=30,
            end_lineno=1,
            end_col_offset=37)],
        kwonlyargs=[],
        kw_defaults=[],
        defaults=[]),
      [
        Return(
          Call(
            Name(
              'sum',
              Load(),
              lineno=2,
              col_offset=11,
              end_lineno=2,
              end_col_offset=14),
            [
              GeneratorExp(
                Compare(
                  Name(
                    'idx',
                    Load(),
                    lineno=2,
                    col_offset=15,
                    end_lineno=2,
                    end_col_offset=18),
                  [
                    NotEq()],
                  [
                    Name(
                      'edx',
                      Load(),
                      lineno=2,
                      col_offset=22,
                      end_lineno=2,
                      end_col_offset=25)],
                  lineno=2,
                  col_offset=15,
                  end_lineno=2,
                  end_col_offset=25),
                [
                  comprehension(
                    Tuple(
                      [
                        Name(
                          'idx',
                          Store(),
                          lineno=2,
                          col_offset=31,
                          end_lineno=2,
                          end_col_offset=34),
                        Name(
                          'edx',
                          Store(),
                          lineno=2,
                          col_offset=36,
                          end_lineno=2,
                          end_col_offset=39)],
                      Store(),
                      lineno=2,
                      col_offset=30,
                      end_lineno=2,
                      end_col_offset=40),
                    Call(
                      Name(
                        'zip',
                        Load(),
                        lineno=2,
                        col_offset=44,
                        end_lineno=2,
                        end_col_offset=47),
                      [
                        Name(
                          'strand1',
                          Load(),
                          lineno=2,
                          col_offset=48,
                          end_lineno=2,
                          end_col_offset=55),
                        Name(
                          'strand2',
                          Load(),
                          lineno=2,
                          col_offset=57,
                          end_lineno=2,
                          end_col_offset=64)],
                      [],
                      lineno=2,
                      col_offset=44,
                      end_lineno=2,
                      end_col_offset=65),
                    [],
                    0)],
                lineno=2,
                col_offset=14,
                end_lineno=2,
                end_col_offset=66)],
            [],
            lineno=2,
            col_offset=11,
            end_lineno=2,
            end_col_offset=66),
          lineno=2,
          col_offset=4,
          end_lineno=2,
          end_col_offset=66)],
      [],
      lineno=1,
      col_offset=0,
      end_lineno=2,
      end_col_offset=66)],
  [])
## END TREE BEFORE ##

## BEGIN NORMALIZED TREE ##
Module(
  [
    FunctionDef(
      'placeholder_0',
      arguments(
        [],
        [
          arg(
            'placeholder_1',
            lineno=1,
            col_offset=21,
            end_lineno=1,
            end_col_offset=28),
          arg(
            'placeholder_2',
            lineno=1,
            col_offset=30,
            end_lineno=1,
            end_col_offset=37)],
        kwonlyargs=[],
        kw_defaults=[],
        defaults=[]),
      [
        Return(
          Call(
            Name(
              'sum',
              Load(),
              lineno=2,
              col_offset=11,
              end_lineno=2,
              end_col_offset=14),
            [
              GeneratorExp(
                Compare(
                  Name(
                    'placeholder_3',
                    Load(),
                    lineno=2,
                    col_offset=15,
                    end_lineno=2,
                    end_col_offset=18),
                  [
                    NotEq()],
                  [
                    Name(
                      'placeholder_4',
                      Load(),
                      lineno=2,
                      col_offset=22,
                      end_lineno=2,
                      end_col_offset=25)],
                  lineno=2,
                  col_offset=15,
                  end_lineno=2,
                  end_col_offset=25),
                [
                  comprehension(
                    Tuple(
                      [
                        Name(
                          'placeholder_3',
                          Store(),
                          lineno=2,
                          col_offset=31,
                          end_lineno=2,
                          end_col_offset=34),
                        Name(
                          'placeholder_4',
                          Store(),
                          lineno=2,
                          col_offset=36,
                          end_lineno=2,
                          end_col_offset=39)],
                      Store(),
                      lineno=2,
                      col_offset=30,
                      end_lineno=2,
                      end_col_offset=40),
                    Call(
                      Name(
                        'zip',
                        Load(),
                        lineno=2,
                        col_offset=44,
                        end_lineno=2,
                        end_col_offset=47),
                      [
                        Name(
                          'placeholder_1',
                          Load(),
                          lineno=2,
                          col_offset=48,
                          end_lineno=2,
                          end_col_offset=55),
                        Name(
                          'placeholder_2',
                          Load(),
                          lineno=2,
                          col_offset=57,
                          end_lineno=2,
                          end_col_offset=64)],
                      [],
                      lineno=2,
                      col_offset=44,
                      end_lineno=2,
                      end_col_offset=65),
                    [],
                    0)],
                lineno=2,
                col_offset=14,
                end_lineno=2,
                end_col_offset=66)],
            [],
            lineno=2,
            col_offset=11,
            end_lineno=2,
            end_col_offset=66),
          lineno=2,
          col_offset=4,
          end_lineno=2,
          end_col_offset=66)],
      [],
      lineno=1,
      col_offset=0,
      end_lineno=2,
      end_col_offset=66)],
  [])
## END NORMALIZED TREE ##