## BEGIN NORMALIZED CODE ##
class placeholder_0:
    def placeholder_1(self, placeholder_2):
        self.placeholder_3 = [
            [int(placeholder_6) for placeholder_6 in placeholder_5.split()]
            for placeholder_5 in placeholder_2.split("\n")
        ]
        self.placeholder_7 = [
            list(placeholder_8) for placeholder_8 in zip(*self.placeholder_3)
        ]

    def placeholder_5(self, placeholder_9):
        return self.placeholder_3[placeholder_9 - 1]

    def placeholder_10(self, placeholder_9):
        return self.placeholder_7[placeholder_9 - 1]

## END NORMALIZED CODE ##

## BEGIN TREE BEFORE ##
Module(
  [
    ClassDef(
      'Matrix',
      [],
      [],
      [
        FunctionDef(
          '__init__',
          arguments(
            [],
            [
              arg(
                'self',
                lineno=2,
                col_offset=17,
                end_lineno=2,
                end_col_offset=21),
              arg(
                'matrix_string',
                lineno=2,
                col_offset=23,
                end_lineno=2,
                end_col_offset=36)],
            kwonlyargs=[],
            kw_defaults=[],
            defaults=[]),
          [
            Assign(
              [
                Attribute(
                  Name(
                    'self',
                    Load(),
                    lineno=3,
                    col_offset=8,
                    end_lineno=3,
                    end_col_offset=12),
                  'rows',
                  Store(),
                  lineno=3,
                  col_offset=8,
                  end_lineno=3,
                  end_col_offset=17)],
              ListComp(
                ListComp(
                  Call(
                    Name(
                      'int',
                      Load(),
                      lineno=3,
                      col_offset=22,
                      end_lineno=3,
                      end_col_offset=25),
                    [
                      Name(
                        'number',
                        Load(),
                        lineno=3,
                        col_offset=26,
                        end_lineno=3,
                        end_col_offset=32)],
                    [],
                    lineno=3,
                    col_offset=22,
                    end_lineno=3,
                    end_col_offset=33),
                  [
                    comprehension(
                      Name(
                        'number',
                        Store(),
                        lineno=3,
                        col_offset=38,
                        end_lineno=3,
                        end_col_offset=44),
                      Call(
                        Attribute(
                          Name(
                            'row',
                            Load(),
                            lineno=3,
                            col_offset=48,
                            end_lineno=3,
                            end_col_offset=51),
                          'split',
                          Load(),
                          lineno=3,
                          col_offset=48,
                          end_lineno=3,
                          end_col_offset=57),
                        [],
                        [],
                        lineno=3,
                        col_offset=48,
                        end_lineno=3,
                        end_col_offset=59),
                      [],
                      0)],
                  lineno=3,
                  col_offset=21,
                  end_lineno=3,
                  end_col_offset=60),
                [
                  comprehension(
                    Name(
                      'row',
                      Store(),
                      lineno=4,
                      col_offset=25,
                      end_lineno=4,
                      end_col_offset=28),
                    Call(
                      Attribute(
                        Name(
                          'matrix_string',
                          Load(),
                          lineno=4,
                          col_offset=32,
                          end_lineno=4,
                          end_col_offset=45),
                        'split',
                        Load(),
                        lineno=4,
                        col_offset=32,
                        end_lineno=4,
                        end_col_offset=51),
                      [
                        Constant(
                          '\n',
                          lineno=4,
                          col_offset=52,
                          end_lineno=4,
                          end_col_offset=56)],
                      [],
                      lineno=4,
                      col_offset=32,
                      end_lineno=4,
                      end_col_offset=57),
                    [],
                    0)],
                lineno=3,
                col_offset=20,
                end_lineno=4,
                end_col_offset=58),
              lineno=3,
              col_offset=8,
              end_lineno=4,
              end_col_offset=58),
            Assign(
              [
                Attribute(
                  Name(
                    'self',
                    Load(),
                    lineno=5,
                    col_offset=8,
                    end_lineno=5,
                    end_col_offset=12),
                  'columns',
                  Store(),
                  lineno=5,
                  col_offset=8,
                  end_lineno=5,
                  end_col_offset=20)],
              ListComp(
                Call(
                  Name(
                    'list',
                    Load(),
                    lineno=5,
                    col_offset=24,
                    end_lineno=5,
                    end_col_offset=28),
                  [
                    Name(
                      'tup',
                      Load(),
                      lineno=5,
                      col_offset=29,
                      end_lineno=5,
                      end_col_offset=32)],
                  [],
                  lineno=5,
                  col_offset=24,
                  end_lineno=5,
                  end_col_offset=33),
                [
                  comprehension(
                    Name(
                      'tup',
                      Store(),
                      lineno=5,
                      col_offset=38,
                      end_lineno=5,
                      end_col_offset=41),
                    Call(
                      Name(
                        'zip',
                        Load(),
                        lineno=5,
                        col_offset=45,
                        end_lineno=5,
                        end_col_offset=48),
                      [
                        Starred(
                          Attribute(
                            Name(
                              'self',
                              Load(),
                              lineno=5,
                              col_offset=50,
                              end_lineno=5,
                              end_col_offset=54),
                            'rows',
                            Load(),
                            lineno=5,
                            col_offset=50,
                            end_lineno=5,
                            end_col_offset=59),
                          Load(),
                          lineno=5,
                          col_offset=49,
                          end_lineno=5,
                          end_col_offset=59)],
                      [],
                      lineno=5,
                      col_offset=45,
                      end_lineno=5,
                      end_col_offset=60),
                    [],
                    0)],
                lineno=5,
                col_offset=23,
                end_lineno=5,
                end_col_offset=61),
              lineno=5,
              col_offset=8,
              end_lineno=5,
              end_col_offset=61)],
          [],
          lineno=2,
          col_offset=4,
          end_lineno=5,
          end_col_offset=61),
        FunctionDef(
          'row',
          arguments(
            [],
            [
              arg(
                'self',
                lineno=7,
                col_offset=12,
                end_lineno=7,
                end_col_offset=16),
              arg(
                'index',
                lineno=7,
                col_offset=18,
                end_lineno=7,
                end_col_offset=23)],
            kwonlyargs=[],
            kw_defaults=[],
            defaults=[]),
          [
            Return(
              Subscript(
                Attribute(
                  Name(
                    'self',
                    Load(),
                    lineno=8,
                    col_offset=15,
                    end_lineno=8,
                    end_col_offset=19),
                  'rows',
                  Load(),
                  lineno=8,
                  col_offset=15,
                  end_lineno=8,
                  end_col_offset=24),
                BinOp(
                  Name(
                    'index',
                    Load(),
                    lineno=8,
                    col_offset=25,
                    end_lineno=8,
                    end_col_offset=30),
                  Sub(),
                  Constant(
                    1,
                    lineno=8,
                    col_offset=33,
                    end_lineno=8,
                    end_col_offset=34),
                  lineno=8,
                  col_offset=25,
                  end_lineno=8,
                  end_col_offset=34),
                Load(),
                lineno=8,
                col_offset=15,
                end_lineno=8,
                end_col_offset=35),
              lineno=8,
              col_offset=8,
              end_lineno=8,
              end_col_offset=35)],
          [],
          lineno=7,
          col_offset=4,
          end_lineno=8,
          end_col_offset=35),
        FunctionDef(
          'column',
          arguments(
            [],
            [
              arg(
                'self',
                lineno=10,
                col_offset=15,
                end_lineno=10,
                end_col_offset=19),
              arg(
                'index',
                lineno=10,
                col_offset=21,
                end_lineno=10,
                end_col_offset=26)],
            kwonlyargs=[],
            kw_defaults=[],
            defaults=[]),
          [
            Return(
              Subscript(
                Attribute(
                  Name(
                    'self',
                    Load(),
                    lineno=11,
                    col_offset=15,
                    end_lineno=11,
                    end_col_offset=19),
                  'columns',
                  Load(),
                  lineno=11,
                  col_offset=15,
                  end_lineno=11,
                  end_col_offset=27),
                BinOp(
                  Name(
                    'index',
                    Load(),
                    lineno=11,
                    col_offset=28,
                    end_lineno=11,
                    end_col_offset=33),
                  Sub(),
                  Constant(
                    1,
                    lineno=11,
                    col_offset=36,
                    end_lineno=11,
                    end_col_offset=37),
                  lineno=11,
                  col_offset=28,
                  end_lineno=11,
                  end_col_offset=37),
                Load(),
                lineno=11,
                col_offset=15,
                end_lineno=11,
                end_col_offset=38),
              lineno=11,
              col_offset=8,
              end_lineno=11,
              end_col_offset=38)],
          [],
          lineno=10,
          col_offset=4,
          end_lineno=11,
          end_col_offset=38)],
      [],
      lineno=1,
      col_offset=0,
      end_lineno=11,
      end_col_offset=38)],
  [])
## END TREE BEFORE ##

## BEGIN NORMALIZED TREE ##
Module(
  [
    ClassDef(
      'placeholder_0',
      [],
      [],
      [
        FunctionDef(
          'placeholder_1',
          arguments(
            [],
            [
              arg(
                'self',
                lineno=2,
                col_offset=17,
                end_lineno=2,
                end_col_offset=21),
              arg(
                'placeholder_2',
                lineno=2,
                col_offset=23,
                end_lineno=2,
                end_col_offset=36)],
            kwonlyargs=[],
            kw_defaults=[],
            defaults=[]),
          [
            Assign(
              [
                Attribute(
                  Name(
                    'self',
                    Load(),
                    lineno=3,
                    col_offset=8,
                    end_lineno=3,
                    end_col_offset=12),
                  'placeholder_3',
                  Store(),
                  lineno=3,
                  col_offset=8,
                  end_lineno=3,
                  end_col_offset=17)],
              ListComp(
                ListComp(
                  Call(
                    Name(
                      'int',
                      Load(),
                      lineno=3,
                      col_offset=22,
                      end_lineno=3,
                      end_col_offset=25),
                    [
                      Name(
                        'placeholder_6',
                        Load(),
                        lineno=3,
                        col_offset=26,
                        end_lineno=3,
                        end_col_offset=32)],
                    [],
                    lineno=3,
                    col_offset=22,
                    end_lineno=3,
                    end_col_offset=33),
                  [
                    comprehension(
                      Name(
                        'placeholder_6',
                        Store(),
                        lineno=3,
                        col_offset=38,
                        end_lineno=3,
                        end_col_offset=44),
                      Call(
                        Attribute(
                          Name(
                            'placeholder_5',
                            Load(),
                            lineno=3,
                            col_offset=48,
                            end_lineno=3,
                            end_col_offset=51),
                          'split',
                          Load(),
                          lineno=3,
                          col_offset=48,
                          end_lineno=3,
                          end_col_offset=57),
                        [],
                        [],
                        lineno=3,
                        col_offset=48,
                        end_lineno=3,
                        end_col_offset=59),
                      [],
                      0)],
                  lineno=3,
                  col_offset=21,
                  end_lineno=3,
                  end_col_offset=60),
                [
                  comprehension(
                    Name(
                      'placeholder_5',
                      Store(),
                      lineno=4,
                      col_offset=25,
                      end_lineno=4,
                      end_col_offset=28),
                    Call(
                      Attribute(
                        Name(
                          'placeholder_2',
                          Load(),
                          lineno=4,
                          col_offset=32,
                          end_lineno=4,
                          end_col_offset=45),
                        'split',
                        Load(),
                        lineno=4,
                        col_offset=32,
                        end_lineno=4,
                        end_col_offset=51),
                      [
                        Constant(
                          '\n',
                          lineno=4,
                          col_offset=52,
                          end_lineno=4,
                          end_col_offset=56)],
                      [],
                      lineno=4,
                      col_offset=32,
                      end_lineno=4,
                      end_col_offset=57),
                    [],
                    0)],
                lineno=3,
                col_offset=20,
                end_lineno=4,
                end_col_offset=58),
              lineno=3,
              col_offset=8,
              end_lineno=4,
              end_col_offset=58),
            Assign(
              [
                Attribute(
                  Name(
                    'self',
                    Load(),
                    lineno=5,
                    col_offset=8,
                    end_lineno=5,
                    end_col_offset=12),
                  'placeholder_7',
                  Store(),
                  lineno=5,
                  col_offset=8,
                  end_lineno=5,
                  end_col_offset=20)],
              ListComp(
                Call(
                  Name(
                    'list',
                    Load(),
                    lineno=5,
                    col_offset=24,
                    end_lineno=5,
                    end_col_offset=28),
                  [
                    Name(
                      'placeholder_8',
                      Load(),
                      lineno=5,
                      col_offset=29,
                      end_lineno=5,
                      end_col_offset=32)],
                  [],
                  lineno=5,
                  col_offset=24,
                  end_lineno=5,
                  end_col_offset=33),
                [
                  comprehension(
                    Name(
                      'placeholder_8',
                      Store(),
                      lineno=5,
                      col_offset=38,
                      end_lineno=5,
                      end_col_offset=41),
                    Call(
                      Name(
                        'zip',
                        Load(),
                        lineno=5,
                        col_offset=45,
                        end_lineno=5,
                        end_col_offset=48),
                      [
                        Starred(
                          Attribute(
                            Name(
                              'self',
                              Load(),
                              lineno=5,
                              col_offset=50,
                              end_lineno=5,
                              end_col_offset=54),
                            'placeholder_3',
                            Load(),
                            lineno=5,
                            col_offset=50,
                            end_lineno=5,
                            end_col_offset=59),
                          Load(),
                          lineno=5,
                          col_offset=49,
                          end_lineno=5,
                          end_col_offset=59)],
                      [],
                      lineno=5,
                      col_offset=45,
                      end_lineno=5,
                      end_col_offset=60),
                    [],
                    0)],
                lineno=5,
                col_offset=23,
                end_lineno=5,
                end_col_offset=61),
              lineno=5,
              col_offset=8,
              end_lineno=5,
              end_col_offset=61)],
          [],
          lineno=2,
          col_offset=4,
          end_lineno=5,
          end_col_offset=61),
        FunctionDef(
          'placeholder_5',
          arguments(
            [],
            [
              arg(
                'self',
                lineno=7,
                col_offset=12,
                end_lineno=7,
                end_col_offset=16),
              arg(
                'placeholder_9',
                lineno=7,
                col_offset=18,
                end_lineno=7,
                end_col_offset=23)],
            kwonlyargs=[],
            kw_defaults=[],
            defaults=[]),
          [
            Return(
              Subscript(
                Attribute(
                  Name(
                    'self',
                    Load(),
                    lineno=8,
                    col_offset=15,
                    end_lineno=8,
                    end_col_offset=19),
                  'placeholder_3',
                  Load(),
                  lineno=8,
                  col_offset=15,
                  end_lineno=8,
                  end_col_offset=24),
                BinOp(
                  Name(
                    'placeholder_9',
                    Load(),
                    lineno=8,
                    col_offset=25,
                    end_lineno=8,
                    end_col_offset=30),
                  Sub(),
                  Constant(
                    1,
                    lineno=8,
                    col_offset=33,
                    end_lineno=8,
                    end_col_offset=34),
                  lineno=8,
                  col_offset=25,
                  end_lineno=8,
                  end_col_offset=34),
                Load(),
                lineno=8,
                col_offset=15,
                end_lineno=8,
                end_col_offset=35),
              lineno=8,
              col_offset=8,
              end_lineno=8,
              end_col_offset=35)],
          [],
          lineno=7,
          col_offset=4,
          end_lineno=8,
          end_col_offset=35),
        FunctionDef(
          'placeholder_10',
          arguments(
            [],
            [
              arg(
                'self',
                lineno=10,
                col_offset=15,
                end_lineno=10,
                end_col_offset=19),
              arg(
                'placeholder_9',
                lineno=10,
                col_offset=21,
                end_lineno=10,
                end_col_offset=26)],
            kwonlyargs=[],
            kw_defaults=[],
            defaults=[]),
          [
            Return(
              Subscript(
                Attribute(
                  Name(
                    'self',
                    Load(),
                    lineno=11,
                    col_offset=15,
                    end_lineno=11,
                    end_col_offset=19),
                  'placeholder_7',
                  Load(),
                  lineno=11,
                  col_offset=15,
                  end_lineno=11,
                  end_col_offset=27),
                BinOp(
                  Name(
                    'placeholder_9',
                    Load(),
                    lineno=11,
                    col_offset=28,
                    end_lineno=11,
                    end_col_offset=33),
                  Sub(),
                  Constant(
                    1,
                    lineno=11,
                    col_offset=36,
                    end_lineno=11,
                    end_col_offset=37),
                  lineno=11,
                  col_offset=28,
                  end_lineno=11,
                  end_col_offset=37),
                Load(),
                lineno=11,
                col_offset=15,
                end_lineno=11,
                end_col_offset=38),
              lineno=11,
              col_offset=8,
              end_lineno=11,
              end_col_offset=38)],
          [],
          lineno=10,
          col_offset=4,
          end_lineno=11,
          end_col_offset=38)],
      [],
      lineno=1,
      col_offset=0,
      end_lineno=11,
      end_col_offset=38)],
  [])
## END NORMALIZED TREE ##