## BEGIN NORMALIZED CODE ##
import random
import math


class placeholder_0:
    def placeholder_1(self):
        self.placeholder_2 = self.ability()
        self.placeholder_3 = self.ability()
        self.placeholder_4 = self.ability()
        self.placeholder_5 = self.ability()
        self.placeholder_6 = self.ability()
        self.placeholder_7 = self.ability()
        self.placeholder_8 = 10 + modifier(self.placeholder_4)

    def placeholder_9(self):
        placeholder_10 = sorted((random.randint(1, 6) for placeholder_11 in range(4)))
        return sum(placeholder_10[1:])


def placeholder_12(placeholder_13):
    return math.floor((placeholder_13 - 10) / 2)

## END NORMALIZED CODE ##

## BEGIN TREE BEFORE ##
Module(
  [
    Import(
      [
        alias(
          'random',
          lineno=1,
          col_offset=7,
          end_lineno=1,
          end_col_offset=13)],
      lineno=1,
      col_offset=0,
      end_lineno=1,
      end_col_offset=13),
    Import(
      [
        alias(
          'math',
          lineno=2,
          col_offset=7,
          end_lineno=2,
          end_col_offset=11)],
      lineno=2,
      col_offset=0,
      end_lineno=2,
      end_col_offset=11),
    ClassDef(
      'Character',
      [],
      [],
      [
        FunctionDef(
          '__init__',
          arguments(
            [],
            [
              arg(
                'self',
                lineno=6,
                col_offset=17,
                end_lineno=6,
                end_col_offset=21)],
            kwonlyargs=[],
            kw_defaults=[],
            defaults=[]),
          [
            Assign(
              [
                Attribute(
                  Name(
                    'self',
                    Load(),
                    lineno=7,
                    col_offset=8,
                    end_lineno=7,
                    end_col_offset=12),
                  'strength',
                  Store(),
                  lineno=7,
                  col_offset=8,
                  end_lineno=7,
                  end_col_offset=21)],
              Call(
                Attribute(
                  Name(
                    'self',
                    Load(),
                    lineno=7,
                    col_offset=24,
                    end_lineno=7,
                    end_col_offset=28),
                  'ability',
                  Load(),
                  lineno=7,
                  col_offset=24,
                  end_lineno=7,
                  end_col_offset=36),
                [],
                [],
                lineno=7,
                col_offset=24,
                end_lineno=7,
                end_col_offset=38),
              lineno=7,
              col_offset=8,
              end_lineno=7,
              end_col_offset=38),
            Assign(
              [
                Attribute(
                  Name(
                    'self',
                    Load(),
                    lineno=8,
                    col_offset=8,
                    end_lineno=8,
                    end_col_offset=12),
                  'dexterity',
                  Store(),
                  lineno=8,
                  col_offset=8,
                  end_lineno=8,
                  end_col_offset=22)],
              Call(
                Attribute(
                  Name(
                    'self',
                    Load(),
                    lineno=8,
                    col_offset=25,
                    end_lineno=8,
                    end_col_offset=29),
                  'ability',
                  Load(),
                  lineno=8,
                  col_offset=25,
                  end_lineno=8,
                  end_col_offset=37),
                [],
                [],
                lineno=8,
                col_offset=25,
                end_lineno=8,
                end_col_offset=39),
              lineno=8,
              col_offset=8,
              end_lineno=8,
              end_col_offset=39),
            Assign(
              [
                Attribute(
                  Name(
                    'self',
                    Load(),
                    lineno=9,
                    col_offset=8,
                    end_lineno=9,
                    end_col_offset=12),
                  'constitution',
                  Store(),
                  lineno=9,
                  col_offset=8,
                  end_lineno=9,
                  end_col_offset=25)],
              Call(
                Attribute(
                  Name(
                    'self',
                    Load(),
                    lineno=9,
                    col_offset=28,
                    end_lineno=9,
                    end_col_offset=32),
                  'ability',
                  Load(),
                  lineno=9,
                  col_offset=28,
                  end_lineno=9,
                  end_col_offset=40),
                [],
                [],
                lineno=9,
                col_offset=28,
                end_lineno=9,
                end_col_offset=42),
              lineno=9,
              col_offset=8,
              end_lineno=9,
              end_col_offset=42),
            Assign(
              [
                Attribute(
                  Name(
                    'self',
                    Load(),
                    lineno=10,
                    col_offset=8,
                    end_lineno=10,
                    end_col_offset=12),
                  'intelligence',
                  Store(),
                  lineno=10,
                  col_offset=8,
                  end_lineno=10,
                  end_col_offset=25)],
              Call(
                Attribute(
                  Name(
                    'self',
                    Load(),
                    lineno=10,
                    col_offset=28,
                    end_lineno=10,
                    end_col_offset=32),
                  'ability',
                  Load(),
                  lineno=10,
                  col_offset=28,
                  end_lineno=10,
                  end_col_offset=40),
                [],
                [],
                lineno=10,
                col_offset=28,
                end_lineno=10,
                end_col_offset=42),
              lineno=10,
              col_offset=8,
              end_lineno=10,
              end_col_offset=42),
            Assign(
              [
                Attribute(
                  Name(
                    'self',
                    Load(),
                    lineno=11,
                    col_offset=8,
                    end_lineno=11,
                    end_col_offset=12),
                  'wisdom',
                  Store(),
                  lineno=11,
                  col_offset=8,
                  end_lineno=11,
                  end_col_offset=19)],
              Call(
                Attribute(
                  Name(
                    'self',
                    Load(),
                    lineno=11,
                    col_offset=22,
                    end_lineno=11,
                    end_col_offset=26),
                  'ability',
                  Load(),
                  lineno=11,
                  col_offset=22,
                  end_lineno=11,
                  end_col_offset=34),
                [],
                [],
                lineno=11,
                col_offset=22,
                end_lineno=11,
                end_col_offset=36),
              lineno=11,
              col_offset=8,
              end_lineno=11,
              end_col_offset=36),
            Assign(
              [
                Attribute(
                  Name(
                    'self',
                    Load(),
                    lineno=12,
                    col_offset=8,
                    end_lineno=12,
                    end_col_offset=12),
                  'charisma',
                  Store(),
                  lineno=12,
                  col_offset=8,
                  end_lineno=12,
                  end_col_offset=21)],
              Call(
                Attribute(
                  Name(
                    'self',
                    Load(),
                    lineno=12,
                    col_offset=24,
                    end_lineno=12,
                    end_col_offset=28),
                  'ability',
                  Load(),
                  lineno=12,
                  col_offset=24,
                  end_lineno=12,
                  end_col_offset=36),
                [],
                [],
                lineno=12,
                col_offset=24,
                end_lineno=12,
                end_col_offset=38),
              lineno=12,
              col_offset=8,
              end_lineno=12,
              end_col_offset=38),
            Assign(
              [
                Attribute(
                  Name(
                    'self',
                    Load(),
                    lineno=13,
                    col_offset=8,
                    end_lineno=13,
                    end_col_offset=12),
                  'hitpoints',
                  Store(),
                  lineno=13,
                  col_offset=8,
                  end_lineno=13,
                  end_col_offset=22)],
              BinOp(
                Constant(
                  10,
                  lineno=13,
                  col_offset=25,
                  end_lineno=13,
                  end_col_offset=27),
                Add(),
                Call(
                  Name(
                    'modifier',
                    Load(),
                    lineno=13,
                    col_offset=30,
                    end_lineno=13,
                    end_col_offset=38),
                  [
                    Attribute(
                      Name(
                        'self',
                        Load(),
                        lineno=13,
                        col_offset=39,
                        end_lineno=13,
                        end_col_offset=43),
                      'constitution',
                      Load(),
                      lineno=13,
                      col_offset=39,
                      end_lineno=13,
                      end_col_offset=56)],
                  [],
                  lineno=13,
                  col_offset=30,
                  end_lineno=13,
                  end_col_offset=57),
                lineno=13,
                col_offset=25,
                end_lineno=13,
                end_col_offset=57),
              lineno=13,
              col_offset=8,
              end_lineno=13,
              end_col_offset=57)],
          [],
          lineno=6,
          col_offset=4,
          end_lineno=13,
          end_col_offset=57),
        FunctionDef(
          'ability',
          arguments(
            [],
            [
              arg(
                'self',
                lineno=15,
                col_offset=16,
                end_lineno=15,
                end_col_offset=20)],
            kwonlyargs=[],
            kw_defaults=[],
            defaults=[]),
          [
            Assign(
              [
                Name(
                  'dice_rolls',
                  Store(),
                  lineno=16,
                  col_offset=8,
                  end_lineno=16,
                  end_col_offset=18)],
              Call(
                Name(
                  'sorted',
                  Load(),
                  lineno=16,
                  col_offset=21,
                  end_lineno=16,
                  end_col_offset=27),
                [
                  GeneratorExp(
                    Call(
                      Attribute(
                        Name(
                          'random',
                          Load(),
                          lineno=16,
                          col_offset=28,
                          end_lineno=16,
                          end_col_offset=34),
                        'randint',
                        Load(),
                        lineno=16,
                        col_offset=28,
                        end_lineno=16,
                        end_col_offset=42),
                      [
                        Constant(
                          1,
                          lineno=16,
                          col_offset=43,
                          end_lineno=16,
                          end_col_offset=44),
                        Constant(
                          6,
                          lineno=16,
                          col_offset=46,
                          end_lineno=16,
                          end_col_offset=47)],
                      [],
                      lineno=16,
                      col_offset=28,
                      end_lineno=16,
                      end_col_offset=48),
                    [
                      comprehension(
                        Name(
                          '_',
                          Store(),
                          lineno=16,
                          col_offset=53,
                          end_lineno=16,
                          end_col_offset=54),
                        Call(
                          Name(
                            'range',
                            Load(),
                            lineno=16,
                            col_offset=58,
                            end_lineno=16,
                            end_col_offset=63),
                          [
                            Constant(
                              4,
                              lineno=16,
                              col_offset=64,
                              end_lineno=16,
                              end_col_offset=65)],
                          [],
                          lineno=16,
                          col_offset=58,
                          end_lineno=16,
                          end_col_offset=66),
                        [],
                        0)],
                    lineno=16,
                    col_offset=27,
                    end_lineno=16,
                    end_col_offset=67)],
                [],
                lineno=16,
                col_offset=21,
                end_lineno=16,
                end_col_offset=67),
              lineno=16,
              col_offset=8,
              end_lineno=16,
              end_col_offset=67),
            Return(
              Call(
                Name(
                  'sum',
                  Load(),
                  lineno=17,
                  col_offset=15,
                  end_lineno=17,
                  end_col_offset=18),
                [
                  Subscript(
                    Name(
                      'dice_rolls',
                      Load(),
                      lineno=17,
                      col_offset=19,
                      end_lineno=17,
                      end_col_offset=29),
                    Slice(
                      Constant(
                        1,
                        lineno=17,
                        col_offset=30,
                        end_lineno=17,
                        end_col_offset=31),
                      lineno=17,
                      col_offset=30,
                      end_lineno=17,
                      end_col_offset=32),
                    Load(),
                    lineno=17,
                    col_offset=19,
                    end_lineno=17,
                    end_col_offset=33)],
                [],
                lineno=17,
                col_offset=15,
                end_lineno=17,
                end_col_offset=34),
              lineno=17,
              col_offset=8,
              end_lineno=17,
              end_col_offset=34)],
          [],
          lineno=15,
          col_offset=4,
          end_lineno=17,
          end_col_offset=34)],
      [],
      lineno=5,
      col_offset=0,
      end_lineno=17,
      end_col_offset=34),
    FunctionDef(
      'modifier',
      arguments(
        [],
        [
          arg(
            'value',
            lineno=20,
            col_offset=13,
            end_lineno=20,
            end_col_offset=18)],
        kwonlyargs=[],
        kw_defaults=[],
        defaults=[]),
      [
        Return(
          Call(
            Attribute(
              Name(
                'math',
                Load(),
                lineno=21,
                col_offset=11,
                end_lineno=21,
                end_col_offset=15),
              'floor',
              Load(),
              lineno=21,
              col_offset=11,
              end_lineno=21,
              end_col_offset=21),
            [
              BinOp(
                BinOp(
                  Name(
                    'value',
                    Load(),
                    lineno=21,
                    col_offset=23,
                    end_lineno=21,
                    end_col_offset=28),
                  Sub(),
                  Constant(
                    10,
                    lineno=21,
                    col_offset=29,
                    end_lineno=21,
                    end_col_offset=31),
                  lineno=21,
                  col_offset=23,
                  end_lineno=21,
                  end_col_offset=31),
                Div(),
                Constant(
                  2,
                  lineno=21,
                  col_offset=33,
                  end_lineno=21,
                  end_col_offset=34),
                lineno=21,
                col_offset=22,
                end_lineno=21,
                end_col_offset=34)],
            [],
            lineno=21,
            col_offset=11,
            end_lineno=21,
            end_col_offset=35),
          lineno=21,
          col_offset=4,
          end_lineno=21,
          end_col_offset=35)],
      [],
      lineno=20,
      col_offset=0,
      end_lineno=21,
      end_col_offset=35)],
  [])
## END TREE BEFORE ##

## BEGIN NORMALIZED TREE ##
Module(
  [
    Import(
      [
        alias(
          'random',
          lineno=1,
          col_offset=7,
          end_lineno=1,
          end_col_offset=13)],
      lineno=1,
      col_offset=0,
      end_lineno=1,
      end_col_offset=13),
    Import(
      [
        alias(
          'math',
          lineno=2,
          col_offset=7,
          end_lineno=2,
          end_col_offset=11)],
      lineno=2,
      col_offset=0,
      end_lineno=2,
      end_col_offset=11),
    ClassDef(
      'placeholder_0',
      [],
      [],
      [
        FunctionDef(
          'placeholder_1',
          arguments(
            [],
            [
              arg(
                'self',
                lineno=6,
                col_offset=17,
                end_lineno=6,
                end_col_offset=21)],
            kwonlyargs=[],
            kw_defaults=[],
            defaults=[]),
          [
            Assign(
              [
                Attribute(
                  Name(
                    'self',
                    Load(),
                    lineno=7,
                    col_offset=8,
                    end_lineno=7,
                    end_col_offset=12),
                  'placeholder_2',
                  Store(),
                  lineno=7,
                  col_offset=8,
                  end_lineno=7,
                  end_col_offset=21)],
              Call(
                Attribute(
                  Name(
                    'self',
                    Load(),
                    lineno=7,
                    col_offset=24,
                    end_lineno=7,
                    end_col_offset=28),
                  'ability',
                  Load(),
                  lineno=7,
                  col_offset=24,
                  end_lineno=7,
                  end_col_offset=36),
                [],
                [],
                lineno=7,
                col_offset=24,
                end_lineno=7,
                end_col_offset=38),
              lineno=7,
              col_offset=8,
              end_lineno=7,
              end_col_offset=38),
            Assign(
              [
                Attribute(
                  Name(
                    'self',
                    Load(),
                    lineno=8,
                    col_offset=8,
                    end_lineno=8,
                    end_col_offset=12),
                  'placeholder_3',
                  Store(),
                  lineno=8,
                  col_offset=8,
                  end_lineno=8,
                  end_col_offset=22)],
              Call(
                Attribute(
                  Name(
                    'self',
                    Load(),
                    lineno=8,
                    col_offset=25,
                    end_lineno=8,
                    end_col_offset=29),
                  'ability',
                  Load(),
                  lineno=8,
                  col_offset=25,
                  end_lineno=8,
                  end_col_offset=37),
                [],
                [],
                lineno=8,
                col_offset=25,
                end_lineno=8,
                end_col_offset=39),
              lineno=8,
              col_offset=8,
              end_lineno=8,
              end_col_offset=39),
            Assign(
              [
                Attribute(
                  Name(
                    'self',
                    Load(),
                    lineno=9,
                    col_offset=8,
                    end_lineno=9,
                    end_col_offset=12),
                  'placeholder_4',
                  Store(),
                  lineno=9,
                  col_offset=8,
                  end_lineno=9,
                  end_col_offset=25)],
              Call(
                Attribute(
                  Name(
                    'self',
                    Load(),
                    lineno=9,
                    col_offset=28,
                    end_lineno=9,
                    end_col_offset=32),
                  'ability',
                  Load(),
                  lineno=9,
                  col_offset=28,
                  end_lineno=9,
                  end_col_offset=40),
                [],
                [],
                lineno=9,
                col_offset=28,
                end_lineno=9,
                end_col_offset=42),
              lineno=9,
              col_offset=8,
              end_lineno=9,
              end_col_offset=42),
            Assign(
              [
                Attribute(
                  Name(
                    'self',
                    Load(),
                    lineno=10,
                    col_offset=8,
                    end_lineno=10,
                    end_col_offset=12),
                  'placeholder_5',
                  Store(),
                  lineno=10,
                  col_offset=8,
                  end_lineno=10,
                  end_col_offset=25)],
              Call(
                Attribute(
                  Name(
                    'self',
                    Load(),
                    lineno=10,
                    col_offset=28,
                    end_lineno=10,
                    end_col_offset=32),
                  'ability',
                  Load(),
                  lineno=10,
                  col_offset=28,
                  end_lineno=10,
                  end_col_offset=40),
                [],
                [],
                lineno=10,
                col_offset=28,
                end_lineno=10,
                end_col_offset=42),
              lineno=10,
              col_offset=8,
              end_lineno=10,
              end_col_offset=42),
            Assign(
              [
                Attribute(
                  Name(
                    'self',
                    Load(),
                    lineno=11,
                    col_offset=8,
                    end_lineno=11,
                    end_col_offset=12),
                  'placeholder_6',
                  Store(),
                  lineno=11,
                  col_offset=8,
                  end_lineno=11,
                  end_col_offset=19)],
              Call(
                Attribute(
                  Name(
                    'self',
                    Load(),
                    lineno=11,
                    col_offset=22,
                    end_lineno=11,
                    end_col_offset=26),
                  'ability',
                  Load(),
                  lineno=11,
                  col_offset=22,
                  end_lineno=11,
                  end_col_offset=34),
                [],
                [],
                lineno=11,
                col_offset=22,
                end_lineno=11,
                end_col_offset=36),
              lineno=11,
              col_offset=8,
              end_lineno=11,
              end_col_offset=36),
            Assign(
              [
                Attribute(
                  Name(
                    'self',
                    Load(),
                    lineno=12,
                    col_offset=8,
                    end_lineno=12,
                    end_col_offset=12),
                  'placeholder_7',
                  Store(),
                  lineno=12,
                  col_offset=8,
                  end_lineno=12,
                  end_col_offset=21)],
              Call(
                Attribute(
                  Name(
                    'self',
                    Load(),
                    lineno=12,
                    col_offset=24,
                    end_lineno=12,
                    end_col_offset=28),
                  'ability',
                  Load(),
                  lineno=12,
                  col_offset=24,
                  end_lineno=12,
                  end_col_offset=36),
                [],
                [],
                lineno=12,
                col_offset=24,
                end_lineno=12,
                end_col_offset=38),
              lineno=12,
              col_offset=8,
              end_lineno=12,
              end_col_offset=38),
            Assign(
              [
                Attribute(
                  Name(
                    'self',
                    Load(),
                    lineno=13,
                    col_offset=8,
                    end_lineno=13,
                    end_col_offset=12),
                  'placeholder_8',
                  Store(),
                  lineno=13,
                  col_offset=8,
                  end_lineno=13,
                  end_col_offset=22)],
              BinOp(
                Constant(
                  10,
                  lineno=13,
                  col_offset=25,
                  end_lineno=13,
                  end_col_offset=27),
                Add(),
                Call(
                  Name(
                    'modifier',
                    Load(),
                    lineno=13,
                    col_offset=30,
                    end_lineno=13,
                    end_col_offset=38),
                  [
                    Attribute(
                      Name(
                        'self',
                        Load(),
                        lineno=13,
                        col_offset=39,
                        end_lineno=13,
                        end_col_offset=43),
                      'placeholder_4',
                      Load(),
                      lineno=13,
                      col_offset=39,
                      end_lineno=13,
                      end_col_offset=56)],
                  [],
                  lineno=13,
                  col_offset=30,
                  end_lineno=13,
                  end_col_offset=57),
                lineno=13,
                col_offset=25,
                end_lineno=13,
                end_col_offset=57),
              lineno=13,
              col_offset=8,
              end_lineno=13,
              end_col_offset=57)],
          [],
          lineno=6,
          col_offset=4,
          end_lineno=13,
          end_col_offset=57),
        FunctionDef(
          'placeholder_9',
          arguments(
            [],
            [
              arg(
                'self',
                lineno=15,
                col_offset=16,
                end_lineno=15,
                end_col_offset=20)],
            kwonlyargs=[],
            kw_defaults=[],
            defaults=[]),
          [
            Assign(
              [
                Name(
                  'placeholder_10',
                  Store(),
                  lineno=16,
                  col_offset=8,
                  end_lineno=16,
                  end_col_offset=18)],
              Call(
                Name(
                  'sorted',
                  Load(),
                  lineno=16,
                  col_offset=21,
                  end_lineno=16,
                  end_col_offset=27),
                [
                  GeneratorExp(
                    Call(
                      Attribute(
                        Name(
                          'random',
                          Load(),
                          lineno=16,
                          col_offset=28,
                          end_lineno=16,
                          end_col_offset=34),
                        'randint',
                        Load(),
                        lineno=16,
                        col_offset=28,
                        end_lineno=16,
                        end_col_offset=42),
                      [
                        Constant(
                          1,
                          lineno=16,
                          col_offset=43,
                          end_lineno=16,
                          end_col_offset=44),
                        Constant(
                          6,
                          lineno=16,
                          col_offset=46,
                          end_lineno=16,
                          end_col_offset=47)],
                      [],
                      lineno=16,
                      col_offset=28,
                      end_lineno=16,
                      end_col_offset=48),
                    [
                      comprehension(
                        Name(
                          'placeholder_11',
                          Store(),
                          lineno=16,
                          col_offset=53,
                          end_lineno=16,
                          end_col_offset=54),
                        Call(
                          Name(
                            'range',
                            Load(),
                            lineno=16,
                            col_offset=58,
                            end_lineno=16,
                            end_col_offset=63),
                          [
                            Constant(
                              4,
                              lineno=16,
                              col_offset=64,
                              end_lineno=16,
                              end_col_offset=65)],
                          [],
                          lineno=16,
                          col_offset=58,
                          end_lineno=16,
                          end_col_offset=66),
                        [],
                        0)],
                    lineno=16,
                    col_offset=27,
                    end_lineno=16,
                    end_col_offset=67)],
                [],
                lineno=16,
                col_offset=21,
                end_lineno=16,
                end_col_offset=67),
              lineno=16,
              col_offset=8,
              end_lineno=16,
              end_col_offset=67),
            Return(
              Call(
                Name(
                  'sum',
                  Load(),
                  lineno=17,
                  col_offset=15,
                  end_lineno=17,
                  end_col_offset=18),
                [
                  Subscript(
                    Name(
                      'placeholder_10',
                      Load(),
                      lineno=17,
                      col_offset=19,
                      end_lineno=17,
                      end_col_offset=29),
                    Slice(
                      Constant(
                        1,
                        lineno=17,
                        col_offset=30,
                        end_lineno=17,
                        end_col_offset=31),
                      lineno=17,
                      col_offset=30,
                      end_lineno=17,
                      end_col_offset=32),
                    Load(),
                    lineno=17,
                    col_offset=19,
                    end_lineno=17,
                    end_col_offset=33)],
                [],
                lineno=17,
                col_offset=15,
                end_lineno=17,
                end_col_offset=34),
              lineno=17,
              col_offset=8,
              end_lineno=17,
              end_col_offset=34)],
          [],
          lineno=15,
          col_offset=4,
          end_lineno=17,
          end_col_offset=34)],
      [],
      lineno=5,
      col_offset=0,
      end_lineno=17,
      end_col_offset=34),
    FunctionDef(
      'placeholder_12',
      arguments(
        [],
        [
          arg(
            'placeholder_13',
            lineno=20,
            col_offset=13,
            end_lineno=20,
            end_col_offset=18)],
        kwonlyargs=[],
        kw_defaults=[],
        defaults=[]),
      [
        Return(
          Call(
            Attribute(
              Name(
                'math',
                Load(),
                lineno=21,
                col_offset=11,
                end_lineno=21,
                end_col_offset=15),
              'floor',
              Load(),
              lineno=21,
              col_offset=11,
              end_lineno=21,
              end_col_offset=21),
            [
              BinOp(
                BinOp(
                  Name(
                    'placeholder_13',
                    Load(),
                    lineno=21,
                    col_offset=23,
                    end_lineno=21,
                    end_col_offset=28),
                  Sub(),
                  Constant(
                    10,
                    lineno=21,
                    col_offset=29,
                    end_lineno=21,
                    end_col_offset=31),
                  lineno=21,
                  col_offset=23,
                  end_lineno=21,
                  end_col_offset=31),
                Div(),
                Constant(
                  2,
                  lineno=21,
                  col_offset=33,
                  end_lineno=21,
                  end_col_offset=34),
                lineno=21,
                col_offset=22,
                end_lineno=21,
                end_col_offset=34)],
            [],
            lineno=21,
            col_offset=11,
            end_lineno=21,
            end_col_offset=35),
          lineno=21,
          col_offset=4,
          end_lineno=21,
          end_col_offset=35)],
      [],
      lineno=20,
      col_offset=0,
      end_lineno=21,
      end_col_offset=35)],
  [])
## END NORMALIZED TREE ##