## BEGIN NORMALIZED CODE ##
def placeholder_0(placeholder_1):
    placeholder_2 = list(placeholder_1.replace("-", ""))
    if placeholder_2 and placeholder_2[-1] == "X":
        placeholder_2[-1] = "10"
    if not len(placeholder_2) == 10 or not all(
        (placeholder_3.isdigit() for placeholder_3 in placeholder_2)
    ):
        return False
    placeholder_4 = list(range(10, 0, -1))
    return (
        sum(
            (
                int(placeholder_3) * placeholder_5
                for placeholder_3, placeholder_5 in zip(placeholder_2, placeholder_4)
            )
        )
        % 11
        == 0
    )

## END NORMALIZED CODE ##

## BEGIN TREE BEFORE ##
Module(
  [
    FunctionDef(
      'is_valid',
      arguments(
        [],
        [
          arg(
            'isbn',
            lineno=1,
            col_offset=13,
            end_lineno=1,
            end_col_offset=17)],
        kwonlyargs=[],
        kw_defaults=[],
        defaults=[]),
      [
        Assign(
          [
            Name(
              'chars',
              Store(),
              lineno=2,
              col_offset=4,
              end_lineno=2,
              end_col_offset=9)],
          Call(
            Name(
              'list',
              Load(),
              lineno=2,
              col_offset=12,
              end_lineno=2,
              end_col_offset=16),
            [
              Call(
                Attribute(
                  Name(
                    'isbn',
                    Load(),
                    lineno=2,
                    col_offset=17,
                    end_lineno=2,
                    end_col_offset=21),
                  'replace',
                  Load(),
                  lineno=2,
                  col_offset=17,
                  end_lineno=2,
                  end_col_offset=29),
                [
                  Constant(
                    '-',
                    lineno=2,
                    col_offset=30,
                    end_lineno=2,
                    end_col_offset=33),
                  Constant(
                    '',
                    lineno=2,
                    col_offset=35,
                    end_lineno=2,
                    end_col_offset=37)],
                [],
                lineno=2,
                col_offset=17,
                end_lineno=2,
                end_col_offset=38)],
            [],
            lineno=2,
            col_offset=12,
            end_lineno=2,
            end_col_offset=39),
          lineno=2,
          col_offset=4,
          end_lineno=2,
          end_col_offset=39),
        If(
          BoolOp(
            And(),
            [
              Name(
                'chars',
                Load(),
                lineno=3,
                col_offset=7,
                end_lineno=3,
                end_col_offset=12),
              Compare(
                Subscript(
                  Name(
                    'chars',
                    Load(),
                    lineno=3,
                    col_offset=17,
                    end_lineno=3,
                    end_col_offset=22),
                  UnaryOp(
                    USub(),
                    Constant(
                      1,
                      lineno=3,
                      col_offset=24,
                      end_lineno=3,
                      end_col_offset=25),
                    lineno=3,
                    col_offset=23,
                    end_lineno=3,
                    end_col_offset=25),
                  Load(),
                  lineno=3,
                  col_offset=17,
                  end_lineno=3,
                  end_col_offset=26),
                [
                  Eq()],
                [
                  Constant(
                    'X',
                    lineno=3,
                    col_offset=30,
                    end_lineno=3,
                    end_col_offset=33)],
                lineno=3,
                col_offset=17,
                end_lineno=3,
                end_col_offset=33)],
            lineno=3,
            col_offset=7,
            end_lineno=3,
            end_col_offset=33),
          [
            Assign(
              [
                Subscript(
                  Name(
                    'chars',
                    Load(),
                    lineno=4,
                    col_offset=8,
                    end_lineno=4,
                    end_col_offset=13),
                  UnaryOp(
                    USub(),
                    Constant(
                      1,
                      lineno=4,
                      col_offset=15,
                      end_lineno=4,
                      end_col_offset=16),
                    lineno=4,
                    col_offset=14,
                    end_lineno=4,
                    end_col_offset=16),
                  Store(),
                  lineno=4,
                  col_offset=8,
                  end_lineno=4,
                  end_col_offset=17)],
              Constant(
                '10',
                lineno=4,
                col_offset=20,
                end_lineno=4,
                end_col_offset=24),
              lineno=4,
              col_offset=8,
              end_lineno=4,
              end_col_offset=24)],
          [],
          lineno=3,
          col_offset=4,
          end_lineno=4,
          end_col_offset=24),
        If(
          BoolOp(
            Or(),
            [
              UnaryOp(
                Not(),
                Compare(
                  Call(
                    Name(
                      'len',
                      Load(),
                      lineno=5,
                      col_offset=11,
                      end_lineno=5,
                      end_col_offset=14),
                    [
                      Name(
                        'chars',
                        Load(),
                        lineno=5,
                        col_offset=15,
                        end_lineno=5,
                        end_col_offset=20)],
                    [],
                    lineno=5,
                    col_offset=11,
                    end_lineno=5,
                    end_col_offset=21),
                  [
                    Eq()],
                  [
                    Constant(
                      10,
                      lineno=5,
                      col_offset=25,
                      end_lineno=5,
                      end_col_offset=27)],
                  lineno=5,
                  col_offset=11,
                  end_lineno=5,
                  end_col_offset=27),
                lineno=5,
                col_offset=7,
                end_lineno=5,
                end_col_offset=27),
              UnaryOp(
                Not(),
                Call(
                  Name(
                    'all',
                    Load(),
                    lineno=5,
                    col_offset=35,
                    end_lineno=5,
                    end_col_offset=38),
                  [
                    GeneratorExp(
                      Call(
                        Attribute(
                          Name(
                            'char',
                            Load(),
                            lineno=5,
                            col_offset=39,
                            end_lineno=5,
                            end_col_offset=43),
                          'isdigit',
                          Load(),
                          lineno=5,
                          col_offset=39,
                          end_lineno=5,
                          end_col_offset=51),
                        [],
                        [],
                        lineno=5,
                        col_offset=39,
                        end_lineno=5,
                        end_col_offset=53),
                      [
                        comprehension(
                          Name(
                            'char',
                            Store(),
                            lineno=5,
                            col_offset=58,
                            end_lineno=5,
                            end_col_offset=62),
                          Name(
                            'chars',
                            Load(),
                            lineno=5,
                            col_offset=66,
                            end_lineno=5,
                            end_col_offset=71),
                          [],
                          0)],
                      lineno=5,
                      col_offset=38,
                      end_lineno=5,
                      end_col_offset=72)],
                  [],
                  lineno=5,
                  col_offset=35,
                  end_lineno=5,
                  end_col_offset=72),
                lineno=5,
                col_offset=31,
                end_lineno=5,
                end_col_offset=72)],
            lineno=5,
            col_offset=7,
            end_lineno=5,
            end_col_offset=72),
          [
            Return(
              Constant(
                False,
                lineno=6,
                col_offset=15,
                end_lineno=6,
                end_col_offset=20),
              lineno=6,
              col_offset=8,
              end_lineno=6,
              end_col_offset=20)],
          [],
          lineno=5,
          col_offset=4,
          end_lineno=6,
          end_col_offset=20),
        Assign(
          [
            Name(
              'indices',
              Store(),
              lineno=7,
              col_offset=4,
              end_lineno=7,
              end_col_offset=11)],
          Call(
            Name(
              'list',
              Load(),
              lineno=7,
              col_offset=14,
              end_lineno=7,
              end_col_offset=18),
            [
              Call(
                Name(
                  'range',
                  Load(),
                  lineno=7,
                  col_offset=19,
                  end_lineno=7,
                  end_col_offset=24),
                [
                  Constant(
                    10,
                    lineno=7,
                    col_offset=25,
                    end_lineno=7,
                    end_col_offset=27),
                  Constant(
                    0,
                    lineno=7,
                    col_offset=29,
                    end_lineno=7,
                    end_col_offset=30),
                  UnaryOp(
                    USub(),
                    Constant(
                      1,
                      lineno=7,
                      col_offset=33,
                      end_lineno=7,
                      end_col_offset=34),
                    lineno=7,
                    col_offset=32,
                    end_lineno=7,
                    end_col_offset=34)],
                [],
                lineno=7,
                col_offset=19,
                end_lineno=7,
                end_col_offset=35)],
            [],
            lineno=7,
            col_offset=14,
            end_lineno=7,
            end_col_offset=36),
          lineno=7,
          col_offset=4,
          end_lineno=7,
          end_col_offset=36),
        Return(
          Compare(
            BinOp(
              Call(
                Name(
                  'sum',
                  Load(),
                  lineno=8,
                  col_offset=11,
                  end_lineno=8,
                  end_col_offset=14),
                [
                  GeneratorExp(
                    BinOp(
                      Call(
                        Name(
                          'int',
                          Load(),
                          lineno=8,
                          col_offset=15,
                          end_lineno=8,
                          end_col_offset=18),
                        [
                          Name(
                            'char',
                            Load(),
                            lineno=8,
                            col_offset=19,
                            end_lineno=8,
                            end_col_offset=23)],
                        [],
                        lineno=8,
                        col_offset=15,
                        end_lineno=8,
                        end_col_offset=24),
                      Mult(),
                      Name(
                        'idx',
                        Load(),
                        lineno=8,
                        col_offset=27,
                        end_lineno=8,
                        end_col_offset=30),
                      lineno=8,
                      col_offset=15,
                      end_lineno=8,
                      end_col_offset=30),
                    [
                      comprehension(
                        Tuple(
                          [
                            Name(
                              'char',
                              Store(),
                              lineno=8,
                              col_offset=35,
                              end_lineno=8,
                              end_col_offset=39),
                            Name(
                              'idx',
                              Store(),
                              lineno=8,
                              col_offset=41,
                              end_lineno=8,
                              end_col_offset=44)],
                          Store(),
                          lineno=8,
                          col_offset=35,
                          end_lineno=8,
                          end_col_offset=44),
                        Call(
                          Name(
                            'zip',
                            Load(),
                            lineno=8,
                            col_offset=48,
                            end_lineno=8,
                            end_col_offset=51),
                          [
                            Name(
                              'chars',
                              Load(),
                              lineno=8,
                              col_offset=52,
                              end_lineno=8,
                              end_col_offset=57),
                            Name(
                              'indices',
                              Load(),
                              lineno=8,
                              col_offset=59,
                              end_lineno=8,
                              end_col_offset=66)],
                          [],
                          lineno=8,
                          col_offset=48,
                          end_lineno=8,
                          end_col_offset=67),
                        [],
                        0)],
                    lineno=8,
                    col_offset=14,
                    end_lineno=8,
                    end_col_offset=68)],
                [],
                lineno=8,
                col_offset=11,
                end_lineno=8,
                end_col_offset=68),
              Mod(),
              Constant(
                11,
                lineno=8,
                col_offset=71,
                end_lineno=8,
                end_col_offset=73),
              lineno=8,
              col_offset=11,
              end_lineno=8,
              end_col_offset=73),
            [
              Eq()],
            [
              Constant(
                0,
                lineno=8,
                col_offset=77,
                end_lineno=8,
                end_col_offset=78)],
            lineno=8,
            col_offset=11,
            end_lineno=8,
            end_col_offset=78),
          lineno=8,
          col_offset=4,
          end_lineno=8,
          end_col_offset=78)],
      [],
      lineno=1,
      col_offset=0,
      end_lineno=8,
      end_col_offset=78)],
  [])
## END TREE BEFORE ##

## BEGIN NORMALIZED TREE ##
Module(
  [
    FunctionDef(
      'placeholder_0',
      arguments(
        [],
        [
          arg(
            'placeholder_1',
            lineno=1,
            col_offset=13,
            end_lineno=1,
            end_col_offset=17)],
        kwonlyargs=[],
        kw_defaults=[],
        defaults=[]),
      [
        Assign(
          [
            Name(
              'placeholder_2',
              Store(),
              lineno=2,
              col_offset=4,
              end_lineno=2,
              end_col_offset=9)],
          Call(
            Name(
              'list',
              Load(),
              lineno=2,
              col_offset=12,
              end_lineno=2,
              end_col_offset=16),
            [
              Call(
                Attribute(
                  Name(
                    'placeholder_1',
                    Load(),
                    lineno=2,
                    col_offset=17,
                    end_lineno=2,
                    end_col_offset=21),
                  'replace',
                  Load(),
                  lineno=2,
                  col_offset=17,
                  end_lineno=2,
                  end_col_offset=29),
                [
                  Constant(
                    '-',
                    lineno=2,
                    col_offset=30,
                    end_lineno=2,
                    end_col_offset=33),
                  Constant(
                    '',
                    lineno=2,
                    col_offset=35,
                    end_lineno=2,
                    end_col_offset=37)],
                [],
                lineno=2,
                col_offset=17,
                end_lineno=2,
                end_col_offset=38)],
            [],
            lineno=2,
            col_offset=12,
            end_lineno=2,
            end_col_offset=39),
          lineno=2,
          col_offset=4,
          end_lineno=2,
          end_col_offset=39),
        If(
          BoolOp(
            And(),
            [
              Name(
                'placeholder_2',
                Load(),
                lineno=3,
                col_offset=7,
                end_lineno=3,
                end_col_offset=12),
              Compare(
                Subscript(
                  Name(
                    'placeholder_2',
                    Load(),
                    lineno=3,
                    col_offset=17,
                    end_lineno=3,
                    end_col_offset=22),
                  UnaryOp(
                    USub(),
                    Constant(
                      1,
                      lineno=3,
                      col_offset=24,
                      end_lineno=3,
                      end_col_offset=25),
                    lineno=3,
                    col_offset=23,
                    end_lineno=3,
                    end_col_offset=25),
                  Load(),
                  lineno=3,
                  col_offset=17,
                  end_lineno=3,
                  end_col_offset=26),
                [
                  Eq()],
                [
                  Constant(
                    'X',
                    lineno=3,
                    col_offset=30,
                    end_lineno=3,
                    end_col_offset=33)],
                lineno=3,
                col_offset=17,
                end_lineno=3,
                end_col_offset=33)],
            lineno=3,
            col_offset=7,
            end_lineno=3,
            end_col_offset=33),
          [
            Assign(
              [
                Subscript(
                  Name(
                    'placeholder_2',
                    Load(),
                    lineno=4,
                    col_offset=8,
                    end_lineno=4,
                    end_col_offset=13),
                  UnaryOp(
                    USub(),
                    Constant(
                      1,
                      lineno=4,
                      col_offset=15,
                      end_lineno=4,
                      end_col_offset=16),
                    lineno=4,
                    col_offset=14,
                    end_lineno=4,
                    end_col_offset=16),
                  Store(),
                  lineno=4,
                  col_offset=8,
                  end_lineno=4,
                  end_col_offset=17)],
              Constant(
                '10',
                lineno=4,
                col_offset=20,
                end_lineno=4,
                end_col_offset=24),
              lineno=4,
              col_offset=8,
              end_lineno=4,
              end_col_offset=24)],
          [],
          lineno=3,
          col_offset=4,
          end_lineno=4,
          end_col_offset=24),
        If(
          BoolOp(
            Or(),
            [
              UnaryOp(
                Not(),
                Compare(
                  Call(
                    Name(
                      'len',
                      Load(),
                      lineno=5,
                      col_offset=11,
                      end_lineno=5,
                      end_col_offset=14),
                    [
                      Name(
                        'placeholder_2',
                        Load(),
                        lineno=5,
                        col_offset=15,
                        end_lineno=5,
                        end_col_offset=20)],
                    [],
                    lineno=5,
                    col_offset=11,
                    end_lineno=5,
                    end_col_offset=21),
                  [
                    Eq()],
                  [
                    Constant(
                      10,
                      lineno=5,
                      col_offset=25,
                      end_lineno=5,
                      end_col_offset=27)],
                  lineno=5,
                  col_offset=11,
                  end_lineno=5,
                  end_col_offset=27),
                lineno=5,
                col_offset=7,
                end_lineno=5,
                end_col_offset=27),
              UnaryOp(
                Not(),
                Call(
                  Name(
                    'all',
                    Load(),
                    lineno=5,
                    col_offset=35,
                    end_lineno=5,
                    end_col_offset=38),
                  [
                    GeneratorExp(
                      Call(
                        Attribute(
                          Name(
                            'placeholder_3',
                            Load(),
                            lineno=5,
                            col_offset=39,
                            end_lineno=5,
                            end_col_offset=43),
                          'isdigit',
                          Load(),
                          lineno=5,
                          col_offset=39,
                          end_lineno=5,
                          end_col_offset=51),
                        [],
                        [],
                        lineno=5,
                        col_offset=39,
                        end_lineno=5,
                        end_col_offset=53),
                      [
                        comprehension(
                          Name(
                            'placeholder_3',
                            Store(),
                            lineno=5,
                            col_offset=58,
                            end_lineno=5,
                            end_col_offset=62),
                          Name(
                            'placeholder_2',
                            Load(),
                            lineno=5,
                            col_offset=66,
                            end_lineno=5,
                            end_col_offset=71),
                          [],
                          0)],
                      lineno=5,
                      col_offset=38,
                      end_lineno=5,
                      end_col_offset=72)],
                  [],
                  lineno=5,
                  col_offset=35,
                  end_lineno=5,
                  end_col_offset=72),
                lineno=5,
                col_offset=31,
                end_lineno=5,
                end_col_offset=72)],
            lineno=5,
            col_offset=7,
            end_lineno=5,
            end_col_offset=72),
          [
            Return(
              Constant(
                False,
                lineno=6,
                col_offset=15,
                end_lineno=6,
                end_col_offset=20),
              lineno=6,
              col_offset=8,
              end_lineno=6,
              end_col_offset=20)],
          [],
          lineno=5,
          col_offset=4,
          end_lineno=6,
          end_col_offset=20),
        Assign(
          [
            Name(
              'placeholder_4',
              Store(),
              lineno=7,
              col_offset=4,
              end_lineno=7,
              end_col_offset=11)],
          Call(
            Name(
              'list',
              Load(),
              lineno=7,
              col_offset=14,
              end_lineno=7,
              end_col_offset=18),
            [
              Call(
                Name(
                  'range',
                  Load(),
                  lineno=7,
                  col_offset=19,
                  end_lineno=7,
                  end_col_offset=24),
                [
                  Constant(
                    10,
                    lineno=7,
                    col_offset=25,
                    end_lineno=7,
                    end_col_offset=27),
                  Constant(
                    0,
                    lineno=7,
                    col_offset=29,
                    end_lineno=7,
                    end_col_offset=30),
                  UnaryOp(
                    USub(),
                    Constant(
                      1,
                      lineno=7,
                      col_offset=33,
                      end_lineno=7,
                      end_col_offset=34),
                    lineno=7,
                    col_offset=32,
                    end_lineno=7,
                    end_col_offset=34)],
                [],
                lineno=7,
                col_offset=19,
                end_lineno=7,
                end_col_offset=35)],
            [],
            lineno=7,
            col_offset=14,
            end_lineno=7,
            end_col_offset=36),
          lineno=7,
          col_offset=4,
          end_lineno=7,
          end_col_offset=36),
        Return(
          Compare(
            BinOp(
              Call(
                Name(
                  'sum',
                  Load(),
                  lineno=8,
                  col_offset=11,
                  end_lineno=8,
                  end_col_offset=14),
                [
                  GeneratorExp(
                    BinOp(
                      Call(
                        Name(
                          'int',
                          Load(),
                          lineno=8,
                          col_offset=15,
                          end_lineno=8,
                          end_col_offset=18),
                        [
                          Name(
                            'placeholder_3',
                            Load(),
                            lineno=8,
                            col_offset=19,
                            end_lineno=8,
                            end_col_offset=23)],
                        [],
                        lineno=8,
                        col_offset=15,
                        end_lineno=8,
                        end_col_offset=24),
                      Mult(),
                      Name(
                        'placeholder_5',
                        Load(),
                        lineno=8,
                        col_offset=27,
                        end_lineno=8,
                        end_col_offset=30),
                      lineno=8,
                      col_offset=15,
                      end_lineno=8,
                      end_col_offset=30),
                    [
                      comprehension(
                        Tuple(
                          [
                            Name(
                              'placeholder_3',
                              Store(),
                              lineno=8,
                              col_offset=35,
                              end_lineno=8,
                              end_col_offset=39),
                            Name(
                              'placeholder_5',
                              Store(),
                              lineno=8,
                              col_offset=41,
                              end_lineno=8,
                              end_col_offset=44)],
                          Store(),
                          lineno=8,
                          col_offset=35,
                          end_lineno=8,
                          end_col_offset=44),
                        Call(
                          Name(
                            'zip',
                            Load(),
                            lineno=8,
                            col_offset=48,
                            end_lineno=8,
                            end_col_offset=51),
                          [
                            Name(
                              'placeholder_2',
                              Load(),
                              lineno=8,
                              col_offset=52,
                              end_lineno=8,
                              end_col_offset=57),
                            Name(
                              'placeholder_4',
                              Load(),
                              lineno=8,
                              col_offset=59,
                              end_lineno=8,
                              end_col_offset=66)],
                          [],
                          lineno=8,
                          col_offset=48,
                          end_lineno=8,
                          end_col_offset=67),
                        [],
                        0)],
                    lineno=8,
                    col_offset=14,
                    end_lineno=8,
                    end_col_offset=68)],
                [],
                lineno=8,
                col_offset=11,
                end_lineno=8,
                end_col_offset=68),
              Mod(),
              Constant(
                11,
                lineno=8,
                col_offset=71,
                end_lineno=8,
                end_col_offset=73),
              lineno=8,
              col_offset=11,
              end_lineno=8,
              end_col_offset=73),
            [
              Eq()],
            [
              Constant(
                0,
                lineno=8,
                col_offset=77,
                end_lineno=8,
                end_col_offset=78)],
            lineno=8,
            col_offset=11,
            end_lineno=8,
            end_col_offset=78),
          lineno=8,
          col_offset=4,
          end_lineno=8,
          end_col_offset=78)],
      [],
      lineno=1,
      col_offset=0,
      end_lineno=8,
      end_col_offset=78)],
  [])
## END NORMALIZED TREE ##