# BEGIN TREE BEFORE
Module(
  [
    Import(
      [
        alias(
          're',
          lineno=1,
          col_offset=7,
          end_lineno=1,
          end_col_offset=9)],
      lineno=1,
      col_offset=0,
      end_lineno=1,
      end_col_offset=9),
    ImportFrom(
      'collections',
      [
        alias(
          'Counter',
          lineno=2,
          col_offset=24,
          end_lineno=2,
          end_col_offset=31)],
      0,
      lineno=2,
      col_offset=0,
      end_lineno=2,
      end_col_offset=31),
    Assign(
      [
        Name(
          'WORDS',
          Store(),
          lineno=5,
          col_offset=0,
          end_lineno=5,
          end_col_offset=5)],
      Call(
        Attribute(
          Name(
            're',
            Load(),
            lineno=5,
            col_offset=8,
            end_lineno=5,
            end_col_offset=10),
          'compile',
          Load(),
          lineno=5,
          col_offset=8,
          end_lineno=5,
          end_col_offset=18),
        [
          Constant(
            "[a-z0-9]+(['][a-z]+)?",
            lineno=5,
            col_offset=19,
            end_lineno=5,
            end_col_offset=42)],
        [],
        lineno=5,
        col_offset=8,
        end_lineno=5,
        end_col_offset=43),
      lineno=5,
      col_offset=0,
      end_lineno=5,
      end_col_offset=43),
    FunctionDef(
      'count_words',
      arguments(
        [],
        [
          arg(
            'text',
            lineno=8,
            col_offset=16,
            end_lineno=8,
            end_col_offset=20)],
        kwonlyargs=[],
        kw_defaults=[],
        defaults=[]),
      [
        Return(
          Call(
            Name(
              'Counter',
              Load(),
              lineno=9,
              col_offset=11,
              end_lineno=9,
              end_col_offset=18),
            [
              GeneratorExp(
                Call(
                  Attribute(
                    Name(
                      'word',
                      Load(),
                      lineno=9,
                      col_offset=19,
                      end_lineno=9,
                      end_col_offset=23),
                    'group',
                    Load(),
                    lineno=9,
                    col_offset=19,
                    end_lineno=9,
                    end_col_offset=29),
                  [
                    Constant(
                      0,
                      lineno=9,
                      col_offset=30,
                      end_lineno=9,
                      end_col_offset=31)],
                  [],
                  lineno=9,
                  col_offset=19,
                  end_lineno=9,
                  end_col_offset=32),
                [
                  comprehension(
                    Name(
                      'word',
                      Store(),
                      lineno=9,
                      col_offset=37,
                      end_lineno=9,
                      end_col_offset=41),
                    Call(
                      Attribute(
                        Name(
                          'WORDS',
                          Load(),
                          lineno=9,
                          col_offset=45,
                          end_lineno=9,
                          end_col_offset=50),
                        'finditer',
                        Load(),
                        lineno=9,
                        col_offset=45,
                        end_lineno=9,
                        end_col_offset=59),
                      [
                        Call(
                          Attribute(
                            Name(
                              'text',
                              Load(),
                              lineno=9,
                              col_offset=60,
                              end_lineno=9,
                              end_col_offset=64),
                            'lower',
                            Load(),
                            lineno=9,
                            col_offset=60,
                            end_lineno=9,
                            end_col_offset=70),
                          [],
                          [],
                          lineno=9,
                          col_offset=60,
                          end_lineno=9,
                          end_col_offset=72)],
                      [],
                      lineno=9,
                      col_offset=45,
                      end_lineno=9,
                      end_col_offset=73),
                    [],
                    0)],
                lineno=9,
                col_offset=18,
                end_lineno=9,
                end_col_offset=74)],
            [],
            lineno=9,
            col_offset=11,
            end_lineno=9,
            end_col_offset=74),
          lineno=9,
          col_offset=4,
          end_lineno=9,
          end_col_offset=74)],
      [],
      lineno=8,
      col_offset=0,
      end_lineno=9,
      end_col_offset=74)],
  [])

# BEGIN TREE AFTER
Module(
  [
    Import(
      [
        alias(
          're',
          lineno=1,
          col_offset=7,
          end_lineno=1,
          end_col_offset=9)],
      lineno=1,
      col_offset=0,
      end_lineno=1,
      end_col_offset=9),
    ImportFrom(
      'collections',
      [
        alias(
          'Counter',
          lineno=2,
          col_offset=24,
          end_lineno=2,
          end_col_offset=31)],
      0,
      lineno=2,
      col_offset=0,
      end_lineno=2,
      end_col_offset=31),
    Assign(
      [
        Name(
          'placeholder_0',
          Store(),
          lineno=5,
          col_offset=0,
          end_lineno=5,
          end_col_offset=5)],
      Call(
        Attribute(
          Name(
            're',
            Load(),
            lineno=5,
            col_offset=8,
            end_lineno=5,
            end_col_offset=10),
          'compile',
          Load(),
          lineno=5,
          col_offset=8,
          end_lineno=5,
          end_col_offset=18),
        [
          Constant(
            "[a-z0-9]+(['][a-z]+)?",
            lineno=5,
            col_offset=19,
            end_lineno=5,
            end_col_offset=42)],
        [],
        lineno=5,
        col_offset=8,
        end_lineno=5,
        end_col_offset=43),
      lineno=5,
      col_offset=0,
      end_lineno=5,
      end_col_offset=43),
    FunctionDef(
      'placeholder_1',
      arguments(
        [],
        [
          arg(
            'placeholder_2',
            lineno=8,
            col_offset=16,
            end_lineno=8,
            end_col_offset=20)],
        kwonlyargs=[],
        kw_defaults=[],
        defaults=[]),
      [
        Return(
          Call(
            Name(
              'Counter',
              Load(),
              lineno=9,
              col_offset=11,
              end_lineno=9,
              end_col_offset=18),
            [
              GeneratorExp(
                Call(
                  Attribute(
                    Name(
                      'placeholder_3',
                      Load(),
                      lineno=9,
                      col_offset=19,
                      end_lineno=9,
                      end_col_offset=23),
                    'group',
                    Load(),
                    lineno=9,
                    col_offset=19,
                    end_lineno=9,
                    end_col_offset=29),
                  [
                    Constant(
                      0,
                      lineno=9,
                      col_offset=30,
                      end_lineno=9,
                      end_col_offset=31)],
                  [],
                  lineno=9,
                  col_offset=19,
                  end_lineno=9,
                  end_col_offset=32),
                [
                  comprehension(
                    Name(
                      'placeholder_3',
                      Store(),
                      lineno=9,
                      col_offset=37,
                      end_lineno=9,
                      end_col_offset=41),
                    Call(
                      Attribute(
                        Name(
                          'placeholder_0',
                          Load(),
                          lineno=9,
                          col_offset=45,
                          end_lineno=9,
                          end_col_offset=50),
                        'finditer',
                        Load(),
                        lineno=9,
                        col_offset=45,
                        end_lineno=9,
                        end_col_offset=59),
                      [
                        Call(
                          Attribute(
                            Name(
                              'placeholder_2',
                              Load(),
                              lineno=9,
                              col_offset=60,
                              end_lineno=9,
                              end_col_offset=64),
                            'lower',
                            Load(),
                            lineno=9,
                            col_offset=60,
                            end_lineno=9,
                            end_col_offset=70),
                          [],
                          [],
                          lineno=9,
                          col_offset=60,
                          end_lineno=9,
                          end_col_offset=72)],
                      [],
                      lineno=9,
                      col_offset=45,
                      end_lineno=9,
                      end_col_offset=73),
                    [],
                    0)],
                lineno=9,
                col_offset=18,
                end_lineno=9,
                end_col_offset=74)],
            [],
            lineno=9,
            col_offset=11,
            end_lineno=9,
            end_col_offset=74),
          lineno=9,
          col_offset=4,
          end_lineno=9,
          end_col_offset=74)],
      [],
      lineno=8,
      col_offset=0,
      end_lineno=9,
      end_col_offset=74)],
  [])

# BEGIN NORMALIZED CODE AFTER
import re
from collections import Counter

placeholder_0 = re.compile("[a-z0-9]+(['][a-z]+)?")


def placeholder_1(placeholder_2):
    return Counter(
        (
            placeholder_3.group(0)
            for placeholder_3 in placeholder_0.finditer(placeholder_2.lower())
        )
    )
