## BEGIN NORMALIZED CODE ##
from string import ascii_lowercase, ascii_uppercase

placeholder_0 = len(ascii_lowercase)


def placeholder_1(placeholder_2, placeholder_3):
    placeholder_4 = ""
    for placeholder_5 in placeholder_2:
        if placeholder_5 in ascii_lowercase:
            placeholder_5 = ascii_lowercase[
                (ascii_lowercase.index(placeholder_5) + placeholder_3) % placeholder_0
            ]
        elif placeholder_5 in ascii_uppercase:
            placeholder_5 = ascii_uppercase[
                (ascii_uppercase.index(placeholder_5) + placeholder_3) % placeholder_0
            ]
        placeholder_4 += placeholder_5
    return placeholder_4

## END NORMALIZED CODE ##

## BEGIN TREE BEFORE ##
Module(
  [
    ImportFrom(
      'string',
      [
        alias(
          'ascii_lowercase',
          lineno=1,
          col_offset=19,
          end_lineno=1,
          end_col_offset=34),
        alias(
          'ascii_uppercase',
          lineno=1,
          col_offset=36,
          end_lineno=1,
          end_col_offset=51)],
      0,
      lineno=1,
      col_offset=0,
      end_lineno=1,
      end_col_offset=51),
    Assign(
      [
        Name(
          'ALPHA_LEN',
          Store(),
          lineno=4,
          col_offset=0,
          end_lineno=4,
          end_col_offset=9)],
      Call(
        Name(
          'len',
          Load(),
          lineno=4,
          col_offset=12,
          end_lineno=4,
          end_col_offset=15),
        [
          Name(
            'ascii_lowercase',
            Load(),
            lineno=4,
            col_offset=16,
            end_lineno=4,
            end_col_offset=31)],
        [],
        lineno=4,
        col_offset=12,
        end_lineno=4,
        end_col_offset=32),
      lineno=4,
      col_offset=0,
      end_lineno=4,
      end_col_offset=32),
    FunctionDef(
      'rotate',
      arguments(
        [],
        [
          arg(
            'message',
            lineno=7,
            col_offset=11,
            end_lineno=7,
            end_col_offset=18),
          arg(
            'key',
            lineno=7,
            col_offset=20,
            end_lineno=7,
            end_col_offset=23)],
        kwonlyargs=[],
        kw_defaults=[],
        defaults=[]),
      [
        Assign(
          [
            Name(
              'coded_message',
              Store(),
              lineno=8,
              col_offset=4,
              end_lineno=8,
              end_col_offset=17)],
          Constant(
            '',
            lineno=8,
            col_offset=20,
            end_lineno=8,
            end_col_offset=22),
          lineno=8,
          col_offset=4,
          end_lineno=8,
          end_col_offset=22),
        For(
          Name(
            'char',
            Store(),
            lineno=9,
            col_offset=8,
            end_lineno=9,
            end_col_offset=12),
          Name(
            'message',
            Load(),
            lineno=9,
            col_offset=16,
            end_lineno=9,
            end_col_offset=23),
          [
            If(
              Compare(
                Name(
                  'char',
                  Load(),
                  lineno=10,
                  col_offset=11,
                  end_lineno=10,
                  end_col_offset=15),
                [
                  In()],
                [
                  Name(
                    'ascii_lowercase',
                    Load(),
                    lineno=10,
                    col_offset=19,
                    end_lineno=10,
                    end_col_offset=34)],
                lineno=10,
                col_offset=11,
                end_lineno=10,
                end_col_offset=34),
              [
                Assign(
                  [
                    Name(
                      'char',
                      Store(),
                      lineno=11,
                      col_offset=12,
                      end_lineno=11,
                      end_col_offset=16)],
                  Subscript(
                    Name(
                      'ascii_lowercase',
                      Load(),
                      lineno=11,
                      col_offset=19,
                      end_lineno=11,
                      end_col_offset=34),
                    BinOp(
                      BinOp(
                        Call(
                          Attribute(
                            Name(
                              'ascii_lowercase',
                              Load(),
                              lineno=11,
                              col_offset=36,
                              end_lineno=11,
                              end_col_offset=51),
                            'index',
                            Load(),
                            lineno=11,
                            col_offset=36,
                            end_lineno=11,
                            end_col_offset=57),
                          [
                            Name(
                              'char',
                              Load(),
                              lineno=11,
                              col_offset=58,
                              end_lineno=11,
                              end_col_offset=62)],
                          [],
                          lineno=11,
                          col_offset=36,
                          end_lineno=11,
                          end_col_offset=63),
                        Add(),
                        Name(
                          'key',
                          Load(),
                          lineno=11,
                          col_offset=66,
                          end_lineno=11,
                          end_col_offset=69),
                        lineno=11,
                        col_offset=36,
                        end_lineno=11,
                        end_col_offset=69),
                      Mod(),
                      Name(
                        'ALPHA_LEN',
                        Load(),
                        lineno=11,
                        col_offset=73,
                        end_lineno=11,
                        end_col_offset=82),
                      lineno=11,
                      col_offset=35,
                      end_lineno=11,
                      end_col_offset=82),
                    Load(),
                    lineno=11,
                    col_offset=19,
                    end_lineno=11,
                    end_col_offset=83),
                  lineno=11,
                  col_offset=12,
                  end_lineno=11,
                  end_col_offset=83)],
              [
                If(
                  Compare(
                    Name(
                      'char',
                      Load(),
                      lineno=12,
                      col_offset=13,
                      end_lineno=12,
                      end_col_offset=17),
                    [
                      In()],
                    [
                      Name(
                        'ascii_uppercase',
                        Load(),
                        lineno=12,
                        col_offset=21,
                        end_lineno=12,
                        end_col_offset=36)],
                    lineno=12,
                    col_offset=13,
                    end_lineno=12,
                    end_col_offset=36),
                  [
                    Assign(
                      [
                        Name(
                          'char',
                          Store(),
                          lineno=13,
                          col_offset=12,
                          end_lineno=13,
                          end_col_offset=16)],
                      Subscript(
                        Name(
                          'ascii_uppercase',
                          Load(),
                          lineno=13,
                          col_offset=19,
                          end_lineno=13,
                          end_col_offset=34),
                        BinOp(
                          BinOp(
                            Call(
                              Attribute(
                                Name(
                                  'ascii_uppercase',
                                  Load(),
                                  lineno=13,
                                  col_offset=36,
                                  end_lineno=13,
                                  end_col_offset=51),
                                'index',
                                Load(),
                                lineno=13,
                                col_offset=36,
                                end_lineno=13,
                                end_col_offset=57),
                              [
                                Name(
                                  'char',
                                  Load(),
                                  lineno=13,
                                  col_offset=58,
                                  end_lineno=13,
                                  end_col_offset=62)],
                              [],
                              lineno=13,
                              col_offset=36,
                              end_lineno=13,
                              end_col_offset=63),
                            Add(),
                            Name(
                              'key',
                              Load(),
                              lineno=13,
                              col_offset=66,
                              end_lineno=13,
                              end_col_offset=69),
                            lineno=13,
                            col_offset=36,
                            end_lineno=13,
                            end_col_offset=69),
                          Mod(),
                          Name(
                            'ALPHA_LEN',
                            Load(),
                            lineno=13,
                            col_offset=73,
                            end_lineno=13,
                            end_col_offset=82),
                          lineno=13,
                          col_offset=35,
                          end_lineno=13,
                          end_col_offset=82),
                        Load(),
                        lineno=13,
                        col_offset=19,
                        end_lineno=13,
                        end_col_offset=83),
                      lineno=13,
                      col_offset=12,
                      end_lineno=13,
                      end_col_offset=83)],
                  [],
                  lineno=12,
                  col_offset=8,
                  end_lineno=13,
                  end_col_offset=83)],
              lineno=10,
              col_offset=8,
              end_lineno=13,
              end_col_offset=83),
            AugAssign(
              Name(
                'coded_message',
                Store(),
                lineno=14,
                col_offset=8,
                end_lineno=14,
                end_col_offset=21),
              Add(),
              Name(
                'char',
                Load(),
                lineno=14,
                col_offset=25,
                end_lineno=14,
                end_col_offset=29),
              lineno=14,
              col_offset=8,
              end_lineno=14,
              end_col_offset=29)],
          [],
          lineno=9,
          col_offset=4,
          end_lineno=14,
          end_col_offset=29),
        Return(
          Name(
            'coded_message',
            Load(),
            lineno=15,
            col_offset=11,
            end_lineno=15,
            end_col_offset=24),
          lineno=15,
          col_offset=4,
          end_lineno=15,
          end_col_offset=24)],
      [],
      lineno=7,
      col_offset=0,
      end_lineno=15,
      end_col_offset=24)],
  [])
## END TREE BEFORE ##

## BEGIN NORMALIZED TREE ##
Module(
  [
    ImportFrom(
      'string',
      [
        alias(
          'ascii_lowercase',
          lineno=1,
          col_offset=19,
          end_lineno=1,
          end_col_offset=34),
        alias(
          'ascii_uppercase',
          lineno=1,
          col_offset=36,
          end_lineno=1,
          end_col_offset=51)],
      0,
      lineno=1,
      col_offset=0,
      end_lineno=1,
      end_col_offset=51),
    Assign(
      [
        Name(
          'placeholder_0',
          Store(),
          lineno=4,
          col_offset=0,
          end_lineno=4,
          end_col_offset=9)],
      Call(
        Name(
          'len',
          Load(),
          lineno=4,
          col_offset=12,
          end_lineno=4,
          end_col_offset=15),
        [
          Name(
            'ascii_lowercase',
            Load(),
            lineno=4,
            col_offset=16,
            end_lineno=4,
            end_col_offset=31)],
        [],
        lineno=4,
        col_offset=12,
        end_lineno=4,
        end_col_offset=32),
      lineno=4,
      col_offset=0,
      end_lineno=4,
      end_col_offset=32),
    FunctionDef(
      'placeholder_1',
      arguments(
        [],
        [
          arg(
            'placeholder_2',
            lineno=7,
            col_offset=11,
            end_lineno=7,
            end_col_offset=18),
          arg(
            'placeholder_3',
            lineno=7,
            col_offset=20,
            end_lineno=7,
            end_col_offset=23)],
        kwonlyargs=[],
        kw_defaults=[],
        defaults=[]),
      [
        Assign(
          [
            Name(
              'placeholder_4',
              Store(),
              lineno=8,
              col_offset=4,
              end_lineno=8,
              end_col_offset=17)],
          Constant(
            '',
            lineno=8,
            col_offset=20,
            end_lineno=8,
            end_col_offset=22),
          lineno=8,
          col_offset=4,
          end_lineno=8,
          end_col_offset=22),
        For(
          Name(
            'placeholder_5',
            Store(),
            lineno=9,
            col_offset=8,
            end_lineno=9,
            end_col_offset=12),
          Name(
            'placeholder_2',
            Load(),
            lineno=9,
            col_offset=16,
            end_lineno=9,
            end_col_offset=23),
          [
            If(
              Compare(
                Name(
                  'placeholder_5',
                  Load(),
                  lineno=10,
                  col_offset=11,
                  end_lineno=10,
                  end_col_offset=15),
                [
                  In()],
                [
                  Name(
                    'ascii_lowercase',
                    Load(),
                    lineno=10,
                    col_offset=19,
                    end_lineno=10,
                    end_col_offset=34)],
                lineno=10,
                col_offset=11,
                end_lineno=10,
                end_col_offset=34),
              [
                Assign(
                  [
                    Name(
                      'placeholder_5',
                      Store(),
                      lineno=11,
                      col_offset=12,
                      end_lineno=11,
                      end_col_offset=16)],
                  Subscript(
                    Name(
                      'ascii_lowercase',
                      Load(),
                      lineno=11,
                      col_offset=19,
                      end_lineno=11,
                      end_col_offset=34),
                    BinOp(
                      BinOp(
                        Call(
                          Attribute(
                            Name(
                              'ascii_lowercase',
                              Load(),
                              lineno=11,
                              col_offset=36,
                              end_lineno=11,
                              end_col_offset=51),
                            'index',
                            Load(),
                            lineno=11,
                            col_offset=36,
                            end_lineno=11,
                            end_col_offset=57),
                          [
                            Name(
                              'placeholder_5',
                              Load(),
                              lineno=11,
                              col_offset=58,
                              end_lineno=11,
                              end_col_offset=62)],
                          [],
                          lineno=11,
                          col_offset=36,
                          end_lineno=11,
                          end_col_offset=63),
                        Add(),
                        Name(
                          'placeholder_3',
                          Load(),
                          lineno=11,
                          col_offset=66,
                          end_lineno=11,
                          end_col_offset=69),
                        lineno=11,
                        col_offset=36,
                        end_lineno=11,
                        end_col_offset=69),
                      Mod(),
                      Name(
                        'placeholder_0',
                        Load(),
                        lineno=11,
                        col_offset=73,
                        end_lineno=11,
                        end_col_offset=82),
                      lineno=11,
                      col_offset=35,
                      end_lineno=11,
                      end_col_offset=82),
                    Load(),
                    lineno=11,
                    col_offset=19,
                    end_lineno=11,
                    end_col_offset=83),
                  lineno=11,
                  col_offset=12,
                  end_lineno=11,
                  end_col_offset=83)],
              [
                If(
                  Compare(
                    Name(
                      'placeholder_5',
                      Load(),
                      lineno=12,
                      col_offset=13,
                      end_lineno=12,
                      end_col_offset=17),
                    [
                      In()],
                    [
                      Name(
                        'ascii_uppercase',
                        Load(),
                        lineno=12,
                        col_offset=21,
                        end_lineno=12,
                        end_col_offset=36)],
                    lineno=12,
                    col_offset=13,
                    end_lineno=12,
                    end_col_offset=36),
                  [
                    Assign(
                      [
                        Name(
                          'placeholder_5',
                          Store(),
                          lineno=13,
                          col_offset=12,
                          end_lineno=13,
                          end_col_offset=16)],
                      Subscript(
                        Name(
                          'ascii_uppercase',
                          Load(),
                          lineno=13,
                          col_offset=19,
                          end_lineno=13,
                          end_col_offset=34),
                        BinOp(
                          BinOp(
                            Call(
                              Attribute(
                                Name(
                                  'ascii_uppercase',
                                  Load(),
                                  lineno=13,
                                  col_offset=36,
                                  end_lineno=13,
                                  end_col_offset=51),
                                'index',
                                Load(),
                                lineno=13,
                                col_offset=36,
                                end_lineno=13,
                                end_col_offset=57),
                              [
                                Name(
                                  'placeholder_5',
                                  Load(),
                                  lineno=13,
                                  col_offset=58,
                                  end_lineno=13,
                                  end_col_offset=62)],
                              [],
                              lineno=13,
                              col_offset=36,
                              end_lineno=13,
                              end_col_offset=63),
                            Add(),
                            Name(
                              'placeholder_3',
                              Load(),
                              lineno=13,
                              col_offset=66,
                              end_lineno=13,
                              end_col_offset=69),
                            lineno=13,
                            col_offset=36,
                            end_lineno=13,
                            end_col_offset=69),
                          Mod(),
                          Name(
                            'placeholder_0',
                            Load(),
                            lineno=13,
                            col_offset=73,
                            end_lineno=13,
                            end_col_offset=82),
                          lineno=13,
                          col_offset=35,
                          end_lineno=13,
                          end_col_offset=82),
                        Load(),
                        lineno=13,
                        col_offset=19,
                        end_lineno=13,
                        end_col_offset=83),
                      lineno=13,
                      col_offset=12,
                      end_lineno=13,
                      end_col_offset=83)],
                  [],
                  lineno=12,
                  col_offset=8,
                  end_lineno=13,
                  end_col_offset=83)],
              lineno=10,
              col_offset=8,
              end_lineno=13,
              end_col_offset=83),
            AugAssign(
              Name(
                'placeholder_4',
                Store(),
                lineno=14,
                col_offset=8,
                end_lineno=14,
                end_col_offset=21),
              Add(),
              Name(
                'placeholder_5',
                Load(),
                lineno=14,
                col_offset=25,
                end_lineno=14,
                end_col_offset=29),
              lineno=14,
              col_offset=8,
              end_lineno=14,
              end_col_offset=29)],
          [],
          lineno=9,
          col_offset=4,
          end_lineno=14,
          end_col_offset=29),
        Return(
          Name(
            'placeholder_4',
            Load(),
            lineno=15,
            col_offset=11,
            end_lineno=15,
            end_col_offset=24),
          lineno=15,
          col_offset=4,
          end_lineno=15,
          end_col_offset=24)],
      [],
      lineno=7,
      col_offset=0,
      end_lineno=15,
      end_col_offset=24)],
  [])
## END NORMALIZED TREE ##