## BEGIN NORMALIZED CODE ##
from string import ascii_lowercase

placeholder_0 = 5
placeholder_1 = str.maketrans(ascii_lowercase, ascii_lowercase[::-1])


def placeholder_2(placeholder_3):
    return (
        "".join(
            [
                placeholder_4
                for placeholder_4 in placeholder_3
                if placeholder_4.isalnum()
            ]
        )
        .lower()
        .translate(placeholder_1)
    )


def placeholder_5(placeholder_6):
    placeholder_7 = placeholder_2(placeholder_6)
    return " ".join(
        (
            placeholder_7[placeholder_8 : placeholder_8 + placeholder_0]
            for placeholder_8 in range(0, len(placeholder_7), placeholder_0)
        )
    )


def placeholder_9(placeholder_10):
    return placeholder_2(placeholder_10)

## END NORMALIZED CODE ##

## BEGIN TREE BEFORE ##
Module(
  [
    ImportFrom(
      'string',
      [
        alias(
          'ascii_lowercase',
          lineno=1,
          col_offset=19,
          end_lineno=1,
          end_col_offset=34)],
      0,
      lineno=1,
      col_offset=0,
      end_lineno=1,
      end_col_offset=34),
    Assign(
      [
        Name(
          'BLOCK_SIZE',
          Store(),
          lineno=4,
          col_offset=0,
          end_lineno=4,
          end_col_offset=10)],
      Constant(
        5,
        lineno=4,
        col_offset=13,
        end_lineno=4,
        end_col_offset=14),
      lineno=4,
      col_offset=0,
      end_lineno=4,
      end_col_offset=14),
    Assign(
      [
        Name(
          'trtbl',
          Store(),
          lineno=5,
          col_offset=0,
          end_lineno=5,
          end_col_offset=5)],
      Call(
        Attribute(
          Name(
            'str',
            Load(),
            lineno=5,
            col_offset=8,
            end_lineno=5,
            end_col_offset=11),
          'maketrans',
          Load(),
          lineno=5,
          col_offset=8,
          end_lineno=5,
          end_col_offset=21),
        [
          Name(
            'ascii_lowercase',
            Load(),
            lineno=5,
            col_offset=22,
            end_lineno=5,
            end_col_offset=37),
          Subscript(
            Name(
              'ascii_lowercase',
              Load(),
              lineno=5,
              col_offset=39,
              end_lineno=5,
              end_col_offset=54),
            Slice(
              step=UnaryOp(
                USub(),
                Constant(
                  1,
                  lineno=5,
                  col_offset=58,
                  end_lineno=5,
                  end_col_offset=59),
                lineno=5,
                col_offset=57,
                end_lineno=5,
                end_col_offset=59),
              lineno=5,
              col_offset=55,
              end_lineno=5,
              end_col_offset=59),
            Load(),
            lineno=5,
            col_offset=39,
            end_lineno=5,
            end_col_offset=60)],
        [],
        lineno=5,
        col_offset=8,
        end_lineno=5,
        end_col_offset=61),
      lineno=5,
      col_offset=0,
      end_lineno=5,
      end_col_offset=61),
    FunctionDef(
      'base_trans',
      arguments(
        [],
        [
          arg(
            'text',
            lineno=8,
            col_offset=15,
            end_lineno=8,
            end_col_offset=19)],
        kwonlyargs=[],
        kw_defaults=[],
        defaults=[]),
      [
        Return(
          Call(
            Attribute(
              Call(
                Attribute(
                  Call(
                    Attribute(
                      Constant(
                        '',
                        lineno=9,
                        col_offset=11,
                        end_lineno=9,
                        end_col_offset=13),
                      'join',
                      Load(),
                      lineno=9,
                      col_offset=11,
                      end_lineno=9,
                      end_col_offset=18),
                    [
                      ListComp(
                        Name(
                          'character',
                          Load(),
                          lineno=9,
                          col_offset=20,
                          end_lineno=9,
                          end_col_offset=29),
                        [
                          comprehension(
                            Name(
                              'character',
                              Store(),
                              lineno=9,
                              col_offset=34,
                              end_lineno=9,
                              end_col_offset=43),
                            Name(
                              'text',
                              Load(),
                              lineno=9,
                              col_offset=47,
                              end_lineno=9,
                              end_col_offset=51),
                            [
                              Call(
                                Attribute(
                                  Name(
                                    'character',
                                    Load(),
                                    lineno=9,
                                    col_offset=55,
                                    end_lineno=9,
                                    end_col_offset=64),
                                  'isalnum',
                                  Load(),
                                  lineno=9,
                                  col_offset=55,
                                  end_lineno=9,
                                  end_col_offset=72),
                                [],
                                [],
                                lineno=9,
                                col_offset=55,
                                end_lineno=9,
                                end_col_offset=74)],
                            0)],
                        lineno=9,
                        col_offset=19,
                        end_lineno=9,
                        end_col_offset=75)],
                    [],
                    lineno=9,
                    col_offset=11,
                    end_lineno=9,
                    end_col_offset=76),
                  'lower',
                  Load(),
                  lineno=9,
                  col_offset=11,
                  end_lineno=9,
                  end_col_offset=82),
                [],
                [],
                lineno=9,
                col_offset=11,
                end_lineno=9,
                end_col_offset=84),
              'translate',
              Load(),
              lineno=9,
              col_offset=11,
              end_lineno=9,
              end_col_offset=94),
            [
              Name(
                'trtbl',
                Load(),
                lineno=9,
                col_offset=95,
                end_lineno=9,
                end_col_offset=100)],
            [],
            lineno=9,
            col_offset=11,
            end_lineno=9,
            end_col_offset=101),
          lineno=9,
          col_offset=4,
          end_lineno=9,
          end_col_offset=101)],
      [],
      lineno=8,
      col_offset=0,
      end_lineno=9,
      end_col_offset=101),
    FunctionDef(
      'encode',
      arguments(
        [],
        [
          arg(
            'plain',
            lineno=12,
            col_offset=11,
            end_lineno=12,
            end_col_offset=16)],
        kwonlyargs=[],
        kw_defaults=[],
        defaults=[]),
      [
        Assign(
          [
            Name(
              'cipher',
              Store(),
              lineno=13,
              col_offset=4,
              end_lineno=13,
              end_col_offset=10)],
          Call(
            Name(
              'base_trans',
              Load(),
              lineno=13,
              col_offset=13,
              end_lineno=13,
              end_col_offset=23),
            [
              Name(
                'plain',
                Load(),
                lineno=13,
                col_offset=24,
                end_lineno=13,
                end_col_offset=29)],
            [],
            lineno=13,
            col_offset=13,
            end_lineno=13,
            end_col_offset=30),
          lineno=13,
          col_offset=4,
          end_lineno=13,
          end_col_offset=30),
        Return(
          Call(
            Attribute(
              Constant(
                ' ',
                lineno=14,
                col_offset=11,
                end_lineno=14,
                end_col_offset=14),
              'join',
              Load(),
              lineno=14,
              col_offset=11,
              end_lineno=14,
              end_col_offset=19),
            [
              GeneratorExp(
                Subscript(
                  Name(
                    'cipher',
                    Load(),
                    lineno=14,
                    col_offset=20,
                    end_lineno=14,
                    end_col_offset=26),
                  Slice(
                    Name(
                      'idx',
                      Load(),
                      lineno=14,
                      col_offset=27,
                      end_lineno=14,
                      end_col_offset=30),
                    BinOp(
                      Name(
                        'idx',
                        Load(),
                        lineno=14,
                        col_offset=31,
                        end_lineno=14,
                        end_col_offset=34),
                      Add(),
                      Name(
                        'BLOCK_SIZE',
                        Load(),
                        lineno=14,
                        col_offset=37,
                        end_lineno=14,
                        end_col_offset=47),
                      lineno=14,
                      col_offset=31,
                      end_lineno=14,
                      end_col_offset=47),
                    lineno=14,
                    col_offset=27,
                    end_lineno=14,
                    end_col_offset=47),
                  Load(),
                  lineno=14,
                  col_offset=20,
                  end_lineno=14,
                  end_col_offset=48),
                [
                  comprehension(
                    Name(
                      'idx',
                      Store(),
                      lineno=15,
                      col_offset=25,
                      end_lineno=15,
                      end_col_offset=28),
                    Call(
                      Name(
                        'range',
                        Load(),
                        lineno=15,
                        col_offset=32,
                        end_lineno=15,
                        end_col_offset=37),
                      [
                        Constant(
                          0,
                          lineno=15,
                          col_offset=38,
                          end_lineno=15,
                          end_col_offset=39),
                        Call(
                          Name(
                            'len',
                            Load(),
                            lineno=15,
                            col_offset=41,
                            end_lineno=15,
                            end_col_offset=44),
                          [
                            Name(
                              'cipher',
                              Load(),
                              lineno=15,
                              col_offset=45,
                              end_lineno=15,
                              end_col_offset=51)],
                          [],
                          lineno=15,
                          col_offset=41,
                          end_lineno=15,
                          end_col_offset=52),
                        Name(
                          'BLOCK_SIZE',
                          Load(),
                          lineno=15,
                          col_offset=54,
                          end_lineno=15,
                          end_col_offset=64)],
                      [],
                      lineno=15,
                      col_offset=32,
                      end_lineno=15,
                      end_col_offset=65),
                    [],
                    0)],
                lineno=14,
                col_offset=19,
                end_lineno=15,
                end_col_offset=66)],
            [],
            lineno=14,
            col_offset=11,
            end_lineno=15,
            end_col_offset=66),
          lineno=14,
          col_offset=4,
          end_lineno=15,
          end_col_offset=66)],
      [],
      lineno=12,
      col_offset=0,
      end_lineno=15,
      end_col_offset=66),
    FunctionDef(
      'decode',
      arguments(
        [],
        [
          arg(
            'ciphered',
            lineno=18,
            col_offset=11,
            end_lineno=18,
            end_col_offset=19)],
        kwonlyargs=[],
        kw_defaults=[],
        defaults=[]),
      [
        Return(
          Call(
            Name(
              'base_trans',
              Load(),
              lineno=19,
              col_offset=11,
              end_lineno=19,
              end_col_offset=21),
            [
              Name(
                'ciphered',
                Load(),
                lineno=19,
                col_offset=22,
                end_lineno=19,
                end_col_offset=30)],
            [],
            lineno=19,
            col_offset=11,
            end_lineno=19,
            end_col_offset=31),
          lineno=19,
          col_offset=4,
          end_lineno=19,
          end_col_offset=31)],
      [],
      lineno=18,
      col_offset=0,
      end_lineno=19,
      end_col_offset=31)],
  [])
## END TREE BEFORE ##

## BEGIN NORMALIZED TREE ##
Module(
  [
    ImportFrom(
      'string',
      [
        alias(
          'ascii_lowercase',
          lineno=1,
          col_offset=19,
          end_lineno=1,
          end_col_offset=34)],
      0,
      lineno=1,
      col_offset=0,
      end_lineno=1,
      end_col_offset=34),
    Assign(
      [
        Name(
          'placeholder_0',
          Store(),
          lineno=4,
          col_offset=0,
          end_lineno=4,
          end_col_offset=10)],
      Constant(
        5,
        lineno=4,
        col_offset=13,
        end_lineno=4,
        end_col_offset=14),
      lineno=4,
      col_offset=0,
      end_lineno=4,
      end_col_offset=14),
    Assign(
      [
        Name(
          'placeholder_1',
          Store(),
          lineno=5,
          col_offset=0,
          end_lineno=5,
          end_col_offset=5)],
      Call(
        Attribute(
          Name(
            'str',
            Load(),
            lineno=5,
            col_offset=8,
            end_lineno=5,
            end_col_offset=11),
          'maketrans',
          Load(),
          lineno=5,
          col_offset=8,
          end_lineno=5,
          end_col_offset=21),
        [
          Name(
            'ascii_lowercase',
            Load(),
            lineno=5,
            col_offset=22,
            end_lineno=5,
            end_col_offset=37),
          Subscript(
            Name(
              'ascii_lowercase',
              Load(),
              lineno=5,
              col_offset=39,
              end_lineno=5,
              end_col_offset=54),
            Slice(
              step=UnaryOp(
                USub(),
                Constant(
                  1,
                  lineno=5,
                  col_offset=58,
                  end_lineno=5,
                  end_col_offset=59),
                lineno=5,
                col_offset=57,
                end_lineno=5,
                end_col_offset=59),
              lineno=5,
              col_offset=55,
              end_lineno=5,
              end_col_offset=59),
            Load(),
            lineno=5,
            col_offset=39,
            end_lineno=5,
            end_col_offset=60)],
        [],
        lineno=5,
        col_offset=8,
        end_lineno=5,
        end_col_offset=61),
      lineno=5,
      col_offset=0,
      end_lineno=5,
      end_col_offset=61),
    FunctionDef(
      'placeholder_2',
      arguments(
        [],
        [
          arg(
            'placeholder_3',
            lineno=8,
            col_offset=15,
            end_lineno=8,
            end_col_offset=19)],
        kwonlyargs=[],
        kw_defaults=[],
        defaults=[]),
      [
        Return(
          Call(
            Attribute(
              Call(
                Attribute(
                  Call(
                    Attribute(
                      Constant(
                        '',
                        lineno=9,
                        col_offset=11,
                        end_lineno=9,
                        end_col_offset=13),
                      'join',
                      Load(),
                      lineno=9,
                      col_offset=11,
                      end_lineno=9,
                      end_col_offset=18),
                    [
                      ListComp(
                        Name(
                          'placeholder_4',
                          Load(),
                          lineno=9,
                          col_offset=20,
                          end_lineno=9,
                          end_col_offset=29),
                        [
                          comprehension(
                            Name(
                              'placeholder_4',
                              Store(),
                              lineno=9,
                              col_offset=34,
                              end_lineno=9,
                              end_col_offset=43),
                            Name(
                              'placeholder_3',
                              Load(),
                              lineno=9,
                              col_offset=47,
                              end_lineno=9,
                              end_col_offset=51),
                            [
                              Call(
                                Attribute(
                                  Name(
                                    'placeholder_4',
                                    Load(),
                                    lineno=9,
                                    col_offset=55,
                                    end_lineno=9,
                                    end_col_offset=64),
                                  'isalnum',
                                  Load(),
                                  lineno=9,
                                  col_offset=55,
                                  end_lineno=9,
                                  end_col_offset=72),
                                [],
                                [],
                                lineno=9,
                                col_offset=55,
                                end_lineno=9,
                                end_col_offset=74)],
                            0)],
                        lineno=9,
                        col_offset=19,
                        end_lineno=9,
                        end_col_offset=75)],
                    [],
                    lineno=9,
                    col_offset=11,
                    end_lineno=9,
                    end_col_offset=76),
                  'lower',
                  Load(),
                  lineno=9,
                  col_offset=11,
                  end_lineno=9,
                  end_col_offset=82),
                [],
                [],
                lineno=9,
                col_offset=11,
                end_lineno=9,
                end_col_offset=84),
              'translate',
              Load(),
              lineno=9,
              col_offset=11,
              end_lineno=9,
              end_col_offset=94),
            [
              Name(
                'placeholder_1',
                Load(),
                lineno=9,
                col_offset=95,
                end_lineno=9,
                end_col_offset=100)],
            [],
            lineno=9,
            col_offset=11,
            end_lineno=9,
            end_col_offset=101),
          lineno=9,
          col_offset=4,
          end_lineno=9,
          end_col_offset=101)],
      [],
      lineno=8,
      col_offset=0,
      end_lineno=9,
      end_col_offset=101),
    FunctionDef(
      'placeholder_5',
      arguments(
        [],
        [
          arg(
            'placeholder_6',
            lineno=12,
            col_offset=11,
            end_lineno=12,
            end_col_offset=16)],
        kwonlyargs=[],
        kw_defaults=[],
        defaults=[]),
      [
        Assign(
          [
            Name(
              'placeholder_7',
              Store(),
              lineno=13,
              col_offset=4,
              end_lineno=13,
              end_col_offset=10)],
          Call(
            Name(
              'placeholder_2',
              Load(),
              lineno=13,
              col_offset=13,
              end_lineno=13,
              end_col_offset=23),
            [
              Name(
                'placeholder_6',
                Load(),
                lineno=13,
                col_offset=24,
                end_lineno=13,
                end_col_offset=29)],
            [],
            lineno=13,
            col_offset=13,
            end_lineno=13,
            end_col_offset=30),
          lineno=13,
          col_offset=4,
          end_lineno=13,
          end_col_offset=30),
        Return(
          Call(
            Attribute(
              Constant(
                ' ',
                lineno=14,
                col_offset=11,
                end_lineno=14,
                end_col_offset=14),
              'join',
              Load(),
              lineno=14,
              col_offset=11,
              end_lineno=14,
              end_col_offset=19),
            [
              GeneratorExp(
                Subscript(
                  Name(
                    'placeholder_7',
                    Load(),
                    lineno=14,
                    col_offset=20,
                    end_lineno=14,
                    end_col_offset=26),
                  Slice(
                    Name(
                      'placeholder_8',
                      Load(),
                      lineno=14,
                      col_offset=27,
                      end_lineno=14,
                      end_col_offset=30),
                    BinOp(
                      Name(
                        'placeholder_8',
                        Load(),
                        lineno=14,
                        col_offset=31,
                        end_lineno=14,
                        end_col_offset=34),
                      Add(),
                      Name(
                        'placeholder_0',
                        Load(),
                        lineno=14,
                        col_offset=37,
                        end_lineno=14,
                        end_col_offset=47),
                      lineno=14,
                      col_offset=31,
                      end_lineno=14,
                      end_col_offset=47),
                    lineno=14,
                    col_offset=27,
                    end_lineno=14,
                    end_col_offset=47),
                  Load(),
                  lineno=14,
                  col_offset=20,
                  end_lineno=14,
                  end_col_offset=48),
                [
                  comprehension(
                    Name(
                      'placeholder_8',
                      Store(),
                      lineno=15,
                      col_offset=25,
                      end_lineno=15,
                      end_col_offset=28),
                    Call(
                      Name(
                        'range',
                        Load(),
                        lineno=15,
                        col_offset=32,
                        end_lineno=15,
                        end_col_offset=37),
                      [
                        Constant(
                          0,
                          lineno=15,
                          col_offset=38,
                          end_lineno=15,
                          end_col_offset=39),
                        Call(
                          Name(
                            'len',
                            Load(),
                            lineno=15,
                            col_offset=41,
                            end_lineno=15,
                            end_col_offset=44),
                          [
                            Name(
                              'placeholder_7',
                              Load(),
                              lineno=15,
                              col_offset=45,
                              end_lineno=15,
                              end_col_offset=51)],
                          [],
                          lineno=15,
                          col_offset=41,
                          end_lineno=15,
                          end_col_offset=52),
                        Name(
                          'placeholder_0',
                          Load(),
                          lineno=15,
                          col_offset=54,
                          end_lineno=15,
                          end_col_offset=64)],
                      [],
                      lineno=15,
                      col_offset=32,
                      end_lineno=15,
                      end_col_offset=65),
                    [],
                    0)],
                lineno=14,
                col_offset=19,
                end_lineno=15,
                end_col_offset=66)],
            [],
            lineno=14,
            col_offset=11,
            end_lineno=15,
            end_col_offset=66),
          lineno=14,
          col_offset=4,
          end_lineno=15,
          end_col_offset=66)],
      [],
      lineno=12,
      col_offset=0,
      end_lineno=15,
      end_col_offset=66),
    FunctionDef(
      'placeholder_9',
      arguments(
        [],
        [
          arg(
            'placeholder_10',
            lineno=18,
            col_offset=11,
            end_lineno=18,
            end_col_offset=19)],
        kwonlyargs=[],
        kw_defaults=[],
        defaults=[]),
      [
        Return(
          Call(
            Name(
              'placeholder_2',
              Load(),
              lineno=19,
              col_offset=11,
              end_lineno=19,
              end_col_offset=21),
            [
              Name(
                'placeholder_10',
                Load(),
                lineno=19,
                col_offset=22,
                end_lineno=19,
                end_col_offset=30)],
            [],
            lineno=19,
            col_offset=11,
            end_lineno=19,
            end_col_offset=31),
          lineno=19,
          col_offset=4,
          end_lineno=19,
          end_col_offset=31)],
      [],
      lineno=18,
      col_offset=0,
      end_lineno=19,
      end_col_offset=31)],
  [])
## END NORMALIZED TREE ##