# BEGIN TREE BEFORE
Module(
  [
    Assign(
      [
        Name(
          'COLORS',
          Store(),
          lineno=1,
          col_offset=0,
          end_lineno=1,
          end_col_offset=6)],
      List(
        [
          Constant(
            'black',
            lineno=2,
            col_offset=4,
            end_lineno=2,
            end_col_offset=11),
          Constant(
            'brown',
            lineno=3,
            col_offset=4,
            end_lineno=3,
            end_col_offset=11),
          Constant(
            'red',
            lineno=4,
            col_offset=4,
            end_lineno=4,
            end_col_offset=9),
          Constant(
            'orange',
            lineno=5,
            col_offset=4,
            end_lineno=5,
            end_col_offset=12),
          Constant(
            'yellow',
            lineno=6,
            col_offset=4,
            end_lineno=6,
            end_col_offset=12),
          Constant(
            'green',
            lineno=7,
            col_offset=4,
            end_lineno=7,
            end_col_offset=11),
          Constant(
            'blue',
            lineno=8,
            col_offset=4,
            end_lineno=8,
            end_col_offset=10),
          Constant(
            'violet',
            lineno=9,
            col_offset=4,
            end_lineno=9,
            end_col_offset=12),
          Constant(
            'grey',
            lineno=10,
            col_offset=4,
            end_lineno=10,
            end_col_offset=10),
          Constant(
            'white',
            lineno=11,
            col_offset=4,
            end_lineno=11,
            end_col_offset=11)],
        Load(),
        lineno=1,
        col_offset=9,
        end_lineno=12,
        end_col_offset=1),
      lineno=1,
      col_offset=0,
      end_lineno=12,
      end_col_offset=1),
    FunctionDef(
      'color_code',
      arguments(
        [],
        [
          arg(
            'color',
            lineno=15,
            col_offset=15,
            end_lineno=15,
            end_col_offset=20)],
        kwonlyargs=[],
        kw_defaults=[],
        defaults=[]),
      [
        Return(
          Call(
            Attribute(
              Name(
                'COLORS',
                Load(),
                lineno=16,
                col_offset=11,
                end_lineno=16,
                end_col_offset=17),
              'index',
              Load(),
              lineno=16,
              col_offset=11,
              end_lineno=16,
              end_col_offset=23),
            [
              Name(
                'color',
                Load(),
                lineno=16,
                col_offset=24,
                end_lineno=16,
                end_col_offset=29)],
            [],
            lineno=16,
            col_offset=11,
            end_lineno=16,
            end_col_offset=30),
          lineno=16,
          col_offset=4,
          end_lineno=16,
          end_col_offset=30)],
      [],
      lineno=15,
      col_offset=0,
      end_lineno=16,
      end_col_offset=30),
    FunctionDef(
      'colors',
      arguments(
        [],
        [],
        kwonlyargs=[],
        kw_defaults=[],
        defaults=[]),
      [
        Return(
          Name(
            'COLORS',
            Load(),
            lineno=20,
            col_offset=11,
            end_lineno=20,
            end_col_offset=17),
          lineno=20,
          col_offset=4,
          end_lineno=20,
          end_col_offset=17)],
      [],
      lineno=19,
      col_offset=0,
      end_lineno=20,
      end_col_offset=17)],
  [])

# BEGIN TREE AFTER
Module(
  [
    Assign(
      [
        Name(
          'placeholder_0',
          Store(),
          lineno=1,
          col_offset=0,
          end_lineno=1,
          end_col_offset=6)],
      List(
        [
          Constant(
            'black',
            lineno=2,
            col_offset=4,
            end_lineno=2,
            end_col_offset=11),
          Constant(
            'brown',
            lineno=3,
            col_offset=4,
            end_lineno=3,
            end_col_offset=11),
          Constant(
            'red',
            lineno=4,
            col_offset=4,
            end_lineno=4,
            end_col_offset=9),
          Constant(
            'orange',
            lineno=5,
            col_offset=4,
            end_lineno=5,
            end_col_offset=12),
          Constant(
            'yellow',
            lineno=6,
            col_offset=4,
            end_lineno=6,
            end_col_offset=12),
          Constant(
            'green',
            lineno=7,
            col_offset=4,
            end_lineno=7,
            end_col_offset=11),
          Constant(
            'blue',
            lineno=8,
            col_offset=4,
            end_lineno=8,
            end_col_offset=10),
          Constant(
            'violet',
            lineno=9,
            col_offset=4,
            end_lineno=9,
            end_col_offset=12),
          Constant(
            'grey',
            lineno=10,
            col_offset=4,
            end_lineno=10,
            end_col_offset=10),
          Constant(
            'white',
            lineno=11,
            col_offset=4,
            end_lineno=11,
            end_col_offset=11)],
        Load(),
        lineno=1,
        col_offset=9,
        end_lineno=12,
        end_col_offset=1),
      lineno=1,
      col_offset=0,
      end_lineno=12,
      end_col_offset=1),
    FunctionDef(
      'placeholder_1',
      arguments(
        [],
        [
          arg(
            'placeholder_2',
            lineno=15,
            col_offset=15,
            end_lineno=15,
            end_col_offset=20)],
        kwonlyargs=[],
        kw_defaults=[],
        defaults=[]),
      [
        Return(
          Call(
            Attribute(
              Name(
                'placeholder_0',
                Load(),
                lineno=16,
                col_offset=11,
                end_lineno=16,
                end_col_offset=17),
              'index',
              Load(),
              lineno=16,
              col_offset=11,
              end_lineno=16,
              end_col_offset=23),
            [
              Name(
                'placeholder_2',
                Load(),
                lineno=16,
                col_offset=24,
                end_lineno=16,
                end_col_offset=29)],
            [],
            lineno=16,
            col_offset=11,
            end_lineno=16,
            end_col_offset=30),
          lineno=16,
          col_offset=4,
          end_lineno=16,
          end_col_offset=30)],
      [],
      lineno=15,
      col_offset=0,
      end_lineno=16,
      end_col_offset=30),
    FunctionDef(
      'placeholder_3',
      arguments(
        [],
        [],
        kwonlyargs=[],
        kw_defaults=[],
        defaults=[]),
      [
        Return(
          Name(
            'placeholder_0',
            Load(),
            lineno=20,
            col_offset=11,
            end_lineno=20,
            end_col_offset=17),
          lineno=20,
          col_offset=4,
          end_lineno=20,
          end_col_offset=17)],
      [],
      lineno=19,
      col_offset=0,
      end_lineno=20,
      end_col_offset=17)],
  [])

# BEGIN NORMALIZED CODE AFTER
placeholder_0 = [
    "black",
    "brown",
    "red",
    "orange",
    "yellow",
    "green",
    "blue",
    "violet",
    "grey",
    "white",
]


def placeholder_1(placeholder_2):
    return placeholder_0.index(placeholder_2)


def placeholder_3():
    return placeholder_0
