# BEGIN TREE BEFORE
Module(
  [
    ClassDef(
      'Luhn',
      [],
      [],
      [
        FunctionDef(
          '__init__',
          arguments(
            [],
            [
              arg(
                'self',
                lineno=2,
                col_offset=17,
                end_lineno=2,
                end_col_offset=21),
              arg(
                'card_num',
                lineno=2,
                col_offset=23,
                end_lineno=2,
                end_col_offset=31)],
            kwonlyargs=[],
            kw_defaults=[],
            defaults=[]),
          [
            Assign(
              [
                Attribute(
                  Name(
                    'self',
                    Load(),
                    lineno=3,
                    col_offset=8,
                    end_lineno=3,
                    end_col_offset=12),
                  'card_num',
                  Store(),
                  lineno=3,
                  col_offset=8,
                  end_lineno=3,
                  end_col_offset=21)],
              Name(
                'card_num',
                Load(),
                lineno=3,
                col_offset=24,
                end_lineno=3,
                end_col_offset=32),
              lineno=3,
              col_offset=8,
              end_lineno=3,
              end_col_offset=32),
            Assign(
              [
                Attribute(
                  Name(
                    'self',
                    Load(),
                    lineno=4,
                    col_offset=8,
                    end_lineno=4,
                    end_col_offset=12),
                  'checksum',
                  Store(),
                  lineno=4,
                  col_offset=8,
                  end_lineno=4,
                  end_col_offset=21)],
              UnaryOp(
                USub(),
                Constant(
                  1,
                  lineno=4,
                  col_offset=25,
                  end_lineno=4,
                  end_col_offset=26),
                lineno=4,
                col_offset=24,
                end_lineno=4,
                end_col_offset=26),
              lineno=4,
              col_offset=8,
              end_lineno=4,
              end_col_offset=26),
            Assign(
              [
                Name(
                  'digits',
                  Store(),
                  lineno=5,
                  col_offset=8,
                  end_lineno=5,
                  end_col_offset=14)],
              Call(
                Attribute(
                  Name(
                    'card_num',
                    Load(),
                    lineno=5,
                    col_offset=17,
                    end_lineno=5,
                    end_col_offset=25),
                  'replace',
                  Load(),
                  lineno=5,
                  col_offset=17,
                  end_lineno=5,
                  end_col_offset=33),
                [
                  Constant(
                    ' ',
                    lineno=5,
                    col_offset=34,
                    end_lineno=5,
                    end_col_offset=37),
                  Constant(
                    '',
                    lineno=5,
                    col_offset=39,
                    end_lineno=5,
                    end_col_offset=41)],
                [],
                lineno=5,
                col_offset=17,
                end_lineno=5,
                end_col_offset=42),
              lineno=5,
              col_offset=8,
              end_lineno=5,
              end_col_offset=42),
            Assign(
              [
                Name(
                  'length',
                  Store(),
                  lineno=6,
                  col_offset=8,
                  end_lineno=6,
                  end_col_offset=14)],
              Call(
                Name(
                  'len',
                  Load(),
                  lineno=6,
                  col_offset=17,
                  end_lineno=6,
                  end_col_offset=20),
                [
                  Name(
                    'digits',
                    Load(),
                    lineno=6,
                    col_offset=21,
                    end_lineno=6,
                    end_col_offset=27)],
                [],
                lineno=6,
                col_offset=17,
                end_lineno=6,
                end_col_offset=28),
              lineno=6,
              col_offset=8,
              end_lineno=6,
              end_col_offset=28),
            If(
              BoolOp(
                And(),
                [
                  Call(
                    Attribute(
                      Name(
                        'digits',
                        Load(),
                        lineno=7,
                        col_offset=11,
                        end_lineno=7,
                        end_col_offset=17),
                      'isdigit',
                      Load(),
                      lineno=7,
                      col_offset=11,
                      end_lineno=7,
                      end_col_offset=25),
                    [],
                    [],
                    lineno=7,
                    col_offset=11,
                    end_lineno=7,
                    end_col_offset=27),
                  Compare(
                    Name(
                      'length',
                      Load(),
                      lineno=7,
                      col_offset=32,
                      end_lineno=7,
                      end_col_offset=38),
                    [
                      Gt()],
                    [
                      Constant(
                        1,
                        lineno=7,
                        col_offset=41,
                        end_lineno=7,
                        end_col_offset=42)],
                    lineno=7,
                    col_offset=32,
                    end_lineno=7,
                    end_col_offset=42)],
                lineno=7,
                col_offset=11,
                end_lineno=7,
                end_col_offset=42),
              [
                Assign(
                  [
                    Attribute(
                      Name(
                        'self',
                        Load(),
                        lineno=8,
                        col_offset=12,
                        end_lineno=8,
                        end_col_offset=16),
                      'checksum',
                      Store(),
                      lineno=8,
                      col_offset=12,
                      end_lineno=8,
                      end_col_offset=25)],
                  Constant(
                    0,
                    lineno=8,
                    col_offset=28,
                    end_lineno=8,
                    end_col_offset=29),
                  lineno=8,
                  col_offset=12,
                  end_lineno=8,
                  end_col_offset=29),
                Assign(
                  [
                    Name(
                      'cadence',
                      Store(),
                      lineno=9,
                      col_offset=12,
                      end_lineno=9,
                      end_col_offset=19)],
                  BinOp(
                    Name(
                      'length',
                      Load(),
                      lineno=9,
                      col_offset=22,
                      end_lineno=9,
                      end_col_offset=28),
                    Mod(),
                    Constant(
                      2,
                      lineno=9,
                      col_offset=31,
                      end_lineno=9,
                      end_col_offset=32),
                    lineno=9,
                    col_offset=22,
                    end_lineno=9,
                    end_col_offset=32),
                  lineno=9,
                  col_offset=12,
                  end_lineno=9,
                  end_col_offset=32),
                For(
                  Tuple(
                    [
                      Name(
                        'idx',
                        Store(),
                        lineno=10,
                        col_offset=16,
                        end_lineno=10,
                        end_col_offset=19),
                      Name(
                        'digit',
                        Store(),
                        lineno=10,
                        col_offset=21,
                        end_lineno=10,
                        end_col_offset=26)],
                    Store(),
                    lineno=10,
                    col_offset=16,
                    end_lineno=10,
                    end_col_offset=26),
                  Call(
                    Name(
                      'enumerate',
                      Load(),
                      lineno=10,
                      col_offset=30,
                      end_lineno=10,
                      end_col_offset=39),
                    [
                      Name(
                        'digits',
                        Load(),
                        lineno=10,
                        col_offset=40,
                        end_lineno=10,
                        end_col_offset=46)],
                    [],
                    lineno=10,
                    col_offset=30,
                    end_lineno=10,
                    end_col_offset=47),
                  [
                    Assign(
                      [
                        Name(
                          'num',
                          Store(),
                          lineno=11,
                          col_offset=16,
                          end_lineno=11,
                          end_col_offset=19)],
                      Call(
                        Name(
                          'int',
                          Load(),
                          lineno=11,
                          col_offset=22,
                          end_lineno=11,
                          end_col_offset=25),
                        [
                          Name(
                            'digit',
                            Load(),
                            lineno=11,
                            col_offset=26,
                            end_lineno=11,
                            end_col_offset=31)],
                        [],
                        lineno=11,
                        col_offset=22,
                        end_lineno=11,
                        end_col_offset=32),
                      lineno=11,
                      col_offset=16,
                      end_lineno=11,
                      end_col_offset=32),
                    If(
                      Compare(
                        BinOp(
                          Name(
                            'idx',
                            Load(),
                            lineno=12,
                            col_offset=19,
                            end_lineno=12,
                            end_col_offset=22),
                          Mod(),
                          Constant(
                            2,
                            lineno=12,
                            col_offset=25,
                            end_lineno=12,
                            end_col_offset=26),
                          lineno=12,
                          col_offset=19,
                          end_lineno=12,
                          end_col_offset=26),
                        [
                          Eq()],
                        [
                          Name(
                            'cadence',
                            Load(),
                            lineno=12,
                            col_offset=30,
                            end_lineno=12,
                            end_col_offset=37)],
                        lineno=12,
                        col_offset=19,
                        end_lineno=12,
                        end_col_offset=37),
                      [
                        AugAssign(
                          Name(
                            'num',
                            Store(),
                            lineno=13,
                            col_offset=20,
                            end_lineno=13,
                            end_col_offset=23),
                          Mult(),
                          Constant(
                            2,
                            lineno=13,
                            col_offset=27,
                            end_lineno=13,
                            end_col_offset=28),
                          lineno=13,
                          col_offset=20,
                          end_lineno=13,
                          end_col_offset=28),
                        If(
                          Compare(
                            Name(
                              'num',
                              Load(),
                              lineno=14,
                              col_offset=23,
                              end_lineno=14,
                              end_col_offset=26),
                            [
                              Gt()],
                            [
                              Constant(
                                9,
                                lineno=14,
                                col_offset=29,
                                end_lineno=14,
                                end_col_offset=30)],
                            lineno=14,
                            col_offset=23,
                            end_lineno=14,
                            end_col_offset=30),
                          [
                            AugAssign(
                              Name(
                                'num',
                                Store(),
                                lineno=15,
                                col_offset=24,
                                end_lineno=15,
                                end_col_offset=27),
                              Sub(),
                              Constant(
                                9,
                                lineno=15,
                                col_offset=31,
                                end_lineno=15,
                                end_col_offset=32),
                              lineno=15,
                              col_offset=24,
                              end_lineno=15,
                              end_col_offset=32)],
                          [],
                          lineno=14,
                          col_offset=20,
                          end_lineno=15,
                          end_col_offset=32)],
                      [],
                      lineno=12,
                      col_offset=16,
                      end_lineno=15,
                      end_col_offset=32),
                    AugAssign(
                      Attribute(
                        Name(
                          'self',
                          Load(),
                          lineno=16,
                          col_offset=16,
                          end_lineno=16,
                          end_col_offset=20),
                        'checksum',
                        Store(),
                        lineno=16,
                        col_offset=16,
                        end_lineno=16,
                        end_col_offset=29),
                      Add(),
                      Name(
                        'num',
                        Load(),
                        lineno=16,
                        col_offset=33,
                        end_lineno=16,
                        end_col_offset=36),
                      lineno=16,
                      col_offset=16,
                      end_lineno=16,
                      end_col_offset=36)],
                  [],
                  lineno=10,
                  col_offset=12,
                  end_lineno=16,
                  end_col_offset=36)],
              [],
              lineno=7,
              col_offset=8,
              end_lineno=16,
              end_col_offset=36)],
          [],
          lineno=2,
          col_offset=4,
          end_lineno=16,
          end_col_offset=36),
        FunctionDef(
          'valid',
          arguments(
            [],
            [
              arg(
                'self',
                lineno=18,
                col_offset=14,
                end_lineno=18,
                end_col_offset=18)],
            kwonlyargs=[],
            kw_defaults=[],
            defaults=[]),
          [
            Return(
              Compare(
                BinOp(
                  Attribute(
                    Name(
                      'self',
                      Load(),
                      lineno=19,
                      col_offset=15,
                      end_lineno=19,
                      end_col_offset=19),
                    'checksum',
                    Load(),
                    lineno=19,
                    col_offset=15,
                    end_lineno=19,
                    end_col_offset=28),
                  Mod(),
                  Constant(
                    10,
                    lineno=19,
                    col_offset=31,
                    end_lineno=19,
                    end_col_offset=33),
                  lineno=19,
                  col_offset=15,
                  end_lineno=19,
                  end_col_offset=33),
                [
                  Eq()],
                [
                  Constant(
                    0,
                    lineno=19,
                    col_offset=37,
                    end_lineno=19,
                    end_col_offset=38)],
                lineno=19,
                col_offset=15,
                end_lineno=19,
                end_col_offset=38),
              lineno=19,
              col_offset=8,
              end_lineno=19,
              end_col_offset=38)],
          [],
          lineno=18,
          col_offset=4,
          end_lineno=19,
          end_col_offset=38)],
      [],
      lineno=1,
      col_offset=0,
      end_lineno=19,
      end_col_offset=38)],
  [])

# BEGIN TREE AFTER
Module(
  [
    ClassDef(
      'placeholder_0',
      [],
      [],
      [
        FunctionDef(
          'placeholder_1',
          arguments(
            [],
            [
              arg(
                'self',
                lineno=2,
                col_offset=17,
                end_lineno=2,
                end_col_offset=21),
              arg(
                'placeholder_2',
                lineno=2,
                col_offset=23,
                end_lineno=2,
                end_col_offset=31)],
            kwonlyargs=[],
            kw_defaults=[],
            defaults=[]),
          [
            Assign(
              [
                Attribute(
                  Name(
                    'self',
                    Load(),
                    lineno=3,
                    col_offset=8,
                    end_lineno=3,
                    end_col_offset=12),
                  'placeholder_2',
                  Store(),
                  lineno=3,
                  col_offset=8,
                  end_lineno=3,
                  end_col_offset=21)],
              Name(
                'placeholder_2',
                Load(),
                lineno=3,
                col_offset=24,
                end_lineno=3,
                end_col_offset=32),
              lineno=3,
              col_offset=8,
              end_lineno=3,
              end_col_offset=32),
            Assign(
              [
                Attribute(
                  Name(
                    'self',
                    Load(),
                    lineno=4,
                    col_offset=8,
                    end_lineno=4,
                    end_col_offset=12),
                  'placeholder_3',
                  Store(),
                  lineno=4,
                  col_offset=8,
                  end_lineno=4,
                  end_col_offset=21)],
              UnaryOp(
                USub(),
                Constant(
                  1,
                  lineno=4,
                  col_offset=25,
                  end_lineno=4,
                  end_col_offset=26),
                lineno=4,
                col_offset=24,
                end_lineno=4,
                end_col_offset=26),
              lineno=4,
              col_offset=8,
              end_lineno=4,
              end_col_offset=26),
            Assign(
              [
                Name(
                  'placeholder_4',
                  Store(),
                  lineno=5,
                  col_offset=8,
                  end_lineno=5,
                  end_col_offset=14)],
              Call(
                Attribute(
                  Name(
                    'placeholder_2',
                    Load(),
                    lineno=5,
                    col_offset=17,
                    end_lineno=5,
                    end_col_offset=25),
                  'replace',
                  Load(),
                  lineno=5,
                  col_offset=17,
                  end_lineno=5,
                  end_col_offset=33),
                [
                  Constant(
                    ' ',
                    lineno=5,
                    col_offset=34,
                    end_lineno=5,
                    end_col_offset=37),
                  Constant(
                    '',
                    lineno=5,
                    col_offset=39,
                    end_lineno=5,
                    end_col_offset=41)],
                [],
                lineno=5,
                col_offset=17,
                end_lineno=5,
                end_col_offset=42),
              lineno=5,
              col_offset=8,
              end_lineno=5,
              end_col_offset=42),
            Assign(
              [
                Name(
                  'placeholder_5',
                  Store(),
                  lineno=6,
                  col_offset=8,
                  end_lineno=6,
                  end_col_offset=14)],
              Call(
                Name(
                  'len',
                  Load(),
                  lineno=6,
                  col_offset=17,
                  end_lineno=6,
                  end_col_offset=20),
                [
                  Name(
                    'placeholder_4',
                    Load(),
                    lineno=6,
                    col_offset=21,
                    end_lineno=6,
                    end_col_offset=27)],
                [],
                lineno=6,
                col_offset=17,
                end_lineno=6,
                end_col_offset=28),
              lineno=6,
              col_offset=8,
              end_lineno=6,
              end_col_offset=28),
            If(
              BoolOp(
                And(),
                [
                  Call(
                    Attribute(
                      Name(
                        'placeholder_4',
                        Load(),
                        lineno=7,
                        col_offset=11,
                        end_lineno=7,
                        end_col_offset=17),
                      'isdigit',
                      Load(),
                      lineno=7,
                      col_offset=11,
                      end_lineno=7,
                      end_col_offset=25),
                    [],
                    [],
                    lineno=7,
                    col_offset=11,
                    end_lineno=7,
                    end_col_offset=27),
                  Compare(
                    Name(
                      'placeholder_5',
                      Load(),
                      lineno=7,
                      col_offset=32,
                      end_lineno=7,
                      end_col_offset=38),
                    [
                      Gt()],
                    [
                      Constant(
                        1,
                        lineno=7,
                        col_offset=41,
                        end_lineno=7,
                        end_col_offset=42)],
                    lineno=7,
                    col_offset=32,
                    end_lineno=7,
                    end_col_offset=42)],
                lineno=7,
                col_offset=11,
                end_lineno=7,
                end_col_offset=42),
              [
                Assign(
                  [
                    Attribute(
                      Name(
                        'self',
                        Load(),
                        lineno=8,
                        col_offset=12,
                        end_lineno=8,
                        end_col_offset=16),
                      'placeholder_3',
                      Store(),
                      lineno=8,
                      col_offset=12,
                      end_lineno=8,
                      end_col_offset=25)],
                  Constant(
                    0,
                    lineno=8,
                    col_offset=28,
                    end_lineno=8,
                    end_col_offset=29),
                  lineno=8,
                  col_offset=12,
                  end_lineno=8,
                  end_col_offset=29),
                Assign(
                  [
                    Name(
                      'placeholder_6',
                      Store(),
                      lineno=9,
                      col_offset=12,
                      end_lineno=9,
                      end_col_offset=19)],
                  BinOp(
                    Name(
                      'placeholder_5',
                      Load(),
                      lineno=9,
                      col_offset=22,
                      end_lineno=9,
                      end_col_offset=28),
                    Mod(),
                    Constant(
                      2,
                      lineno=9,
                      col_offset=31,
                      end_lineno=9,
                      end_col_offset=32),
                    lineno=9,
                    col_offset=22,
                    end_lineno=9,
                    end_col_offset=32),
                  lineno=9,
                  col_offset=12,
                  end_lineno=9,
                  end_col_offset=32),
                For(
                  Tuple(
                    [
                      Name(
                        'placeholder_7',
                        Store(),
                        lineno=10,
                        col_offset=16,
                        end_lineno=10,
                        end_col_offset=19),
                      Name(
                        'placeholder_8',
                        Store(),
                        lineno=10,
                        col_offset=21,
                        end_lineno=10,
                        end_col_offset=26)],
                    Store(),
                    lineno=10,
                    col_offset=16,
                    end_lineno=10,
                    end_col_offset=26),
                  Call(
                    Name(
                      'enumerate',
                      Load(),
                      lineno=10,
                      col_offset=30,
                      end_lineno=10,
                      end_col_offset=39),
                    [
                      Name(
                        'placeholder_4',
                        Load(),
                        lineno=10,
                        col_offset=40,
                        end_lineno=10,
                        end_col_offset=46)],
                    [],
                    lineno=10,
                    col_offset=30,
                    end_lineno=10,
                    end_col_offset=47),
                  [
                    Assign(
                      [
                        Name(
                          'placeholder_9',
                          Store(),
                          lineno=11,
                          col_offset=16,
                          end_lineno=11,
                          end_col_offset=19)],
                      Call(
                        Name(
                          'int',
                          Load(),
                          lineno=11,
                          col_offset=22,
                          end_lineno=11,
                          end_col_offset=25),
                        [
                          Name(
                            'placeholder_8',
                            Load(),
                            lineno=11,
                            col_offset=26,
                            end_lineno=11,
                            end_col_offset=31)],
                        [],
                        lineno=11,
                        col_offset=22,
                        end_lineno=11,
                        end_col_offset=32),
                      lineno=11,
                      col_offset=16,
                      end_lineno=11,
                      end_col_offset=32),
                    If(
                      Compare(
                        BinOp(
                          Name(
                            'placeholder_7',
                            Load(),
                            lineno=12,
                            col_offset=19,
                            end_lineno=12,
                            end_col_offset=22),
                          Mod(),
                          Constant(
                            2,
                            lineno=12,
                            col_offset=25,
                            end_lineno=12,
                            end_col_offset=26),
                          lineno=12,
                          col_offset=19,
                          end_lineno=12,
                          end_col_offset=26),
                        [
                          Eq()],
                        [
                          Name(
                            'placeholder_6',
                            Load(),
                            lineno=12,
                            col_offset=30,
                            end_lineno=12,
                            end_col_offset=37)],
                        lineno=12,
                        col_offset=19,
                        end_lineno=12,
                        end_col_offset=37),
                      [
                        AugAssign(
                          Name(
                            'placeholder_9',
                            Store(),
                            lineno=13,
                            col_offset=20,
                            end_lineno=13,
                            end_col_offset=23),
                          Mult(),
                          Constant(
                            2,
                            lineno=13,
                            col_offset=27,
                            end_lineno=13,
                            end_col_offset=28),
                          lineno=13,
                          col_offset=20,
                          end_lineno=13,
                          end_col_offset=28),
                        If(
                          Compare(
                            Name(
                              'placeholder_9',
                              Load(),
                              lineno=14,
                              col_offset=23,
                              end_lineno=14,
                              end_col_offset=26),
                            [
                              Gt()],
                            [
                              Constant(
                                9,
                                lineno=14,
                                col_offset=29,
                                end_lineno=14,
                                end_col_offset=30)],
                            lineno=14,
                            col_offset=23,
                            end_lineno=14,
                            end_col_offset=30),
                          [
                            AugAssign(
                              Name(
                                'placeholder_9',
                                Store(),
                                lineno=15,
                                col_offset=24,
                                end_lineno=15,
                                end_col_offset=27),
                              Sub(),
                              Constant(
                                9,
                                lineno=15,
                                col_offset=31,
                                end_lineno=15,
                                end_col_offset=32),
                              lineno=15,
                              col_offset=24,
                              end_lineno=15,
                              end_col_offset=32)],
                          [],
                          lineno=14,
                          col_offset=20,
                          end_lineno=15,
                          end_col_offset=32)],
                      [],
                      lineno=12,
                      col_offset=16,
                      end_lineno=15,
                      end_col_offset=32),
                    AugAssign(
                      Attribute(
                        Name(
                          'self',
                          Load(),
                          lineno=16,
                          col_offset=16,
                          end_lineno=16,
                          end_col_offset=20),
                        'placeholder_3',
                        Store(),
                        lineno=16,
                        col_offset=16,
                        end_lineno=16,
                        end_col_offset=29),
                      Add(),
                      Name(
                        'placeholder_9',
                        Load(),
                        lineno=16,
                        col_offset=33,
                        end_lineno=16,
                        end_col_offset=36),
                      lineno=16,
                      col_offset=16,
                      end_lineno=16,
                      end_col_offset=36)],
                  [],
                  lineno=10,
                  col_offset=12,
                  end_lineno=16,
                  end_col_offset=36)],
              [],
              lineno=7,
              col_offset=8,
              end_lineno=16,
              end_col_offset=36)],
          [],
          lineno=2,
          col_offset=4,
          end_lineno=16,
          end_col_offset=36),
        FunctionDef(
          'placeholder_10',
          arguments(
            [],
            [
              arg(
                'self',
                lineno=18,
                col_offset=14,
                end_lineno=18,
                end_col_offset=18)],
            kwonlyargs=[],
            kw_defaults=[],
            defaults=[]),
          [
            Return(
              Compare(
                BinOp(
                  Attribute(
                    Name(
                      'self',
                      Load(),
                      lineno=19,
                      col_offset=15,
                      end_lineno=19,
                      end_col_offset=19),
                    'placeholder_3',
                    Load(),
                    lineno=19,
                    col_offset=15,
                    end_lineno=19,
                    end_col_offset=28),
                  Mod(),
                  Constant(
                    10,
                    lineno=19,
                    col_offset=31,
                    end_lineno=19,
                    end_col_offset=33),
                  lineno=19,
                  col_offset=15,
                  end_lineno=19,
                  end_col_offset=33),
                [
                  Eq()],
                [
                  Constant(
                    0,
                    lineno=19,
                    col_offset=37,
                    end_lineno=19,
                    end_col_offset=38)],
                lineno=19,
                col_offset=15,
                end_lineno=19,
                end_col_offset=38),
              lineno=19,
              col_offset=8,
              end_lineno=19,
              end_col_offset=38)],
          [],
          lineno=18,
          col_offset=4,
          end_lineno=19,
          end_col_offset=38)],
      [],
      lineno=1,
      col_offset=0,
      end_lineno=19,
      end_col_offset=38)],
  [])

# BEGIN NORMALIZED CODE AFTER
class placeholder_0:
    def placeholder_1(self, placeholder_2):
        self.placeholder_2 = placeholder_2
        self.placeholder_3 = -1
        placeholder_4 = placeholder_2.replace(" ", "")
        placeholder_5 = len(placeholder_4)
        if placeholder_4.isdigit() and placeholder_5 > 1:
            self.placeholder_3 = 0
            placeholder_6 = placeholder_5 % 2
            for placeholder_7, placeholder_8 in enumerate(placeholder_4):
                placeholder_9 = int(placeholder_8)
                if placeholder_7 % 2 == placeholder_6:
                    placeholder_9 *= 2
                    if placeholder_9 > 9:
                        placeholder_9 -= 9
                self.placeholder_3 += placeholder_9

    def placeholder_10(self):
        return self.placeholder_3 % 10 == 0
