## BEGIN NORMALIZED CODE ##
def placeholder_0(placeholder_1, placeholder_2):
    return [
        placeholder_3
        for placeholder_3 in placeholder_2
        if _letters(placeholder_3) == _letters(placeholder_1)
        if placeholder_3.lower() != placeholder_1.lower()
    ]


def placeholder_4(placeholder_1):
    return sorted(placeholder_1.lower())

## END NORMALIZED CODE ##

## BEGIN TREE BEFORE ##
Module(
  [
    FunctionDef(
      'find_anagrams',
      arguments(
        [],
        [
          arg(
            'word',
            lineno=1,
            col_offset=18,
            end_lineno=1,
            end_col_offset=22),
          arg(
            'candidates',
            lineno=1,
            col_offset=24,
            end_lineno=1,
            end_col_offset=34)],
        kwonlyargs=[],
        kw_defaults=[],
        defaults=[]),
      [
        Return(
          ListComp(
            Name(
              'candidate',
              Load(),
              lineno=2,
              col_offset=12,
              end_lineno=2,
              end_col_offset=21),
            [
              comprehension(
                Name(
                  'candidate',
                  Store(),
                  lineno=3,
                  col_offset=16,
                  end_lineno=3,
                  end_col_offset=25),
                Name(
                  'candidates',
                  Load(),
                  lineno=3,
                  col_offset=29,
                  end_lineno=3,
                  end_col_offset=39),
                [
                  Compare(
                    Call(
                      Name(
                        '_letters',
                        Load(),
                        lineno=4,
                        col_offset=15,
                        end_lineno=4,
                        end_col_offset=23),
                      [
                        Name(
                          'candidate',
                          Load(),
                          lineno=4,
                          col_offset=24,
                          end_lineno=4,
                          end_col_offset=33)],
                      [],
                      lineno=4,
                      col_offset=15,
                      end_lineno=4,
                      end_col_offset=34),
                    [
                      Eq()],
                    [
                      Call(
                        Name(
                          '_letters',
                          Load(),
                          lineno=4,
                          col_offset=38,
                          end_lineno=4,
                          end_col_offset=46),
                        [
                          Name(
                            'word',
                            Load(),
                            lineno=4,
                            col_offset=47,
                            end_lineno=4,
                            end_col_offset=51)],
                        [],
                        lineno=4,
                        col_offset=38,
                        end_lineno=4,
                        end_col_offset=52)],
                    lineno=4,
                    col_offset=15,
                    end_lineno=4,
                    end_col_offset=52),
                  Compare(
                    Call(
                      Attribute(
                        Name(
                          'candidate',
                          Load(),
                          lineno=5,
                          col_offset=15,
                          end_lineno=5,
                          end_col_offset=24),
                        'lower',
                        Load(),
                        lineno=5,
                        col_offset=15,
                        end_lineno=5,
                        end_col_offset=30),
                      [],
                      [],
                      lineno=5,
                      col_offset=15,
                      end_lineno=5,
                      end_col_offset=32),
                    [
                      NotEq()],
                    [
                      Call(
                        Attribute(
                          Name(
                            'word',
                            Load(),
                            lineno=5,
                            col_offset=36,
                            end_lineno=5,
                            end_col_offset=40),
                          'lower',
                          Load(),
                          lineno=5,
                          col_offset=36,
                          end_lineno=5,
                          end_col_offset=46),
                        [],
                        [],
                        lineno=5,
                        col_offset=36,
                        end_lineno=5,
                        end_col_offset=48)],
                    lineno=5,
                    col_offset=15,
                    end_lineno=5,
                    end_col_offset=48)],
                0)],
            lineno=2,
            col_offset=11,
            end_lineno=5,
            end_col_offset=49),
          lineno=2,
          col_offset=4,
          end_lineno=5,
          end_col_offset=49)],
      [],
      lineno=1,
      col_offset=0,
      end_lineno=5,
      end_col_offset=49),
    FunctionDef(
      '_letters',
      arguments(
        [],
        [
          arg(
            'word',
            lineno=8,
            col_offset=13,
            end_lineno=8,
            end_col_offset=17)],
        kwonlyargs=[],
        kw_defaults=[],
        defaults=[]),
      [
        Return(
          Call(
            Name(
              'sorted',
              Load(),
              lineno=9,
              col_offset=11,
              end_lineno=9,
              end_col_offset=17),
            [
              Call(
                Attribute(
                  Name(
                    'word',
                    Load(),
                    lineno=9,
                    col_offset=18,
                    end_lineno=9,
                    end_col_offset=22),
                  'lower',
                  Load(),
                  lineno=9,
                  col_offset=18,
                  end_lineno=9,
                  end_col_offset=28),
                [],
                [],
                lineno=9,
                col_offset=18,
                end_lineno=9,
                end_col_offset=30)],
            [],
            lineno=9,
            col_offset=11,
            end_lineno=9,
            end_col_offset=31),
          lineno=9,
          col_offset=4,
          end_lineno=9,
          end_col_offset=31)],
      [],
      lineno=8,
      col_offset=0,
      end_lineno=9,
      end_col_offset=31)],
  [])
## END TREE BEFORE ##

## BEGIN NORMALIZED TREE ##
Module(
  [
    FunctionDef(
      'placeholder_0',
      arguments(
        [],
        [
          arg(
            'placeholder_1',
            lineno=1,
            col_offset=18,
            end_lineno=1,
            end_col_offset=22),
          arg(
            'placeholder_2',
            lineno=1,
            col_offset=24,
            end_lineno=1,
            end_col_offset=34)],
        kwonlyargs=[],
        kw_defaults=[],
        defaults=[]),
      [
        Return(
          ListComp(
            Name(
              'placeholder_3',
              Load(),
              lineno=2,
              col_offset=12,
              end_lineno=2,
              end_col_offset=21),
            [
              comprehension(
                Name(
                  'placeholder_3',
                  Store(),
                  lineno=3,
                  col_offset=16,
                  end_lineno=3,
                  end_col_offset=25),
                Name(
                  'placeholder_2',
                  Load(),
                  lineno=3,
                  col_offset=29,
                  end_lineno=3,
                  end_col_offset=39),
                [
                  Compare(
                    Call(
                      Name(
                        '_letters',
                        Load(),
                        lineno=4,
                        col_offset=15,
                        end_lineno=4,
                        end_col_offset=23),
                      [
                        Name(
                          'placeholder_3',
                          Load(),
                          lineno=4,
                          col_offset=24,
                          end_lineno=4,
                          end_col_offset=33)],
                      [],
                      lineno=4,
                      col_offset=15,
                      end_lineno=4,
                      end_col_offset=34),
                    [
                      Eq()],
                    [
                      Call(
                        Name(
                          '_letters',
                          Load(),
                          lineno=4,
                          col_offset=38,
                          end_lineno=4,
                          end_col_offset=46),
                        [
                          Name(
                            'placeholder_1',
                            Load(),
                            lineno=4,
                            col_offset=47,
                            end_lineno=4,
                            end_col_offset=51)],
                        [],
                        lineno=4,
                        col_offset=38,
                        end_lineno=4,
                        end_col_offset=52)],
                    lineno=4,
                    col_offset=15,
                    end_lineno=4,
                    end_col_offset=52),
                  Compare(
                    Call(
                      Attribute(
                        Name(
                          'placeholder_3',
                          Load(),
                          lineno=5,
                          col_offset=15,
                          end_lineno=5,
                          end_col_offset=24),
                        'lower',
                        Load(),
                        lineno=5,
                        col_offset=15,
                        end_lineno=5,
                        end_col_offset=30),
                      [],
                      [],
                      lineno=5,
                      col_offset=15,
                      end_lineno=5,
                      end_col_offset=32),
                    [
                      NotEq()],
                    [
                      Call(
                        Attribute(
                          Name(
                            'placeholder_1',
                            Load(),
                            lineno=5,
                            col_offset=36,
                            end_lineno=5,
                            end_col_offset=40),
                          'lower',
                          Load(),
                          lineno=5,
                          col_offset=36,
                          end_lineno=5,
                          end_col_offset=46),
                        [],
                        [],
                        lineno=5,
                        col_offset=36,
                        end_lineno=5,
                        end_col_offset=48)],
                    lineno=5,
                    col_offset=15,
                    end_lineno=5,
                    end_col_offset=48)],
                0)],
            lineno=2,
            col_offset=11,
            end_lineno=5,
            end_col_offset=49),
          lineno=2,
          col_offset=4,
          end_lineno=5,
          end_col_offset=49)],
      [],
      lineno=1,
      col_offset=0,
      end_lineno=5,
      end_col_offset=49),
    FunctionDef(
      'placeholder_4',
      arguments(
        [],
        [
          arg(
            'placeholder_1',
            lineno=8,
            col_offset=13,
            end_lineno=8,
            end_col_offset=17)],
        kwonlyargs=[],
        kw_defaults=[],
        defaults=[]),
      [
        Return(
          Call(
            Name(
              'sorted',
              Load(),
              lineno=9,
              col_offset=11,
              end_lineno=9,
              end_col_offset=17),
            [
              Call(
                Attribute(
                  Name(
                    'placeholder_1',
                    Load(),
                    lineno=9,
                    col_offset=18,
                    end_lineno=9,
                    end_col_offset=22),
                  'lower',
                  Load(),
                  lineno=9,
                  col_offset=18,
                  end_lineno=9,
                  end_col_offset=28),
                [],
                [],
                lineno=9,
                col_offset=18,
                end_lineno=9,
                end_col_offset=30)],
            [],
            lineno=9,
            col_offset=11,
            end_lineno=9,
            end_col_offset=31),
          lineno=9,
          col_offset=4,
          end_lineno=9,
          end_col_offset=31)],
      [],
      lineno=8,
      col_offset=0,
      end_lineno=9,
      end_col_offset=31)],
  [])
## END NORMALIZED TREE ##