## BEGIN NORMALIZED CODE ##
placeholder_0 = [
    "twelve Drummers Drumming",
    "eleven Pipers Piping",
    "ten Lords-a-Leaping",
    "nine Ladies Dancing",
    "eight Maids-a-Milking",
    "seven Swans-a-Swimming",
    "six Geese-a-Laying",
    "five Gold Rings",
    "four Calling Birds",
    "three French Hens",
    "two Turtle Doves",
    "a Partridge in a Pear Tree",
]
placeholder_1 = [
    None,
    "first",
    "second",
    "third",
    "fourth",
    "fifth",
    "sixth",
    "seventh",
    "eighth",
    "ninth",
    "tenth",
    "eleventh",
    "twelfth",
]


def placeholder_2(placeholder_3):
    placeholder_4 = placeholder_0[-placeholder_3:]
    if len(placeholder_4) > 1:
        placeholder_4[:-1] = [", ".join(placeholder_4[:-1])]
    placeholder_4 = ", and ".join(placeholder_4)
    return f"On the {placeholder_1[placeholder_3]} day of Christmas my true love gave to me: {placeholder_4}."


def placeholder_5(placeholder_6, placeholder_7):
    return [
        placeholder_2(placeholder_8)
        for placeholder_8 in range(placeholder_6, placeholder_7 + 1)
    ]

## END NORMALIZED CODE ##

## BEGIN TREE BEFORE ##
Module(
  [
    Assign(
      [
        Name(
          'GIFTS',
          Store(),
          lineno=1,
          col_offset=0,
          end_lineno=1,
          end_col_offset=5)],
      List(
        [
          Constant(
            'twelve Drummers Drumming',
            lineno=1,
            col_offset=9,
            end_lineno=1,
            end_col_offset=35),
          Constant(
            'eleven Pipers Piping',
            lineno=2,
            col_offset=9,
            end_lineno=2,
            end_col_offset=31),
          Constant(
            'ten Lords-a-Leaping',
            lineno=3,
            col_offset=9,
            end_lineno=3,
            end_col_offset=30),
          Constant(
            'nine Ladies Dancing',
            lineno=4,
            col_offset=9,
            end_lineno=4,
            end_col_offset=30),
          Constant(
            'eight Maids-a-Milking',
            lineno=5,
            col_offset=9,
            end_lineno=5,
            end_col_offset=32),
          Constant(
            'seven Swans-a-Swimming',
            lineno=6,
            col_offset=9,
            end_lineno=6,
            end_col_offset=33),
          Constant(
            'six Geese-a-Laying',
            lineno=7,
            col_offset=9,
            end_lineno=7,
            end_col_offset=29),
          Constant(
            'five Gold Rings',
            lineno=8,
            col_offset=9,
            end_lineno=8,
            end_col_offset=26),
          Constant(
            'four Calling Birds',
            lineno=9,
            col_offset=9,
            end_lineno=9,
            end_col_offset=29),
          Constant(
            'three French Hens',
            lineno=10,
            col_offset=9,
            end_lineno=10,
            end_col_offset=28),
          Constant(
            'two Turtle Doves',
            lineno=11,
            col_offset=9,
            end_lineno=11,
            end_col_offset=27),
          Constant(
            'a Partridge in a Pear Tree',
            lineno=12,
            col_offset=9,
            end_lineno=12,
            end_col_offset=37)],
        Load(),
        lineno=1,
        col_offset=8,
        end_lineno=12,
        end_col_offset=38),
      lineno=1,
      col_offset=0,
      end_lineno=12,
      end_col_offset=38),
    Assign(
      [
        Name(
          'ORDINAL',
          Store(),
          lineno=14,
          col_offset=0,
          end_lineno=14,
          end_col_offset=7)],
      List(
        [
          Constant(
            None,
            lineno=14,
            col_offset=11,
            end_lineno=14,
            end_col_offset=15),
          Constant(
            'first',
            lineno=14,
            col_offset=17,
            end_lineno=14,
            end_col_offset=24),
          Constant(
            'second',
            lineno=14,
            col_offset=26,
            end_lineno=14,
            end_col_offset=34),
          Constant(
            'third',
            lineno=14,
            col_offset=36,
            end_lineno=14,
            end_col_offset=43),
          Constant(
            'fourth',
            lineno=14,
            col_offset=45,
            end_lineno=14,
            end_col_offset=53),
          Constant(
            'fifth',
            lineno=14,
            col_offset=55,
            end_lineno=14,
            end_col_offset=62),
          Constant(
            'sixth',
            lineno=14,
            col_offset=64,
            end_lineno=14,
            end_col_offset=71),
          Constant(
            'seventh',
            lineno=15,
            col_offset=11,
            end_lineno=15,
            end_col_offset=20),
          Constant(
            'eighth',
            lineno=15,
            col_offset=22,
            end_lineno=15,
            end_col_offset=30),
          Constant(
            'ninth',
            lineno=15,
            col_offset=32,
            end_lineno=15,
            end_col_offset=39),
          Constant(
            'tenth',
            lineno=15,
            col_offset=41,
            end_lineno=15,
            end_col_offset=48),
          Constant(
            'eleventh',
            lineno=15,
            col_offset=50,
            end_lineno=15,
            end_col_offset=60),
          Constant(
            'twelfth',
            lineno=15,
            col_offset=62,
            end_lineno=15,
            end_col_offset=71)],
        Load(),
        lineno=14,
        col_offset=10,
        end_lineno=15,
        end_col_offset=72),
      lineno=14,
      col_offset=0,
      end_lineno=15,
      end_col_offset=72),
    FunctionDef(
      'verse',
      arguments(
        [],
        [
          arg(
            'day_number',
            lineno=18,
            col_offset=10,
            end_lineno=18,
            end_col_offset=20)],
        kwonlyargs=[],
        kw_defaults=[],
        defaults=[]),
      [
        Assign(
          [
            Name(
              'gifts',
              Store(),
              lineno=19,
              col_offset=4,
              end_lineno=19,
              end_col_offset=9)],
          Subscript(
            Name(
              'GIFTS',
              Load(),
              lineno=19,
              col_offset=12,
              end_lineno=19,
              end_col_offset=17),
            Slice(
              UnaryOp(
                USub(),
                Name(
                  'day_number',
                  Load(),
                  lineno=19,
                  col_offset=19,
                  end_lineno=19,
                  end_col_offset=29),
                lineno=19,
                col_offset=18,
                end_lineno=19,
                end_col_offset=29),
              lineno=19,
              col_offset=18,
              end_lineno=19,
              end_col_offset=30),
            Load(),
            lineno=19,
            col_offset=12,
            end_lineno=19,
            end_col_offset=31),
          lineno=19,
          col_offset=4,
          end_lineno=19,
          end_col_offset=31),
        If(
          Compare(
            Call(
              Name(
                'len',
                Load(),
                lineno=21,
                col_offset=7,
                end_lineno=21,
                end_col_offset=10),
              [
                Name(
                  'gifts',
                  Load(),
                  lineno=21,
                  col_offset=11,
                  end_lineno=21,
                  end_col_offset=16)],
              [],
              lineno=21,
              col_offset=7,
              end_lineno=21,
              end_col_offset=17),
            [
              Gt()],
            [
              Constant(
                1,
                lineno=21,
                col_offset=20,
                end_lineno=21,
                end_col_offset=21)],
            lineno=21,
            col_offset=7,
            end_lineno=21,
            end_col_offset=21),
          [
            Assign(
              [
                Subscript(
                  Name(
                    'gifts',
                    Load(),
                    lineno=22,
                    col_offset=8,
                    end_lineno=22,
                    end_col_offset=13),
                  Slice(
                    upper=UnaryOp(
                      USub(),
                      Constant(
                        1,
                        lineno=22,
                        col_offset=16,
                        end_lineno=22,
                        end_col_offset=17),
                      lineno=22,
                      col_offset=15,
                      end_lineno=22,
                      end_col_offset=17),
                    lineno=22,
                    col_offset=14,
                    end_lineno=22,
                    end_col_offset=17),
                  Store(),
                  lineno=22,
                  col_offset=8,
                  end_lineno=22,
                  end_col_offset=18)],
              List(
                [
                  Call(
                    Attribute(
                      Constant(
                        ', ',
                        lineno=22,
                        col_offset=22,
                        end_lineno=22,
                        end_col_offset=26),
                      'join',
                      Load(),
                      lineno=22,
                      col_offset=22,
                      end_lineno=22,
                      end_col_offset=31),
                    [
                      Subscript(
                        Name(
                          'gifts',
                          Load(),
                          lineno=22,
                          col_offset=32,
                          end_lineno=22,
                          end_col_offset=37),
                        Slice(
                          upper=UnaryOp(
                            USub(),
                            Constant(
                              1,
                              lineno=22,
                              col_offset=40,
                              end_lineno=22,
                              end_col_offset=41),
                            lineno=22,
                            col_offset=39,
                            end_lineno=22,
                            end_col_offset=41),
                          lineno=22,
                          col_offset=38,
                          end_lineno=22,
                          end_col_offset=41),
                        Load(),
                        lineno=22,
                        col_offset=32,
                        end_lineno=22,
                        end_col_offset=42)],
                    [],
                    lineno=22,
                    col_offset=22,
                    end_lineno=22,
                    end_col_offset=43)],
                Load(),
                lineno=22,
                col_offset=21,
                end_lineno=22,
                end_col_offset=44),
              lineno=22,
              col_offset=8,
              end_lineno=22,
              end_col_offset=44)],
          [],
          lineno=21,
          col_offset=4,
          end_lineno=22,
          end_col_offset=44),
        Assign(
          [
            Name(
              'gifts',
              Store(),
              lineno=24,
              col_offset=4,
              end_lineno=24,
              end_col_offset=9)],
          Call(
            Attribute(
              Constant(
                ', and ',
                lineno=24,
                col_offset=12,
                end_lineno=24,
                end_col_offset=20),
              'join',
              Load(),
              lineno=24,
              col_offset=12,
              end_lineno=24,
              end_col_offset=25),
            [
              Name(
                'gifts',
                Load(),
                lineno=24,
                col_offset=26,
                end_lineno=24,
                end_col_offset=31)],
            [],
            lineno=24,
            col_offset=12,
            end_lineno=24,
            end_col_offset=32),
          lineno=24,
          col_offset=4,
          end_lineno=24,
          end_col_offset=32),
        Return(
          JoinedStr(
            [
              Constant(
                'On the ',
                lineno=25,
                col_offset=11,
                end_lineno=25,
                end_col_offset=93),
              FormattedValue(
                Subscript(
                  Name(
                    'ORDINAL',
                    Load(),
                    lineno=25,
                    col_offset=21,
                    end_lineno=25,
                    end_col_offset=28),
                  Name(
                    'day_number',
                    Load(),
                    lineno=25,
                    col_offset=29,
                    end_lineno=25,
                    end_col_offset=39),
                  Load(),
                  lineno=25,
                  col_offset=21,
                  end_lineno=25,
                  end_col_offset=40),
                -1,
                lineno=25,
                col_offset=11,
                end_lineno=25,
                end_col_offset=93),
              Constant(
                ' day of Christmas my true love gave to me: ',
                lineno=25,
                col_offset=11,
                end_lineno=25,
                end_col_offset=93),
              FormattedValue(
                Name(
                  'gifts',
                  Load(),
                  lineno=25,
                  col_offset=85,
                  end_lineno=25,
                  end_col_offset=90),
                -1,
                lineno=25,
                col_offset=11,
                end_lineno=25,
                end_col_offset=93),
              Constant(
                '.',
                lineno=25,
                col_offset=11,
                end_lineno=25,
                end_col_offset=93)],
            lineno=25,
            col_offset=11,
            end_lineno=25,
            end_col_offset=93),
          lineno=25,
          col_offset=4,
          end_lineno=25,
          end_col_offset=93)],
      [],
      lineno=18,
      col_offset=0,
      end_lineno=25,
      end_col_offset=93),
    FunctionDef(
      'recite',
      arguments(
        [],
        [
          arg(
            'start',
            lineno=28,
            col_offset=11,
            end_lineno=28,
            end_col_offset=16),
          arg(
            'end',
            lineno=28,
            col_offset=18,
            end_lineno=28,
            end_col_offset=21)],
        kwonlyargs=[],
        kw_defaults=[],
        defaults=[]),
      [
        Return(
          ListComp(
            Call(
              Name(
                'verse',
                Load(),
                lineno=29,
                col_offset=12,
                end_lineno=29,
                end_col_offset=17),
              [
                Name(
                  'number',
                  Load(),
                  lineno=29,
                  col_offset=18,
                  end_lineno=29,
                  end_col_offset=24)],
              [],
              lineno=29,
              col_offset=12,
              end_lineno=29,
              end_col_offset=25),
            [
              comprehension(
                Name(
                  'number',
                  Store(),
                  lineno=29,
                  col_offset=30,
                  end_lineno=29,
                  end_col_offset=36),
                Call(
                  Name(
                    'range',
                    Load(),
                    lineno=29,
                    col_offset=40,
                    end_lineno=29,
                    end_col_offset=45),
                  [
                    Name(
                      'start',
                      Load(),
                      lineno=29,
                      col_offset=46,
                      end_lineno=29,
                      end_col_offset=51),
                    BinOp(
                      Name(
                        'end',
                        Load(),
                        lineno=29,
                        col_offset=53,
                        end_lineno=29,
                        end_col_offset=56),
                      Add(),
                      Constant(
                        1,
                        lineno=29,
                        col_offset=59,
                        end_lineno=29,
                        end_col_offset=60),
                      lineno=29,
                      col_offset=53,
                      end_lineno=29,
                      end_col_offset=60)],
                  [],
                  lineno=29,
                  col_offset=40,
                  end_lineno=29,
                  end_col_offset=61),
                [],
                0)],
            lineno=29,
            col_offset=11,
            end_lineno=29,
            end_col_offset=62),
          lineno=29,
          col_offset=4,
          end_lineno=29,
          end_col_offset=62)],
      [],
      lineno=28,
      col_offset=0,
      end_lineno=29,
      end_col_offset=62)],
  [])
## END TREE BEFORE ##

## BEGIN NORMALIZED TREE ##
Module(
  [
    Assign(
      [
        Name(
          'placeholder_0',
          Store(),
          lineno=1,
          col_offset=0,
          end_lineno=1,
          end_col_offset=5)],
      List(
        [
          Constant(
            'twelve Drummers Drumming',
            lineno=1,
            col_offset=9,
            end_lineno=1,
            end_col_offset=35),
          Constant(
            'eleven Pipers Piping',
            lineno=2,
            col_offset=9,
            end_lineno=2,
            end_col_offset=31),
          Constant(
            'ten Lords-a-Leaping',
            lineno=3,
            col_offset=9,
            end_lineno=3,
            end_col_offset=30),
          Constant(
            'nine Ladies Dancing',
            lineno=4,
            col_offset=9,
            end_lineno=4,
            end_col_offset=30),
          Constant(
            'eight Maids-a-Milking',
            lineno=5,
            col_offset=9,
            end_lineno=5,
            end_col_offset=32),
          Constant(
            'seven Swans-a-Swimming',
            lineno=6,
            col_offset=9,
            end_lineno=6,
            end_col_offset=33),
          Constant(
            'six Geese-a-Laying',
            lineno=7,
            col_offset=9,
            end_lineno=7,
            end_col_offset=29),
          Constant(
            'five Gold Rings',
            lineno=8,
            col_offset=9,
            end_lineno=8,
            end_col_offset=26),
          Constant(
            'four Calling Birds',
            lineno=9,
            col_offset=9,
            end_lineno=9,
            end_col_offset=29),
          Constant(
            'three French Hens',
            lineno=10,
            col_offset=9,
            end_lineno=10,
            end_col_offset=28),
          Constant(
            'two Turtle Doves',
            lineno=11,
            col_offset=9,
            end_lineno=11,
            end_col_offset=27),
          Constant(
            'a Partridge in a Pear Tree',
            lineno=12,
            col_offset=9,
            end_lineno=12,
            end_col_offset=37)],
        Load(),
        lineno=1,
        col_offset=8,
        end_lineno=12,
        end_col_offset=38),
      lineno=1,
      col_offset=0,
      end_lineno=12,
      end_col_offset=38),
    Assign(
      [
        Name(
          'placeholder_1',
          Store(),
          lineno=14,
          col_offset=0,
          end_lineno=14,
          end_col_offset=7)],
      List(
        [
          Constant(
            None,
            lineno=14,
            col_offset=11,
            end_lineno=14,
            end_col_offset=15),
          Constant(
            'first',
            lineno=14,
            col_offset=17,
            end_lineno=14,
            end_col_offset=24),
          Constant(
            'second',
            lineno=14,
            col_offset=26,
            end_lineno=14,
            end_col_offset=34),
          Constant(
            'third',
            lineno=14,
            col_offset=36,
            end_lineno=14,
            end_col_offset=43),
          Constant(
            'fourth',
            lineno=14,
            col_offset=45,
            end_lineno=14,
            end_col_offset=53),
          Constant(
            'fifth',
            lineno=14,
            col_offset=55,
            end_lineno=14,
            end_col_offset=62),
          Constant(
            'sixth',
            lineno=14,
            col_offset=64,
            end_lineno=14,
            end_col_offset=71),
          Constant(
            'seventh',
            lineno=15,
            col_offset=11,
            end_lineno=15,
            end_col_offset=20),
          Constant(
            'eighth',
            lineno=15,
            col_offset=22,
            end_lineno=15,
            end_col_offset=30),
          Constant(
            'ninth',
            lineno=15,
            col_offset=32,
            end_lineno=15,
            end_col_offset=39),
          Constant(
            'tenth',
            lineno=15,
            col_offset=41,
            end_lineno=15,
            end_col_offset=48),
          Constant(
            'eleventh',
            lineno=15,
            col_offset=50,
            end_lineno=15,
            end_col_offset=60),
          Constant(
            'twelfth',
            lineno=15,
            col_offset=62,
            end_lineno=15,
            end_col_offset=71)],
        Load(),
        lineno=14,
        col_offset=10,
        end_lineno=15,
        end_col_offset=72),
      lineno=14,
      col_offset=0,
      end_lineno=15,
      end_col_offset=72),
    FunctionDef(
      'placeholder_2',
      arguments(
        [],
        [
          arg(
            'placeholder_3',
            lineno=18,
            col_offset=10,
            end_lineno=18,
            end_col_offset=20)],
        kwonlyargs=[],
        kw_defaults=[],
        defaults=[]),
      [
        Assign(
          [
            Name(
              'placeholder_4',
              Store(),
              lineno=19,
              col_offset=4,
              end_lineno=19,
              end_col_offset=9)],
          Subscript(
            Name(
              'placeholder_0',
              Load(),
              lineno=19,
              col_offset=12,
              end_lineno=19,
              end_col_offset=17),
            Slice(
              UnaryOp(
                USub(),
                Name(
                  'placeholder_3',
                  Load(),
                  lineno=19,
                  col_offset=19,
                  end_lineno=19,
                  end_col_offset=29),
                lineno=19,
                col_offset=18,
                end_lineno=19,
                end_col_offset=29),
              lineno=19,
              col_offset=18,
              end_lineno=19,
              end_col_offset=30),
            Load(),
            lineno=19,
            col_offset=12,
            end_lineno=19,
            end_col_offset=31),
          lineno=19,
          col_offset=4,
          end_lineno=19,
          end_col_offset=31),
        If(
          Compare(
            Call(
              Name(
                'len',
                Load(),
                lineno=21,
                col_offset=7,
                end_lineno=21,
                end_col_offset=10),
              [
                Name(
                  'placeholder_4',
                  Load(),
                  lineno=21,
                  col_offset=11,
                  end_lineno=21,
                  end_col_offset=16)],
              [],
              lineno=21,
              col_offset=7,
              end_lineno=21,
              end_col_offset=17),
            [
              Gt()],
            [
              Constant(
                1,
                lineno=21,
                col_offset=20,
                end_lineno=21,
                end_col_offset=21)],
            lineno=21,
            col_offset=7,
            end_lineno=21,
            end_col_offset=21),
          [
            Assign(
              [
                Subscript(
                  Name(
                    'placeholder_4',
                    Load(),
                    lineno=22,
                    col_offset=8,
                    end_lineno=22,
                    end_col_offset=13),
                  Slice(
                    upper=UnaryOp(
                      USub(),
                      Constant(
                        1,
                        lineno=22,
                        col_offset=16,
                        end_lineno=22,
                        end_col_offset=17),
                      lineno=22,
                      col_offset=15,
                      end_lineno=22,
                      end_col_offset=17),
                    lineno=22,
                    col_offset=14,
                    end_lineno=22,
                    end_col_offset=17),
                  Store(),
                  lineno=22,
                  col_offset=8,
                  end_lineno=22,
                  end_col_offset=18)],
              List(
                [
                  Call(
                    Attribute(
                      Constant(
                        ', ',
                        lineno=22,
                        col_offset=22,
                        end_lineno=22,
                        end_col_offset=26),
                      'join',
                      Load(),
                      lineno=22,
                      col_offset=22,
                      end_lineno=22,
                      end_col_offset=31),
                    [
                      Subscript(
                        Name(
                          'placeholder_4',
                          Load(),
                          lineno=22,
                          col_offset=32,
                          end_lineno=22,
                          end_col_offset=37),
                        Slice(
                          upper=UnaryOp(
                            USub(),
                            Constant(
                              1,
                              lineno=22,
                              col_offset=40,
                              end_lineno=22,
                              end_col_offset=41),
                            lineno=22,
                            col_offset=39,
                            end_lineno=22,
                            end_col_offset=41),
                          lineno=22,
                          col_offset=38,
                          end_lineno=22,
                          end_col_offset=41),
                        Load(),
                        lineno=22,
                        col_offset=32,
                        end_lineno=22,
                        end_col_offset=42)],
                    [],
                    lineno=22,
                    col_offset=22,
                    end_lineno=22,
                    end_col_offset=43)],
                Load(),
                lineno=22,
                col_offset=21,
                end_lineno=22,
                end_col_offset=44),
              lineno=22,
              col_offset=8,
              end_lineno=22,
              end_col_offset=44)],
          [],
          lineno=21,
          col_offset=4,
          end_lineno=22,
          end_col_offset=44),
        Assign(
          [
            Name(
              'placeholder_4',
              Store(),
              lineno=24,
              col_offset=4,
              end_lineno=24,
              end_col_offset=9)],
          Call(
            Attribute(
              Constant(
                ', and ',
                lineno=24,
                col_offset=12,
                end_lineno=24,
                end_col_offset=20),
              'join',
              Load(),
              lineno=24,
              col_offset=12,
              end_lineno=24,
              end_col_offset=25),
            [
              Name(
                'placeholder_4',
                Load(),
                lineno=24,
                col_offset=26,
                end_lineno=24,
                end_col_offset=31)],
            [],
            lineno=24,
            col_offset=12,
            end_lineno=24,
            end_col_offset=32),
          lineno=24,
          col_offset=4,
          end_lineno=24,
          end_col_offset=32),
        Return(
          JoinedStr(
            [
              Constant(
                'On the ',
                lineno=25,
                col_offset=11,
                end_lineno=25,
                end_col_offset=93),
              FormattedValue(
                Subscript(
                  Name(
                    'placeholder_1',
                    Load(),
                    lineno=25,
                    col_offset=21,
                    end_lineno=25,
                    end_col_offset=28),
                  Name(
                    'placeholder_3',
                    Load(),
                    lineno=25,
                    col_offset=29,
                    end_lineno=25,
                    end_col_offset=39),
                  Load(),
                  lineno=25,
                  col_offset=21,
                  end_lineno=25,
                  end_col_offset=40),
                -1,
                lineno=25,
                col_offset=11,
                end_lineno=25,
                end_col_offset=93),
              Constant(
                ' day of Christmas my true love gave to me: ',
                lineno=25,
                col_offset=11,
                end_lineno=25,
                end_col_offset=93),
              FormattedValue(
                Name(
                  'placeholder_4',
                  Load(),
                  lineno=25,
                  col_offset=85,
                  end_lineno=25,
                  end_col_offset=90),
                -1,
                lineno=25,
                col_offset=11,
                end_lineno=25,
                end_col_offset=93),
              Constant(
                '.',
                lineno=25,
                col_offset=11,
                end_lineno=25,
                end_col_offset=93)],
            lineno=25,
            col_offset=11,
            end_lineno=25,
            end_col_offset=93),
          lineno=25,
          col_offset=4,
          end_lineno=25,
          end_col_offset=93)],
      [],
      lineno=18,
      col_offset=0,
      end_lineno=25,
      end_col_offset=93),
    FunctionDef(
      'placeholder_5',
      arguments(
        [],
        [
          arg(
            'placeholder_6',
            lineno=28,
            col_offset=11,
            end_lineno=28,
            end_col_offset=16),
          arg(
            'placeholder_7',
            lineno=28,
            col_offset=18,
            end_lineno=28,
            end_col_offset=21)],
        kwonlyargs=[],
        kw_defaults=[],
        defaults=[]),
      [
        Return(
          ListComp(
            Call(
              Name(
                'placeholder_2',
                Load(),
                lineno=29,
                col_offset=12,
                end_lineno=29,
                end_col_offset=17),
              [
                Name(
                  'placeholder_8',
                  Load(),
                  lineno=29,
                  col_offset=18,
                  end_lineno=29,
                  end_col_offset=24)],
              [],
              lineno=29,
              col_offset=12,
              end_lineno=29,
              end_col_offset=25),
            [
              comprehension(
                Name(
                  'placeholder_8',
                  Store(),
                  lineno=29,
                  col_offset=30,
                  end_lineno=29,
                  end_col_offset=36),
                Call(
                  Name(
                    'range',
                    Load(),
                    lineno=29,
                    col_offset=40,
                    end_lineno=29,
                    end_col_offset=45),
                  [
                    Name(
                      'placeholder_6',
                      Load(),
                      lineno=29,
                      col_offset=46,
                      end_lineno=29,
                      end_col_offset=51),
                    BinOp(
                      Name(
                        'placeholder_7',
                        Load(),
                        lineno=29,
                        col_offset=53,
                        end_lineno=29,
                        end_col_offset=56),
                      Add(),
                      Constant(
                        1,
                        lineno=29,
                        col_offset=59,
                        end_lineno=29,
                        end_col_offset=60),
                      lineno=29,
                      col_offset=53,
                      end_lineno=29,
                      end_col_offset=60)],
                  [],
                  lineno=29,
                  col_offset=40,
                  end_lineno=29,
                  end_col_offset=61),
                [],
                0)],
            lineno=29,
            col_offset=11,
            end_lineno=29,
            end_col_offset=62),
          lineno=29,
          col_offset=4,
          end_lineno=29,
          end_col_offset=62)],
      [],
      lineno=28,
      col_offset=0,
      end_lineno=29,
      end_col_offset=62)],
  [])
## END NORMALIZED TREE ##