# BEGIN TREE BEFORE
Module(
  [
    FunctionDef(
      'convert',
      arguments(
        [],
        [
          arg(
            'number',
            lineno=1,
            col_offset=12,
            end_lineno=1,
            end_col_offset=18)],
        kwonlyargs=[],
        kw_defaults=[],
        defaults=[]),
      [
        Expr(
          Constant(
            '\n    Converts a number to a string according to the raindrop sounds.\n    ',
            lineno=2,
            col_offset=4,
            end_lineno=4,
            end_col_offset=7),
          lineno=2,
          col_offset=4,
          end_lineno=4,
          end_col_offset=7),
        Assign(
          [
            Name(
              'result',
              Store(),
              lineno=6,
              col_offset=4,
              end_lineno=6,
              end_col_offset=10)],
          Constant(
            '',
            lineno=6,
            col_offset=13,
            end_lineno=6,
            end_col_offset=15),
          lineno=6,
          col_offset=4,
          end_lineno=6,
          end_col_offset=15),
        If(
          Compare(
            BinOp(
              Name(
                'number',
                Load(),
                lineno=7,
                col_offset=7,
                end_lineno=7,
                end_col_offset=13),
              Mod(),
              Constant(
                3,
                lineno=7,
                col_offset=16,
                end_lineno=7,
                end_col_offset=17),
              lineno=7,
              col_offset=7,
              end_lineno=7,
              end_col_offset=17),
            [
              Eq()],
            [
              Constant(
                0,
                lineno=7,
                col_offset=21,
                end_lineno=7,
                end_col_offset=22)],
            lineno=7,
            col_offset=7,
            end_lineno=7,
            end_col_offset=22),
          [
            AugAssign(
              Name(
                'result',
                Store(),
                lineno=8,
                col_offset=8,
                end_lineno=8,
                end_col_offset=14),
              Add(),
              Constant(
                'Pling',
                lineno=8,
                col_offset=18,
                end_lineno=8,
                end_col_offset=25),
              lineno=8,
              col_offset=8,
              end_lineno=8,
              end_col_offset=25)],
          [],
          lineno=7,
          col_offset=4,
          end_lineno=8,
          end_col_offset=25),
        If(
          Compare(
            BinOp(
              Name(
                'number',
                Load(),
                lineno=9,
                col_offset=7,
                end_lineno=9,
                end_col_offset=13),
              Mod(),
              Constant(
                5,
                lineno=9,
                col_offset=16,
                end_lineno=9,
                end_col_offset=17),
              lineno=9,
              col_offset=7,
              end_lineno=9,
              end_col_offset=17),
            [
              Eq()],
            [
              Constant(
                0,
                lineno=9,
                col_offset=21,
                end_lineno=9,
                end_col_offset=22)],
            lineno=9,
            col_offset=7,
            end_lineno=9,
            end_col_offset=22),
          [
            AugAssign(
              Name(
                'result',
                Store(),
                lineno=10,
                col_offset=8,
                end_lineno=10,
                end_col_offset=14),
              Add(),
              Constant(
                'Plang',
                lineno=10,
                col_offset=18,
                end_lineno=10,
                end_col_offset=25),
              lineno=10,
              col_offset=8,
              end_lineno=10,
              end_col_offset=25)],
          [],
          lineno=9,
          col_offset=4,
          end_lineno=10,
          end_col_offset=25),
        If(
          Compare(
            BinOp(
              Name(
                'number',
                Load(),
                lineno=11,
                col_offset=7,
                end_lineno=11,
                end_col_offset=13),
              Mod(),
              Constant(
                7,
                lineno=11,
                col_offset=16,
                end_lineno=11,
                end_col_offset=17),
              lineno=11,
              col_offset=7,
              end_lineno=11,
              end_col_offset=17),
            [
              Eq()],
            [
              Constant(
                0,
                lineno=11,
                col_offset=21,
                end_lineno=11,
                end_col_offset=22)],
            lineno=11,
            col_offset=7,
            end_lineno=11,
            end_col_offset=22),
          [
            AugAssign(
              Name(
                'result',
                Store(),
                lineno=12,
                col_offset=8,
                end_lineno=12,
                end_col_offset=14),
              Add(),
              Constant(
                'Plong',
                lineno=12,
                col_offset=18,
                end_lineno=12,
                end_col_offset=25),
              lineno=12,
              col_offset=8,
              end_lineno=12,
              end_col_offset=25)],
          [],
          lineno=11,
          col_offset=4,
          end_lineno=12,
          end_col_offset=25),
        If(
          UnaryOp(
            Not(),
            Name(
              'result',
              Load(),
              lineno=14,
              col_offset=11,
              end_lineno=14,
              end_col_offset=17),
            lineno=14,
            col_offset=7,
            end_lineno=14,
            end_col_offset=17),
          [
            Assign(
              [
                Name(
                  'result',
                  Store(),
                  lineno=15,
                  col_offset=8,
                  end_lineno=15,
                  end_col_offset=14)],
              Call(
                Name(
                  'str',
                  Load(),
                  lineno=15,
                  col_offset=17,
                  end_lineno=15,
                  end_col_offset=20),
                [
                  Name(
                    'number',
                    Load(),
                    lineno=15,
                    col_offset=21,
                    end_lineno=15,
                    end_col_offset=27)],
                [],
                lineno=15,
                col_offset=17,
                end_lineno=15,
                end_col_offset=28),
              lineno=15,
              col_offset=8,
              end_lineno=15,
              end_col_offset=28)],
          [],
          lineno=14,
          col_offset=4,
          end_lineno=15,
          end_col_offset=28),
        Return(
          Name(
            'result',
            Load(),
            lineno=16,
            col_offset=11,
            end_lineno=16,
            end_col_offset=17),
          lineno=16,
          col_offset=4,
          end_lineno=16,
          end_col_offset=17)],
      [],
      lineno=1,
      col_offset=0,
      end_lineno=16,
      end_col_offset=17)],
  [])

# BEGIN TREE AFTER
Module(
  [
    FunctionDef(
      'placeholder_0',
      arguments(
        [],
        [
          arg(
            'placeholder_1',
            lineno=1,
            col_offset=12,
            end_lineno=1,
            end_col_offset=18)],
        kwonlyargs=[],
        kw_defaults=[],
        defaults=[]),
      [
        Assign(
          [
            Name(
              'placeholder_2',
              Store(),
              lineno=6,
              col_offset=4,
              end_lineno=6,
              end_col_offset=10)],
          Constant(
            '',
            lineno=6,
            col_offset=13,
            end_lineno=6,
            end_col_offset=15),
          lineno=6,
          col_offset=4,
          end_lineno=6,
          end_col_offset=15),
        If(
          Compare(
            BinOp(
              Name(
                'placeholder_1',
                Load(),
                lineno=7,
                col_offset=7,
                end_lineno=7,
                end_col_offset=13),
              Mod(),
              Constant(
                3,
                lineno=7,
                col_offset=16,
                end_lineno=7,
                end_col_offset=17),
              lineno=7,
              col_offset=7,
              end_lineno=7,
              end_col_offset=17),
            [
              Eq()],
            [
              Constant(
                0,
                lineno=7,
                col_offset=21,
                end_lineno=7,
                end_col_offset=22)],
            lineno=7,
            col_offset=7,
            end_lineno=7,
            end_col_offset=22),
          [
            AugAssign(
              Name(
                'placeholder_2',
                Store(),
                lineno=8,
                col_offset=8,
                end_lineno=8,
                end_col_offset=14),
              Add(),
              Constant(
                'Pling',
                lineno=8,
                col_offset=18,
                end_lineno=8,
                end_col_offset=25),
              lineno=8,
              col_offset=8,
              end_lineno=8,
              end_col_offset=25)],
          [],
          lineno=7,
          col_offset=4,
          end_lineno=8,
          end_col_offset=25),
        If(
          Compare(
            BinOp(
              Name(
                'placeholder_1',
                Load(),
                lineno=9,
                col_offset=7,
                end_lineno=9,
                end_col_offset=13),
              Mod(),
              Constant(
                5,
                lineno=9,
                col_offset=16,
                end_lineno=9,
                end_col_offset=17),
              lineno=9,
              col_offset=7,
              end_lineno=9,
              end_col_offset=17),
            [
              Eq()],
            [
              Constant(
                0,
                lineno=9,
                col_offset=21,
                end_lineno=9,
                end_col_offset=22)],
            lineno=9,
            col_offset=7,
            end_lineno=9,
            end_col_offset=22),
          [
            AugAssign(
              Name(
                'placeholder_2',
                Store(),
                lineno=10,
                col_offset=8,
                end_lineno=10,
                end_col_offset=14),
              Add(),
              Constant(
                'Plang',
                lineno=10,
                col_offset=18,
                end_lineno=10,
                end_col_offset=25),
              lineno=10,
              col_offset=8,
              end_lineno=10,
              end_col_offset=25)],
          [],
          lineno=9,
          col_offset=4,
          end_lineno=10,
          end_col_offset=25),
        If(
          Compare(
            BinOp(
              Name(
                'placeholder_1',
                Load(),
                lineno=11,
                col_offset=7,
                end_lineno=11,
                end_col_offset=13),
              Mod(),
              Constant(
                7,
                lineno=11,
                col_offset=16,
                end_lineno=11,
                end_col_offset=17),
              lineno=11,
              col_offset=7,
              end_lineno=11,
              end_col_offset=17),
            [
              Eq()],
            [
              Constant(
                0,
                lineno=11,
                col_offset=21,
                end_lineno=11,
                end_col_offset=22)],
            lineno=11,
            col_offset=7,
            end_lineno=11,
            end_col_offset=22),
          [
            AugAssign(
              Name(
                'placeholder_2',
                Store(),
                lineno=12,
                col_offset=8,
                end_lineno=12,
                end_col_offset=14),
              Add(),
              Constant(
                'Plong',
                lineno=12,
                col_offset=18,
                end_lineno=12,
                end_col_offset=25),
              lineno=12,
              col_offset=8,
              end_lineno=12,
              end_col_offset=25)],
          [],
          lineno=11,
          col_offset=4,
          end_lineno=12,
          end_col_offset=25),
        If(
          UnaryOp(
            Not(),
            Name(
              'placeholder_2',
              Load(),
              lineno=14,
              col_offset=11,
              end_lineno=14,
              end_col_offset=17),
            lineno=14,
            col_offset=7,
            end_lineno=14,
            end_col_offset=17),
          [
            Assign(
              [
                Name(
                  'placeholder_2',
                  Store(),
                  lineno=15,
                  col_offset=8,
                  end_lineno=15,
                  end_col_offset=14)],
              Call(
                Name(
                  'str',
                  Load(),
                  lineno=15,
                  col_offset=17,
                  end_lineno=15,
                  end_col_offset=20),
                [
                  Name(
                    'placeholder_1',
                    Load(),
                    lineno=15,
                    col_offset=21,
                    end_lineno=15,
                    end_col_offset=27)],
                [],
                lineno=15,
                col_offset=17,
                end_lineno=15,
                end_col_offset=28),
              lineno=15,
              col_offset=8,
              end_lineno=15,
              end_col_offset=28)],
          [],
          lineno=14,
          col_offset=4,
          end_lineno=15,
          end_col_offset=28),
        Return(
          Name(
            'placeholder_2',
            Load(),
            lineno=16,
            col_offset=11,
            end_lineno=16,
            end_col_offset=17),
          lineno=16,
          col_offset=4,
          end_lineno=16,
          end_col_offset=17)],
      [],
      lineno=1,
      col_offset=0,
      end_lineno=16,
      end_col_offset=17)],
  [])

# BEGIN NORMALIZED CODE AFTER
def placeholder_0(placeholder_1):
    placeholder_2 = ""
    if placeholder_1 % 3 == 0:
        placeholder_2 += "Pling"
    if placeholder_1 % 5 == 0:
        placeholder_2 += "Plang"
    if placeholder_1 % 7 == 0:
        placeholder_2 += "Plong"
    if not placeholder_2:
        placeholder_2 = str(placeholder_1)
    return placeholder_2
