## BEGIN NORMALIZED CODE ##
def placeholder_0(placeholder_1):
    placeholder_2 = ord(placeholder_1) - 64
    placeholder_3 = placeholder_2 * 2 - 1
    placeholder_4 = make_half(placeholder_2, placeholder_3)
    return placeholder_4 + placeholder_4[-2::-1]


def placeholder_5(placeholder_2, placeholder_3):
    placeholder_6 = []
    for placeholder_7 in range(placeholder_2):
        placeholder_8 = [" "] * placeholder_3
        placeholder_8[placeholder_2 - 1 - placeholder_7] = chr(placeholder_7 + 65)
        placeholder_8[placeholder_2 - 1 + placeholder_7] = chr(placeholder_7 + 65)
        placeholder_6.append("".join(placeholder_8))
    return placeholder_6

## END NORMALIZED CODE ##

## BEGIN TREE BEFORE ##
Module(
  [
    FunctionDef(
      'rows',
      arguments(
        [],
        [
          arg(
            'letter',
            lineno=1,
            col_offset=9,
            end_lineno=1,
            end_col_offset=15)],
        kwonlyargs=[],
        kw_defaults=[],
        defaults=[]),
      [
        Assign(
          [
            Name(
              'lines',
              Store(),
              lineno=2,
              col_offset=4,
              end_lineno=2,
              end_col_offset=9)],
          BinOp(
            Call(
              Name(
                'ord',
                Load(),
                lineno=2,
                col_offset=12,
                end_lineno=2,
                end_col_offset=15),
              [
                Name(
                  'letter',
                  Load(),
                  lineno=2,
                  col_offset=16,
                  end_lineno=2,
                  end_col_offset=22)],
              [],
              lineno=2,
              col_offset=12,
              end_lineno=2,
              end_col_offset=23),
            Sub(),
            Constant(
              64,
              lineno=2,
              col_offset=26,
              end_lineno=2,
              end_col_offset=28),
            lineno=2,
            col_offset=12,
            end_lineno=2,
            end_col_offset=28),
          lineno=2,
          col_offset=4,
          end_lineno=2,
          end_col_offset=28),
        Assign(
          [
            Name(
              'columns',
              Store(),
              lineno=3,
              col_offset=4,
              end_lineno=3,
              end_col_offset=11)],
          BinOp(
            BinOp(
              Name(
                'lines',
                Load(),
                lineno=3,
                col_offset=14,
                end_lineno=3,
                end_col_offset=19),
              Mult(),
              Constant(
                2,
                lineno=3,
                col_offset=22,
                end_lineno=3,
                end_col_offset=23),
              lineno=3,
              col_offset=14,
              end_lineno=3,
              end_col_offset=23),
            Sub(),
            Constant(
              1,
              lineno=3,
              col_offset=26,
              end_lineno=3,
              end_col_offset=27),
            lineno=3,
            col_offset=14,
            end_lineno=3,
            end_col_offset=27),
          lineno=3,
          col_offset=4,
          end_lineno=3,
          end_col_offset=27),
        Assign(
          [
            Name(
              'half',
              Store(),
              lineno=4,
              col_offset=4,
              end_lineno=4,
              end_col_offset=8)],
          Call(
            Name(
              'make_half',
              Load(),
              lineno=4,
              col_offset=11,
              end_lineno=4,
              end_col_offset=20),
            [
              Name(
                'lines',
                Load(),
                lineno=4,
                col_offset=21,
                end_lineno=4,
                end_col_offset=26),
              Name(
                'columns',
                Load(),
                lineno=4,
                col_offset=28,
                end_lineno=4,
                end_col_offset=35)],
            [],
            lineno=4,
            col_offset=11,
            end_lineno=4,
            end_col_offset=36),
          lineno=4,
          col_offset=4,
          end_lineno=4,
          end_col_offset=36),
        Return(
          BinOp(
            Name(
              'half',
              Load(),
              lineno=5,
              col_offset=11,
              end_lineno=5,
              end_col_offset=15),
            Add(),
            Subscript(
              Name(
                'half',
                Load(),
                lineno=5,
                col_offset=18,
                end_lineno=5,
                end_col_offset=22),
              Slice(
                UnaryOp(
                  USub(),
                  Constant(
                    2,
                    lineno=5,
                    col_offset=24,
                    end_lineno=5,
                    end_col_offset=25),
                  lineno=5,
                  col_offset=23,
                  end_lineno=5,
                  end_col_offset=25),
                step=UnaryOp(
                  USub(),
                  Constant(
                    1,
                    lineno=5,
                    col_offset=28,
                    end_lineno=5,
                    end_col_offset=29),
                  lineno=5,
                  col_offset=27,
                  end_lineno=5,
                  end_col_offset=29),
                lineno=5,
                col_offset=23,
                end_lineno=5,
                end_col_offset=29),
              Load(),
              lineno=5,
              col_offset=18,
              end_lineno=5,
              end_col_offset=30),
            lineno=5,
            col_offset=11,
            end_lineno=5,
            end_col_offset=30),
          lineno=5,
          col_offset=4,
          end_lineno=5,
          end_col_offset=30)],
      [],
      lineno=1,
      col_offset=0,
      end_lineno=5,
      end_col_offset=30),
    FunctionDef(
      'make_half',
      arguments(
        [],
        [
          arg(
            'lines',
            lineno=8,
            col_offset=14,
            end_lineno=8,
            end_col_offset=19),
          arg(
            'columns',
            lineno=8,
            col_offset=21,
            end_lineno=8,
            end_col_offset=28)],
        kwonlyargs=[],
        kw_defaults=[],
        defaults=[]),
      [
        Assign(
          [
            Name(
              'diamond_half',
              Store(),
              lineno=9,
              col_offset=4,
              end_lineno=9,
              end_col_offset=16)],
          List(
            [],
            Load(),
            lineno=9,
            col_offset=19,
            end_lineno=9,
            end_col_offset=21),
          lineno=9,
          col_offset=4,
          end_lineno=9,
          end_col_offset=21),
        For(
          Name(
            'number',
            Store(),
            lineno=10,
            col_offset=8,
            end_lineno=10,
            end_col_offset=14),
          Call(
            Name(
              'range',
              Load(),
              lineno=10,
              col_offset=18,
              end_lineno=10,
              end_col_offset=23),
            [
              Name(
                'lines',
                Load(),
                lineno=10,
                col_offset=24,
                end_lineno=10,
                end_col_offset=29)],
            [],
            lineno=10,
            col_offset=18,
            end_lineno=10,
            end_col_offset=30),
          [
            Assign(
              [
                Name(
                  'row',
                  Store(),
                  lineno=11,
                  col_offset=8,
                  end_lineno=11,
                  end_col_offset=11)],
              BinOp(
                List(
                  [
                    Constant(
                      ' ',
                      lineno=11,
                      col_offset=15,
                      end_lineno=11,
                      end_col_offset=18)],
                  Load(),
                  lineno=11,
                  col_offset=14,
                  end_lineno=11,
                  end_col_offset=19),
                Mult(),
                Name(
                  'columns',
                  Load(),
                  lineno=11,
                  col_offset=22,
                  end_lineno=11,
                  end_col_offset=29),
                lineno=11,
                col_offset=14,
                end_lineno=11,
                end_col_offset=29),
              lineno=11,
              col_offset=8,
              end_lineno=11,
              end_col_offset=29),
            Assign(
              [
                Subscript(
                  Name(
                    'row',
                    Load(),
                    lineno=12,
                    col_offset=8,
                    end_lineno=12,
                    end_col_offset=11),
                  BinOp(
                    BinOp(
                      Name(
                        'lines',
                        Load(),
                        lineno=12,
                        col_offset=12,
                        end_lineno=12,
                        end_col_offset=17),
                      Sub(),
                      Constant(
                        1,
                        lineno=12,
                        col_offset=20,
                        end_lineno=12,
                        end_col_offset=21),
                      lineno=12,
                      col_offset=12,
                      end_lineno=12,
                      end_col_offset=21),
                    Sub(),
                    Name(
                      'number',
                      Load(),
                      lineno=12,
                      col_offset=24,
                      end_lineno=12,
                      end_col_offset=30),
                    lineno=12,
                    col_offset=12,
                    end_lineno=12,
                    end_col_offset=30),
                  Store(),
                  lineno=12,
                  col_offset=8,
                  end_lineno=12,
                  end_col_offset=31)],
              Call(
                Name(
                  'chr',
                  Load(),
                  lineno=12,
                  col_offset=34,
                  end_lineno=12,
                  end_col_offset=37),
                [
                  BinOp(
                    Name(
                      'number',
                      Load(),
                      lineno=12,
                      col_offset=38,
                      end_lineno=12,
                      end_col_offset=44),
                    Add(),
                    Constant(
                      65,
                      lineno=12,
                      col_offset=47,
                      end_lineno=12,
                      end_col_offset=49),
                    lineno=12,
                    col_offset=38,
                    end_lineno=12,
                    end_col_offset=49)],
                [],
                lineno=12,
                col_offset=34,
                end_lineno=12,
                end_col_offset=50),
              lineno=12,
              col_offset=8,
              end_lineno=12,
              end_col_offset=50),
            Assign(
              [
                Subscript(
                  Name(
                    'row',
                    Load(),
                    lineno=13,
                    col_offset=8,
                    end_lineno=13,
                    end_col_offset=11),
                  BinOp(
                    BinOp(
                      Name(
                        'lines',
                        Load(),
                        lineno=13,
                        col_offset=12,
                        end_lineno=13,
                        end_col_offset=17),
                      Sub(),
                      Constant(
                        1,
                        lineno=13,
                        col_offset=20,
                        end_lineno=13,
                        end_col_offset=21),
                      lineno=13,
                      col_offset=12,
                      end_lineno=13,
                      end_col_offset=21),
                    Add(),
                    Name(
                      'number',
                      Load(),
                      lineno=13,
                      col_offset=24,
                      end_lineno=13,
                      end_col_offset=30),
                    lineno=13,
                    col_offset=12,
                    end_lineno=13,
                    end_col_offset=30),
                  Store(),
                  lineno=13,
                  col_offset=8,
                  end_lineno=13,
                  end_col_offset=31)],
              Call(
                Name(
                  'chr',
                  Load(),
                  lineno=13,
                  col_offset=34,
                  end_lineno=13,
                  end_col_offset=37),
                [
                  BinOp(
                    Name(
                      'number',
                      Load(),
                      lineno=13,
                      col_offset=38,
                      end_lineno=13,
                      end_col_offset=44),
                    Add(),
                    Constant(
                      65,
                      lineno=13,
                      col_offset=47,
                      end_lineno=13,
                      end_col_offset=49),
                    lineno=13,
                    col_offset=38,
                    end_lineno=13,
                    end_col_offset=49)],
                [],
                lineno=13,
                col_offset=34,
                end_lineno=13,
                end_col_offset=50),
              lineno=13,
              col_offset=8,
              end_lineno=13,
              end_col_offset=50),
            Expr(
              Call(
                Attribute(
                  Name(
                    'diamond_half',
                    Load(),
                    lineno=14,
                    col_offset=8,
                    end_lineno=14,
                    end_col_offset=20),
                  'append',
                  Load(),
                  lineno=14,
                  col_offset=8,
                  end_lineno=14,
                  end_col_offset=27),
                [
                  Call(
                    Attribute(
                      Constant(
                        '',
                        lineno=14,
                        col_offset=28,
                        end_lineno=14,
                        end_col_offset=30),
                      'join',
                      Load(),
                      lineno=14,
                      col_offset=28,
                      end_lineno=14,
                      end_col_offset=35),
                    [
                      Name(
                        'row',
                        Load(),
                        lineno=14,
                        col_offset=36,
                        end_lineno=14,
                        end_col_offset=39)],
                    [],
                    lineno=14,
                    col_offset=28,
                    end_lineno=14,
                    end_col_offset=40)],
                [],
                lineno=14,
                col_offset=8,
                end_lineno=14,
                end_col_offset=41),
              lineno=14,
              col_offset=8,
              end_lineno=14,
              end_col_offset=41)],
          [],
          lineno=10,
          col_offset=4,
          end_lineno=14,
          end_col_offset=41),
        Return(
          Name(
            'diamond_half',
            Load(),
            lineno=15,
            col_offset=11,
            end_lineno=15,
            end_col_offset=23),
          lineno=15,
          col_offset=4,
          end_lineno=15,
          end_col_offset=23)],
      [],
      lineno=8,
      col_offset=0,
      end_lineno=15,
      end_col_offset=23)],
  [])
## END TREE BEFORE ##

## BEGIN NORMALIZED TREE ##
Module(
  [
    FunctionDef(
      'placeholder_0',
      arguments(
        [],
        [
          arg(
            'placeholder_1',
            lineno=1,
            col_offset=9,
            end_lineno=1,
            end_col_offset=15)],
        kwonlyargs=[],
        kw_defaults=[],
        defaults=[]),
      [
        Assign(
          [
            Name(
              'placeholder_2',
              Store(),
              lineno=2,
              col_offset=4,
              end_lineno=2,
              end_col_offset=9)],
          BinOp(
            Call(
              Name(
                'ord',
                Load(),
                lineno=2,
                col_offset=12,
                end_lineno=2,
                end_col_offset=15),
              [
                Name(
                  'placeholder_1',
                  Load(),
                  lineno=2,
                  col_offset=16,
                  end_lineno=2,
                  end_col_offset=22)],
              [],
              lineno=2,
              col_offset=12,
              end_lineno=2,
              end_col_offset=23),
            Sub(),
            Constant(
              64,
              lineno=2,
              col_offset=26,
              end_lineno=2,
              end_col_offset=28),
            lineno=2,
            col_offset=12,
            end_lineno=2,
            end_col_offset=28),
          lineno=2,
          col_offset=4,
          end_lineno=2,
          end_col_offset=28),
        Assign(
          [
            Name(
              'placeholder_3',
              Store(),
              lineno=3,
              col_offset=4,
              end_lineno=3,
              end_col_offset=11)],
          BinOp(
            BinOp(
              Name(
                'placeholder_2',
                Load(),
                lineno=3,
                col_offset=14,
                end_lineno=3,
                end_col_offset=19),
              Mult(),
              Constant(
                2,
                lineno=3,
                col_offset=22,
                end_lineno=3,
                end_col_offset=23),
              lineno=3,
              col_offset=14,
              end_lineno=3,
              end_col_offset=23),
            Sub(),
            Constant(
              1,
              lineno=3,
              col_offset=26,
              end_lineno=3,
              end_col_offset=27),
            lineno=3,
            col_offset=14,
            end_lineno=3,
            end_col_offset=27),
          lineno=3,
          col_offset=4,
          end_lineno=3,
          end_col_offset=27),
        Assign(
          [
            Name(
              'placeholder_4',
              Store(),
              lineno=4,
              col_offset=4,
              end_lineno=4,
              end_col_offset=8)],
          Call(
            Name(
              'make_half',
              Load(),
              lineno=4,
              col_offset=11,
              end_lineno=4,
              end_col_offset=20),
            [
              Name(
                'placeholder_2',
                Load(),
                lineno=4,
                col_offset=21,
                end_lineno=4,
                end_col_offset=26),
              Name(
                'placeholder_3',
                Load(),
                lineno=4,
                col_offset=28,
                end_lineno=4,
                end_col_offset=35)],
            [],
            lineno=4,
            col_offset=11,
            end_lineno=4,
            end_col_offset=36),
          lineno=4,
          col_offset=4,
          end_lineno=4,
          end_col_offset=36),
        Return(
          BinOp(
            Name(
              'placeholder_4',
              Load(),
              lineno=5,
              col_offset=11,
              end_lineno=5,
              end_col_offset=15),
            Add(),
            Subscript(
              Name(
                'placeholder_4',
                Load(),
                lineno=5,
                col_offset=18,
                end_lineno=5,
                end_col_offset=22),
              Slice(
                UnaryOp(
                  USub(),
                  Constant(
                    2,
                    lineno=5,
                    col_offset=24,
                    end_lineno=5,
                    end_col_offset=25),
                  lineno=5,
                  col_offset=23,
                  end_lineno=5,
                  end_col_offset=25),
                step=UnaryOp(
                  USub(),
                  Constant(
                    1,
                    lineno=5,
                    col_offset=28,
                    end_lineno=5,
                    end_col_offset=29),
                  lineno=5,
                  col_offset=27,
                  end_lineno=5,
                  end_col_offset=29),
                lineno=5,
                col_offset=23,
                end_lineno=5,
                end_col_offset=29),
              Load(),
              lineno=5,
              col_offset=18,
              end_lineno=5,
              end_col_offset=30),
            lineno=5,
            col_offset=11,
            end_lineno=5,
            end_col_offset=30),
          lineno=5,
          col_offset=4,
          end_lineno=5,
          end_col_offset=30)],
      [],
      lineno=1,
      col_offset=0,
      end_lineno=5,
      end_col_offset=30),
    FunctionDef(
      'placeholder_5',
      arguments(
        [],
        [
          arg(
            'placeholder_2',
            lineno=8,
            col_offset=14,
            end_lineno=8,
            end_col_offset=19),
          arg(
            'placeholder_3',
            lineno=8,
            col_offset=21,
            end_lineno=8,
            end_col_offset=28)],
        kwonlyargs=[],
        kw_defaults=[],
        defaults=[]),
      [
        Assign(
          [
            Name(
              'placeholder_6',
              Store(),
              lineno=9,
              col_offset=4,
              end_lineno=9,
              end_col_offset=16)],
          List(
            [],
            Load(),
            lineno=9,
            col_offset=19,
            end_lineno=9,
            end_col_offset=21),
          lineno=9,
          col_offset=4,
          end_lineno=9,
          end_col_offset=21),
        For(
          Name(
            'placeholder_7',
            Store(),
            lineno=10,
            col_offset=8,
            end_lineno=10,
            end_col_offset=14),
          Call(
            Name(
              'range',
              Load(),
              lineno=10,
              col_offset=18,
              end_lineno=10,
              end_col_offset=23),
            [
              Name(
                'placeholder_2',
                Load(),
                lineno=10,
                col_offset=24,
                end_lineno=10,
                end_col_offset=29)],
            [],
            lineno=10,
            col_offset=18,
            end_lineno=10,
            end_col_offset=30),
          [
            Assign(
              [
                Name(
                  'placeholder_8',
                  Store(),
                  lineno=11,
                  col_offset=8,
                  end_lineno=11,
                  end_col_offset=11)],
              BinOp(
                List(
                  [
                    Constant(
                      ' ',
                      lineno=11,
                      col_offset=15,
                      end_lineno=11,
                      end_col_offset=18)],
                  Load(),
                  lineno=11,
                  col_offset=14,
                  end_lineno=11,
                  end_col_offset=19),
                Mult(),
                Name(
                  'placeholder_3',
                  Load(),
                  lineno=11,
                  col_offset=22,
                  end_lineno=11,
                  end_col_offset=29),
                lineno=11,
                col_offset=14,
                end_lineno=11,
                end_col_offset=29),
              lineno=11,
              col_offset=8,
              end_lineno=11,
              end_col_offset=29),
            Assign(
              [
                Subscript(
                  Name(
                    'placeholder_8',
                    Load(),
                    lineno=12,
                    col_offset=8,
                    end_lineno=12,
                    end_col_offset=11),
                  BinOp(
                    BinOp(
                      Name(
                        'placeholder_2',
                        Load(),
                        lineno=12,
                        col_offset=12,
                        end_lineno=12,
                        end_col_offset=17),
                      Sub(),
                      Constant(
                        1,
                        lineno=12,
                        col_offset=20,
                        end_lineno=12,
                        end_col_offset=21),
                      lineno=12,
                      col_offset=12,
                      end_lineno=12,
                      end_col_offset=21),
                    Sub(),
                    Name(
                      'placeholder_7',
                      Load(),
                      lineno=12,
                      col_offset=24,
                      end_lineno=12,
                      end_col_offset=30),
                    lineno=12,
                    col_offset=12,
                    end_lineno=12,
                    end_col_offset=30),
                  Store(),
                  lineno=12,
                  col_offset=8,
                  end_lineno=12,
                  end_col_offset=31)],
              Call(
                Name(
                  'chr',
                  Load(),
                  lineno=12,
                  col_offset=34,
                  end_lineno=12,
                  end_col_offset=37),
                [
                  BinOp(
                    Name(
                      'placeholder_7',
                      Load(),
                      lineno=12,
                      col_offset=38,
                      end_lineno=12,
                      end_col_offset=44),
                    Add(),
                    Constant(
                      65,
                      lineno=12,
                      col_offset=47,
                      end_lineno=12,
                      end_col_offset=49),
                    lineno=12,
                    col_offset=38,
                    end_lineno=12,
                    end_col_offset=49)],
                [],
                lineno=12,
                col_offset=34,
                end_lineno=12,
                end_col_offset=50),
              lineno=12,
              col_offset=8,
              end_lineno=12,
              end_col_offset=50),
            Assign(
              [
                Subscript(
                  Name(
                    'placeholder_8',
                    Load(),
                    lineno=13,
                    col_offset=8,
                    end_lineno=13,
                    end_col_offset=11),
                  BinOp(
                    BinOp(
                      Name(
                        'placeholder_2',
                        Load(),
                        lineno=13,
                        col_offset=12,
                        end_lineno=13,
                        end_col_offset=17),
                      Sub(),
                      Constant(
                        1,
                        lineno=13,
                        col_offset=20,
                        end_lineno=13,
                        end_col_offset=21),
                      lineno=13,
                      col_offset=12,
                      end_lineno=13,
                      end_col_offset=21),
                    Add(),
                    Name(
                      'placeholder_7',
                      Load(),
                      lineno=13,
                      col_offset=24,
                      end_lineno=13,
                      end_col_offset=30),
                    lineno=13,
                    col_offset=12,
                    end_lineno=13,
                    end_col_offset=30),
                  Store(),
                  lineno=13,
                  col_offset=8,
                  end_lineno=13,
                  end_col_offset=31)],
              Call(
                Name(
                  'chr',
                  Load(),
                  lineno=13,
                  col_offset=34,
                  end_lineno=13,
                  end_col_offset=37),
                [
                  BinOp(
                    Name(
                      'placeholder_7',
                      Load(),
                      lineno=13,
                      col_offset=38,
                      end_lineno=13,
                      end_col_offset=44),
                    Add(),
                    Constant(
                      65,
                      lineno=13,
                      col_offset=47,
                      end_lineno=13,
                      end_col_offset=49),
                    lineno=13,
                    col_offset=38,
                    end_lineno=13,
                    end_col_offset=49)],
                [],
                lineno=13,
                col_offset=34,
                end_lineno=13,
                end_col_offset=50),
              lineno=13,
              col_offset=8,
              end_lineno=13,
              end_col_offset=50),
            Expr(
              Call(
                Attribute(
                  Name(
                    'placeholder_6',
                    Load(),
                    lineno=14,
                    col_offset=8,
                    end_lineno=14,
                    end_col_offset=20),
                  'append',
                  Load(),
                  lineno=14,
                  col_offset=8,
                  end_lineno=14,
                  end_col_offset=27),
                [
                  Call(
                    Attribute(
                      Constant(
                        '',
                        lineno=14,
                        col_offset=28,
                        end_lineno=14,
                        end_col_offset=30),
                      'join',
                      Load(),
                      lineno=14,
                      col_offset=28,
                      end_lineno=14,
                      end_col_offset=35),
                    [
                      Name(
                        'placeholder_8',
                        Load(),
                        lineno=14,
                        col_offset=36,
                        end_lineno=14,
                        end_col_offset=39)],
                    [],
                    lineno=14,
                    col_offset=28,
                    end_lineno=14,
                    end_col_offset=40)],
                [],
                lineno=14,
                col_offset=8,
                end_lineno=14,
                end_col_offset=41),
              lineno=14,
              col_offset=8,
              end_lineno=14,
              end_col_offset=41)],
          [],
          lineno=10,
          col_offset=4,
          end_lineno=14,
          end_col_offset=41),
        Return(
          Name(
            'placeholder_6',
            Load(),
            lineno=15,
            col_offset=11,
            end_lineno=15,
            end_col_offset=23),
          lineno=15,
          col_offset=4,
          end_lineno=15,
          end_col_offset=23)],
      [],
      lineno=8,
      col_offset=0,
      end_lineno=15,
      end_col_offset=23)],
  [])
## END NORMALIZED TREE ##