## BEGIN NORMALIZED CODE ##
from functools import reduce


def placeholder_0(placeholder_1):
    if set(placeholder_1) - set("012"):
        return 0
    return reduce(
        lambda placeholder_2, placeholder_3: placeholder_2 * 3 + int(placeholder_3),
        placeholder_1,
        0,
    )

## END NORMALIZED CODE ##

## BEGIN TREE BEFORE ##
Module(
  [
    ImportFrom(
      'functools',
      [
        alias(
          'reduce',
          lineno=1,
          col_offset=22,
          end_lineno=1,
          end_col_offset=28)],
      0,
      lineno=1,
      col_offset=0,
      end_lineno=1,
      end_col_offset=28),
    FunctionDef(
      'trinary',
      arguments(
        [],
        [
          arg(
            'string',
            lineno=4,
            col_offset=12,
            end_lineno=4,
            end_col_offset=18)],
        kwonlyargs=[],
        kw_defaults=[],
        defaults=[]),
      [
        If(
          BinOp(
            Call(
              Name(
                'set',
                Load(),
                lineno=5,
                col_offset=7,
                end_lineno=5,
                end_col_offset=10),
              [
                Name(
                  'string',
                  Load(),
                  lineno=5,
                  col_offset=11,
                  end_lineno=5,
                  end_col_offset=17)],
              [],
              lineno=5,
              col_offset=7,
              end_lineno=5,
              end_col_offset=18),
            Sub(),
            Call(
              Name(
                'set',
                Load(),
                lineno=5,
                col_offset=21,
                end_lineno=5,
                end_col_offset=24),
              [
                Constant(
                  '012',
                  lineno=5,
                  col_offset=25,
                  end_lineno=5,
                  end_col_offset=30)],
              [],
              lineno=5,
              col_offset=21,
              end_lineno=5,
              end_col_offset=31),
            lineno=5,
            col_offset=7,
            end_lineno=5,
            end_col_offset=31),
          [
            Return(
              Constant(
                0,
                lineno=6,
                col_offset=15,
                end_lineno=6,
                end_col_offset=16),
              lineno=6,
              col_offset=8,
              end_lineno=6,
              end_col_offset=16)],
          [],
          lineno=5,
          col_offset=4,
          end_lineno=6,
          end_col_offset=16),
        Return(
          Call(
            Name(
              'reduce',
              Load(),
              lineno=7,
              col_offset=11,
              end_lineno=7,
              end_col_offset=17),
            [
              Lambda(
                arguments(
                  [],
                  [
                    arg(
                      'idx',
                      lineno=7,
                      col_offset=25,
                      end_lineno=7,
                      end_col_offset=28),
                    arg(
                      'edx',
                      lineno=7,
                      col_offset=30,
                      end_lineno=7,
                      end_col_offset=33)],
                  kwonlyargs=[],
                  kw_defaults=[],
                  defaults=[]),
                BinOp(
                  BinOp(
                    Name(
                      'idx',
                      Load(),
                      lineno=7,
                      col_offset=35,
                      end_lineno=7,
                      end_col_offset=38),
                    Mult(),
                    Constant(
                      3,
                      lineno=7,
                      col_offset=41,
                      end_lineno=7,
                      end_col_offset=42),
                    lineno=7,
                    col_offset=35,
                    end_lineno=7,
                    end_col_offset=42),
                  Add(),
                  Call(
                    Name(
                      'int',
                      Load(),
                      lineno=7,
                      col_offset=45,
                      end_lineno=7,
                      end_col_offset=48),
                    [
                      Name(
                        'edx',
                        Load(),
                        lineno=7,
                        col_offset=49,
                        end_lineno=7,
                        end_col_offset=52)],
                    [],
                    lineno=7,
                    col_offset=45,
                    end_lineno=7,
                    end_col_offset=53),
                  lineno=7,
                  col_offset=35,
                  end_lineno=7,
                  end_col_offset=53),
                lineno=7,
                col_offset=18,
                end_lineno=7,
                end_col_offset=53),
              Name(
                'string',
                Load(),
                lineno=7,
                col_offset=55,
                end_lineno=7,
                end_col_offset=61),
              Constant(
                0,
                lineno=7,
                col_offset=63,
                end_lineno=7,
                end_col_offset=64)],
            [],
            lineno=7,
            col_offset=11,
            end_lineno=7,
            end_col_offset=65),
          lineno=7,
          col_offset=4,
          end_lineno=7,
          end_col_offset=65)],
      [],
      lineno=4,
      col_offset=0,
      end_lineno=7,
      end_col_offset=65)],
  [])
## END TREE BEFORE ##

## BEGIN NORMALIZED TREE ##
Module(
  [
    ImportFrom(
      'functools',
      [
        alias(
          'reduce',
          lineno=1,
          col_offset=22,
          end_lineno=1,
          end_col_offset=28)],
      0,
      lineno=1,
      col_offset=0,
      end_lineno=1,
      end_col_offset=28),
    FunctionDef(
      'placeholder_0',
      arguments(
        [],
        [
          arg(
            'placeholder_1',
            lineno=4,
            col_offset=12,
            end_lineno=4,
            end_col_offset=18)],
        kwonlyargs=[],
        kw_defaults=[],
        defaults=[]),
      [
        If(
          BinOp(
            Call(
              Name(
                'set',
                Load(),
                lineno=5,
                col_offset=7,
                end_lineno=5,
                end_col_offset=10),
              [
                Name(
                  'placeholder_1',
                  Load(),
                  lineno=5,
                  col_offset=11,
                  end_lineno=5,
                  end_col_offset=17)],
              [],
              lineno=5,
              col_offset=7,
              end_lineno=5,
              end_col_offset=18),
            Sub(),
            Call(
              Name(
                'set',
                Load(),
                lineno=5,
                col_offset=21,
                end_lineno=5,
                end_col_offset=24),
              [
                Constant(
                  '012',
                  lineno=5,
                  col_offset=25,
                  end_lineno=5,
                  end_col_offset=30)],
              [],
              lineno=5,
              col_offset=21,
              end_lineno=5,
              end_col_offset=31),
            lineno=5,
            col_offset=7,
            end_lineno=5,
            end_col_offset=31),
          [
            Return(
              Constant(
                0,
                lineno=6,
                col_offset=15,
                end_lineno=6,
                end_col_offset=16),
              lineno=6,
              col_offset=8,
              end_lineno=6,
              end_col_offset=16)],
          [],
          lineno=5,
          col_offset=4,
          end_lineno=6,
          end_col_offset=16),
        Return(
          Call(
            Name(
              'reduce',
              Load(),
              lineno=7,
              col_offset=11,
              end_lineno=7,
              end_col_offset=17),
            [
              Lambda(
                arguments(
                  [],
                  [
                    arg(
                      'placeholder_2',
                      lineno=7,
                      col_offset=25,
                      end_lineno=7,
                      end_col_offset=28),
                    arg(
                      'placeholder_3',
                      lineno=7,
                      col_offset=30,
                      end_lineno=7,
                      end_col_offset=33)],
                  kwonlyargs=[],
                  kw_defaults=[],
                  defaults=[]),
                BinOp(
                  BinOp(
                    Name(
                      'placeholder_2',
                      Load(),
                      lineno=7,
                      col_offset=35,
                      end_lineno=7,
                      end_col_offset=38),
                    Mult(),
                    Constant(
                      3,
                      lineno=7,
                      col_offset=41,
                      end_lineno=7,
                      end_col_offset=42),
                    lineno=7,
                    col_offset=35,
                    end_lineno=7,
                    end_col_offset=42),
                  Add(),
                  Call(
                    Name(
                      'int',
                      Load(),
                      lineno=7,
                      col_offset=45,
                      end_lineno=7,
                      end_col_offset=48),
                    [
                      Name(
                        'placeholder_3',
                        Load(),
                        lineno=7,
                        col_offset=49,
                        end_lineno=7,
                        end_col_offset=52)],
                    [],
                    lineno=7,
                    col_offset=45,
                    end_lineno=7,
                    end_col_offset=53),
                  lineno=7,
                  col_offset=35,
                  end_lineno=7,
                  end_col_offset=53),
                lineno=7,
                col_offset=18,
                end_lineno=7,
                end_col_offset=53),
              Name(
                'placeholder_1',
                Load(),
                lineno=7,
                col_offset=55,
                end_lineno=7,
                end_col_offset=61),
              Constant(
                0,
                lineno=7,
                col_offset=63,
                end_lineno=7,
                end_col_offset=64)],
            [],
            lineno=7,
            col_offset=11,
            end_lineno=7,
            end_col_offset=65),
          lineno=7,
          col_offset=4,
          end_lineno=7,
          end_col_offset=65)],
      [],
      lineno=4,
      col_offset=0,
      end_lineno=7,
      end_col_offset=65)],
  [])
## END NORMALIZED TREE ##