## BEGIN NORMALIZED CODE ##
class placeholder_0:
    def placeholder_1(self, placeholder_2, placeholder_3):
        self.placeholder_2 = placeholder_2
        self.placeholder_3 = placeholder_3
        self.cleanup()

    def placeholder_4(self):
        return f"Clock({self.placeholder_2}, {self.placeholder_3})"

    def placeholder_5(self):
        return "{:02d}:{:02d}".format(self.placeholder_2, self.placeholder_3)

    def placeholder_6(self, placeholder_7):
        return repr(self) == repr(placeholder_7)

    def placeholder_8(self, placeholder_9):
        self.placeholder_3 += placeholder_9
        return self.cleanup()

    def placeholder_10(self, placeholder_9):
        self.placeholder_3 -= placeholder_9
        return self.cleanup()

    def placeholder_11(self):
        self.placeholder_2 += self.placeholder_3 // 60
        self.placeholder_2 %= 24
        self.placeholder_3 %= 60
        return self

## END NORMALIZED CODE ##

## BEGIN TREE BEFORE ##
Module(
  [
    ClassDef(
      'Clock',
      [],
      [],
      [
        Expr(
          Constant(
            'Clock that displays 24 hour clock that rollsover properly',
            lineno=2,
            col_offset=4,
            end_lineno=2,
            end_col_offset=67),
          lineno=2,
          col_offset=4,
          end_lineno=2,
          end_col_offset=67),
        FunctionDef(
          '__init__',
          arguments(
            [],
            [
              arg(
                'self',
                lineno=4,
                col_offset=17,
                end_lineno=4,
                end_col_offset=21),
              arg(
                'hour',
                lineno=4,
                col_offset=23,
                end_lineno=4,
                end_col_offset=27),
              arg(
                'minute',
                lineno=4,
                col_offset=29,
                end_lineno=4,
                end_col_offset=35)],
            kwonlyargs=[],
            kw_defaults=[],
            defaults=[]),
          [
            Assign(
              [
                Attribute(
                  Name(
                    'self',
                    Load(),
                    lineno=5,
                    col_offset=8,
                    end_lineno=5,
                    end_col_offset=12),
                  'hour',
                  Store(),
                  lineno=5,
                  col_offset=8,
                  end_lineno=5,
                  end_col_offset=17)],
              Name(
                'hour',
                Load(),
                lineno=5,
                col_offset=20,
                end_lineno=5,
                end_col_offset=24),
              lineno=5,
              col_offset=8,
              end_lineno=5,
              end_col_offset=24),
            Assign(
              [
                Attribute(
                  Name(
                    'self',
                    Load(),
                    lineno=6,
                    col_offset=8,
                    end_lineno=6,
                    end_col_offset=12),
                  'minute',
                  Store(),
                  lineno=6,
                  col_offset=8,
                  end_lineno=6,
                  end_col_offset=19)],
              Name(
                'minute',
                Load(),
                lineno=6,
                col_offset=22,
                end_lineno=6,
                end_col_offset=28),
              lineno=6,
              col_offset=8,
              end_lineno=6,
              end_col_offset=28),
            Expr(
              Call(
                Attribute(
                  Name(
                    'self',
                    Load(),
                    lineno=7,
                    col_offset=8,
                    end_lineno=7,
                    end_col_offset=12),
                  'cleanup',
                  Load(),
                  lineno=7,
                  col_offset=8,
                  end_lineno=7,
                  end_col_offset=20),
                [],
                [],
                lineno=7,
                col_offset=8,
                end_lineno=7,
                end_col_offset=22),
              lineno=7,
              col_offset=8,
              end_lineno=7,
              end_col_offset=22)],
          [],
          lineno=4,
          col_offset=4,
          end_lineno=7,
          end_col_offset=22),
        FunctionDef(
          '__repr__',
          arguments(
            [],
            [
              arg(
                'self',
                lineno=9,
                col_offset=17,
                end_lineno=9,
                end_col_offset=21)],
            kwonlyargs=[],
            kw_defaults=[],
            defaults=[]),
          [
            Return(
              JoinedStr(
                [
                  Constant(
                    'Clock(',
                    lineno=10,
                    col_offset=15,
                    end_lineno=10,
                    end_col_offset=51),
                  FormattedValue(
                    Attribute(
                      Name(
                        'self',
                        Load(),
                        lineno=10,
                        col_offset=24,
                        end_lineno=10,
                        end_col_offset=28),
                      'hour',
                      Load(),
                      lineno=10,
                      col_offset=24,
                      end_lineno=10,
                      end_col_offset=33),
                    -1,
                    lineno=10,
                    col_offset=15,
                    end_lineno=10,
                    end_col_offset=51),
                  Constant(
                    ', ',
                    lineno=10,
                    col_offset=15,
                    end_lineno=10,
                    end_col_offset=51),
                  FormattedValue(
                    Attribute(
                      Name(
                        'self',
                        Load(),
                        lineno=10,
                        col_offset=37,
                        end_lineno=10,
                        end_col_offset=41),
                      'minute',
                      Load(),
                      lineno=10,
                      col_offset=37,
                      end_lineno=10,
                      end_col_offset=48),
                    -1,
                    lineno=10,
                    col_offset=15,
                    end_lineno=10,
                    end_col_offset=51),
                  Constant(
                    ')',
                    lineno=10,
                    col_offset=15,
                    end_lineno=10,
                    end_col_offset=51)],
                lineno=10,
                col_offset=15,
                end_lineno=10,
                end_col_offset=51),
              lineno=10,
              col_offset=8,
              end_lineno=10,
              end_col_offset=51)],
          [],
          lineno=9,
          col_offset=4,
          end_lineno=10,
          end_col_offset=51),
        FunctionDef(
          '__str__',
          arguments(
            [],
            [
              arg(
                'self',
                lineno=12,
                col_offset=16,
                end_lineno=12,
                end_col_offset=20)],
            kwonlyargs=[],
            kw_defaults=[],
            defaults=[]),
          [
            Return(
              Call(
                Attribute(
                  Constant(
                    '{:02d}:{:02d}',
                    lineno=13,
                    col_offset=15,
                    end_lineno=13,
                    end_col_offset=30),
                  'format',
                  Load(),
                  lineno=13,
                  col_offset=15,
                  end_lineno=13,
                  end_col_offset=37),
                [
                  Attribute(
                    Name(
                      'self',
                      Load(),
                      lineno=13,
                      col_offset=38,
                      end_lineno=13,
                      end_col_offset=42),
                    'hour',
                    Load(),
                    lineno=13,
                    col_offset=38,
                    end_lineno=13,
                    end_col_offset=47),
                  Attribute(
                    Name(
                      'self',
                      Load(),
                      lineno=13,
                      col_offset=49,
                      end_lineno=13,
                      end_col_offset=53),
                    'minute',
                    Load(),
                    lineno=13,
                    col_offset=49,
                    end_lineno=13,
                    end_col_offset=60)],
                [],
                lineno=13,
                col_offset=15,
                end_lineno=13,
                end_col_offset=61),
              lineno=13,
              col_offset=8,
              end_lineno=13,
              end_col_offset=61)],
          [],
          lineno=12,
          col_offset=4,
          end_lineno=13,
          end_col_offset=61),
        FunctionDef(
          '__eq__',
          arguments(
            [],
            [
              arg(
                'self',
                lineno=15,
                col_offset=15,
                end_lineno=15,
                end_col_offset=19),
              arg(
                'other',
                lineno=15,
                col_offset=21,
                end_lineno=15,
                end_col_offset=26)],
            kwonlyargs=[],
            kw_defaults=[],
            defaults=[]),
          [
            Return(
              Compare(
                Call(
                  Name(
                    'repr',
                    Load(),
                    lineno=16,
                    col_offset=15,
                    end_lineno=16,
                    end_col_offset=19),
                  [
                    Name(
                      'self',
                      Load(),
                      lineno=16,
                      col_offset=20,
                      end_lineno=16,
                      end_col_offset=24)],
                  [],
                  lineno=16,
                  col_offset=15,
                  end_lineno=16,
                  end_col_offset=25),
                [
                  Eq()],
                [
                  Call(
                    Name(
                      'repr',
                      Load(),
                      lineno=16,
                      col_offset=29,
                      end_lineno=16,
                      end_col_offset=33),
                    [
                      Name(
                        'other',
                        Load(),
                        lineno=16,
                        col_offset=34,
                        end_lineno=16,
                        end_col_offset=39)],
                    [],
                    lineno=16,
                    col_offset=29,
                    end_lineno=16,
                    end_col_offset=40)],
                lineno=16,
                col_offset=15,
                end_lineno=16,
                end_col_offset=40),
              lineno=16,
              col_offset=8,
              end_lineno=16,
              end_col_offset=40)],
          [],
          lineno=15,
          col_offset=4,
          end_lineno=16,
          end_col_offset=40),
        FunctionDef(
          '__add__',
          arguments(
            [],
            [
              arg(
                'self',
                lineno=18,
                col_offset=16,
                end_lineno=18,
                end_col_offset=20),
              arg(
                'minutes',
                lineno=18,
                col_offset=22,
                end_lineno=18,
                end_col_offset=29)],
            kwonlyargs=[],
            kw_defaults=[],
            defaults=[]),
          [
            AugAssign(
              Attribute(
                Name(
                  'self',
                  Load(),
                  lineno=19,
                  col_offset=8,
                  end_lineno=19,
                  end_col_offset=12),
                'minute',
                Store(),
                lineno=19,
                col_offset=8,
                end_lineno=19,
                end_col_offset=19),
              Add(),
              Name(
                'minutes',
                Load(),
                lineno=19,
                col_offset=23,
                end_lineno=19,
                end_col_offset=30),
              lineno=19,
              col_offset=8,
              end_lineno=19,
              end_col_offset=30),
            Return(
              Call(
                Attribute(
                  Name(
                    'self',
                    Load(),
                    lineno=20,
                    col_offset=15,
                    end_lineno=20,
                    end_col_offset=19),
                  'cleanup',
                  Load(),
                  lineno=20,
                  col_offset=15,
                  end_lineno=20,
                  end_col_offset=27),
                [],
                [],
                lineno=20,
                col_offset=15,
                end_lineno=20,
                end_col_offset=29),
              lineno=20,
              col_offset=8,
              end_lineno=20,
              end_col_offset=29)],
          [],
          lineno=18,
          col_offset=4,
          end_lineno=20,
          end_col_offset=29),
        FunctionDef(
          '__sub__',
          arguments(
            [],
            [
              arg(
                'self',
                lineno=22,
                col_offset=16,
                end_lineno=22,
                end_col_offset=20),
              arg(
                'minutes',
                lineno=22,
                col_offset=22,
                end_lineno=22,
                end_col_offset=29)],
            kwonlyargs=[],
            kw_defaults=[],
            defaults=[]),
          [
            AugAssign(
              Attribute(
                Name(
                  'self',
                  Load(),
                  lineno=23,
                  col_offset=8,
                  end_lineno=23,
                  end_col_offset=12),
                'minute',
                Store(),
                lineno=23,
                col_offset=8,
                end_lineno=23,
                end_col_offset=19),
              Sub(),
              Name(
                'minutes',
                Load(),
                lineno=23,
                col_offset=23,
                end_lineno=23,
                end_col_offset=30),
              lineno=23,
              col_offset=8,
              end_lineno=23,
              end_col_offset=30),
            Return(
              Call(
                Attribute(
                  Name(
                    'self',
                    Load(),
                    lineno=24,
                    col_offset=15,
                    end_lineno=24,
                    end_col_offset=19),
                  'cleanup',
                  Load(),
                  lineno=24,
                  col_offset=15,
                  end_lineno=24,
                  end_col_offset=27),
                [],
                [],
                lineno=24,
                col_offset=15,
                end_lineno=24,
                end_col_offset=29),
              lineno=24,
              col_offset=8,
              end_lineno=24,
              end_col_offset=29)],
          [],
          lineno=22,
          col_offset=4,
          end_lineno=24,
          end_col_offset=29),
        FunctionDef(
          'cleanup',
          arguments(
            [],
            [
              arg(
                'self',
                lineno=26,
                col_offset=16,
                end_lineno=26,
                end_col_offset=20)],
            kwonlyargs=[],
            kw_defaults=[],
            defaults=[]),
          [
            AugAssign(
              Attribute(
                Name(
                  'self',
                  Load(),
                  lineno=27,
                  col_offset=8,
                  end_lineno=27,
                  end_col_offset=12),
                'hour',
                Store(),
                lineno=27,
                col_offset=8,
                end_lineno=27,
                end_col_offset=17),
              Add(),
              BinOp(
                Attribute(
                  Name(
                    'self',
                    Load(),
                    lineno=27,
                    col_offset=21,
                    end_lineno=27,
                    end_col_offset=25),
                  'minute',
                  Load(),
                  lineno=27,
                  col_offset=21,
                  end_lineno=27,
                  end_col_offset=32),
                FloorDiv(),
                Constant(
                  60,
                  lineno=27,
                  col_offset=36,
                  end_lineno=27,
                  end_col_offset=38),
                lineno=27,
                col_offset=21,
                end_lineno=27,
                end_col_offset=38),
              lineno=27,
              col_offset=8,
              end_lineno=27,
              end_col_offset=38),
            AugAssign(
              Attribute(
                Name(
                  'self',
                  Load(),
                  lineno=28,
                  col_offset=8,
                  end_lineno=28,
                  end_col_offset=12),
                'hour',
                Store(),
                lineno=28,
                col_offset=8,
                end_lineno=28,
                end_col_offset=17),
              Mod(),
              Constant(
                24,
                lineno=28,
                col_offset=21,
                end_lineno=28,
                end_col_offset=23),
              lineno=28,
              col_offset=8,
              end_lineno=28,
              end_col_offset=23),
            AugAssign(
              Attribute(
                Name(
                  'self',
                  Load(),
                  lineno=29,
                  col_offset=8,
                  end_lineno=29,
                  end_col_offset=12),
                'minute',
                Store(),
                lineno=29,
                col_offset=8,
                end_lineno=29,
                end_col_offset=19),
              Mod(),
              Constant(
                60,
                lineno=29,
                col_offset=23,
                end_lineno=29,
                end_col_offset=25),
              lineno=29,
              col_offset=8,
              end_lineno=29,
              end_col_offset=25),
            Return(
              Name(
                'self',
                Load(),
                lineno=30,
                col_offset=15,
                end_lineno=30,
                end_col_offset=19),
              lineno=30,
              col_offset=8,
              end_lineno=30,
              end_col_offset=19)],
          [],
          lineno=26,
          col_offset=4,
          end_lineno=30,
          end_col_offset=19)],
      [],
      lineno=1,
      col_offset=0,
      end_lineno=30,
      end_col_offset=19)],
  [])
## END TREE BEFORE ##

## BEGIN NORMALIZED TREE ##
Module(
  [
    ClassDef(
      'placeholder_0',
      [],
      [],
      [
        FunctionDef(
          'placeholder_1',
          arguments(
            [],
            [
              arg(
                'self',
                lineno=4,
                col_offset=17,
                end_lineno=4,
                end_col_offset=21),
              arg(
                'placeholder_2',
                lineno=4,
                col_offset=23,
                end_lineno=4,
                end_col_offset=27),
              arg(
                'placeholder_3',
                lineno=4,
                col_offset=29,
                end_lineno=4,
                end_col_offset=35)],
            kwonlyargs=[],
            kw_defaults=[],
            defaults=[]),
          [
            Assign(
              [
                Attribute(
                  Name(
                    'self',
                    Load(),
                    lineno=5,
                    col_offset=8,
                    end_lineno=5,
                    end_col_offset=12),
                  'placeholder_2',
                  Store(),
                  lineno=5,
                  col_offset=8,
                  end_lineno=5,
                  end_col_offset=17)],
              Name(
                'placeholder_2',
                Load(),
                lineno=5,
                col_offset=20,
                end_lineno=5,
                end_col_offset=24),
              lineno=5,
              col_offset=8,
              end_lineno=5,
              end_col_offset=24),
            Assign(
              [
                Attribute(
                  Name(
                    'self',
                    Load(),
                    lineno=6,
                    col_offset=8,
                    end_lineno=6,
                    end_col_offset=12),
                  'placeholder_3',
                  Store(),
                  lineno=6,
                  col_offset=8,
                  end_lineno=6,
                  end_col_offset=19)],
              Name(
                'placeholder_3',
                Load(),
                lineno=6,
                col_offset=22,
                end_lineno=6,
                end_col_offset=28),
              lineno=6,
              col_offset=8,
              end_lineno=6,
              end_col_offset=28),
            Expr(
              Call(
                Attribute(
                  Name(
                    'self',
                    Load(),
                    lineno=7,
                    col_offset=8,
                    end_lineno=7,
                    end_col_offset=12),
                  'cleanup',
                  Load(),
                  lineno=7,
                  col_offset=8,
                  end_lineno=7,
                  end_col_offset=20),
                [],
                [],
                lineno=7,
                col_offset=8,
                end_lineno=7,
                end_col_offset=22),
              lineno=7,
              col_offset=8,
              end_lineno=7,
              end_col_offset=22)],
          [],
          lineno=4,
          col_offset=4,
          end_lineno=7,
          end_col_offset=22),
        FunctionDef(
          'placeholder_4',
          arguments(
            [],
            [
              arg(
                'self',
                lineno=9,
                col_offset=17,
                end_lineno=9,
                end_col_offset=21)],
            kwonlyargs=[],
            kw_defaults=[],
            defaults=[]),
          [
            Return(
              JoinedStr(
                [
                  Constant(
                    'Clock(',
                    lineno=10,
                    col_offset=15,
                    end_lineno=10,
                    end_col_offset=51),
                  FormattedValue(
                    Attribute(
                      Name(
                        'self',
                        Load(),
                        lineno=10,
                        col_offset=24,
                        end_lineno=10,
                        end_col_offset=28),
                      'placeholder_2',
                      Load(),
                      lineno=10,
                      col_offset=24,
                      end_lineno=10,
                      end_col_offset=33),
                    -1,
                    lineno=10,
                    col_offset=15,
                    end_lineno=10,
                    end_col_offset=51),
                  Constant(
                    ', ',
                    lineno=10,
                    col_offset=15,
                    end_lineno=10,
                    end_col_offset=51),
                  FormattedValue(
                    Attribute(
                      Name(
                        'self',
                        Load(),
                        lineno=10,
                        col_offset=37,
                        end_lineno=10,
                        end_col_offset=41),
                      'placeholder_3',
                      Load(),
                      lineno=10,
                      col_offset=37,
                      end_lineno=10,
                      end_col_offset=48),
                    -1,
                    lineno=10,
                    col_offset=15,
                    end_lineno=10,
                    end_col_offset=51),
                  Constant(
                    ')',
                    lineno=10,
                    col_offset=15,
                    end_lineno=10,
                    end_col_offset=51)],
                lineno=10,
                col_offset=15,
                end_lineno=10,
                end_col_offset=51),
              lineno=10,
              col_offset=8,
              end_lineno=10,
              end_col_offset=51)],
          [],
          lineno=9,
          col_offset=4,
          end_lineno=10,
          end_col_offset=51),
        FunctionDef(
          'placeholder_5',
          arguments(
            [],
            [
              arg(
                'self',
                lineno=12,
                col_offset=16,
                end_lineno=12,
                end_col_offset=20)],
            kwonlyargs=[],
            kw_defaults=[],
            defaults=[]),
          [
            Return(
              Call(
                Attribute(
                  Constant(
                    '{:02d}:{:02d}',
                    lineno=13,
                    col_offset=15,
                    end_lineno=13,
                    end_col_offset=30),
                  'format',
                  Load(),
                  lineno=13,
                  col_offset=15,
                  end_lineno=13,
                  end_col_offset=37),
                [
                  Attribute(
                    Name(
                      'self',
                      Load(),
                      lineno=13,
                      col_offset=38,
                      end_lineno=13,
                      end_col_offset=42),
                    'placeholder_2',
                    Load(),
                    lineno=13,
                    col_offset=38,
                    end_lineno=13,
                    end_col_offset=47),
                  Attribute(
                    Name(
                      'self',
                      Load(),
                      lineno=13,
                      col_offset=49,
                      end_lineno=13,
                      end_col_offset=53),
                    'placeholder_3',
                    Load(),
                    lineno=13,
                    col_offset=49,
                    end_lineno=13,
                    end_col_offset=60)],
                [],
                lineno=13,
                col_offset=15,
                end_lineno=13,
                end_col_offset=61),
              lineno=13,
              col_offset=8,
              end_lineno=13,
              end_col_offset=61)],
          [],
          lineno=12,
          col_offset=4,
          end_lineno=13,
          end_col_offset=61),
        FunctionDef(
          'placeholder_6',
          arguments(
            [],
            [
              arg(
                'self',
                lineno=15,
                col_offset=15,
                end_lineno=15,
                end_col_offset=19),
              arg(
                'placeholder_7',
                lineno=15,
                col_offset=21,
                end_lineno=15,
                end_col_offset=26)],
            kwonlyargs=[],
            kw_defaults=[],
            defaults=[]),
          [
            Return(
              Compare(
                Call(
                  Name(
                    'repr',
                    Load(),
                    lineno=16,
                    col_offset=15,
                    end_lineno=16,
                    end_col_offset=19),
                  [
                    Name(
                      'self',
                      Load(),
                      lineno=16,
                      col_offset=20,
                      end_lineno=16,
                      end_col_offset=24)],
                  [],
                  lineno=16,
                  col_offset=15,
                  end_lineno=16,
                  end_col_offset=25),
                [
                  Eq()],
                [
                  Call(
                    Name(
                      'repr',
                      Load(),
                      lineno=16,
                      col_offset=29,
                      end_lineno=16,
                      end_col_offset=33),
                    [
                      Name(
                        'placeholder_7',
                        Load(),
                        lineno=16,
                        col_offset=34,
                        end_lineno=16,
                        end_col_offset=39)],
                    [],
                    lineno=16,
                    col_offset=29,
                    end_lineno=16,
                    end_col_offset=40)],
                lineno=16,
                col_offset=15,
                end_lineno=16,
                end_col_offset=40),
              lineno=16,
              col_offset=8,
              end_lineno=16,
              end_col_offset=40)],
          [],
          lineno=15,
          col_offset=4,
          end_lineno=16,
          end_col_offset=40),
        FunctionDef(
          'placeholder_8',
          arguments(
            [],
            [
              arg(
                'self',
                lineno=18,
                col_offset=16,
                end_lineno=18,
                end_col_offset=20),
              arg(
                'placeholder_9',
                lineno=18,
                col_offset=22,
                end_lineno=18,
                end_col_offset=29)],
            kwonlyargs=[],
            kw_defaults=[],
            defaults=[]),
          [
            AugAssign(
              Attribute(
                Name(
                  'self',
                  Load(),
                  lineno=19,
                  col_offset=8,
                  end_lineno=19,
                  end_col_offset=12),
                'placeholder_3',
                Store(),
                lineno=19,
                col_offset=8,
                end_lineno=19,
                end_col_offset=19),
              Add(),
              Name(
                'placeholder_9',
                Load(),
                lineno=19,
                col_offset=23,
                end_lineno=19,
                end_col_offset=30),
              lineno=19,
              col_offset=8,
              end_lineno=19,
              end_col_offset=30),
            Return(
              Call(
                Attribute(
                  Name(
                    'self',
                    Load(),
                    lineno=20,
                    col_offset=15,
                    end_lineno=20,
                    end_col_offset=19),
                  'cleanup',
                  Load(),
                  lineno=20,
                  col_offset=15,
                  end_lineno=20,
                  end_col_offset=27),
                [],
                [],
                lineno=20,
                col_offset=15,
                end_lineno=20,
                end_col_offset=29),
              lineno=20,
              col_offset=8,
              end_lineno=20,
              end_col_offset=29)],
          [],
          lineno=18,
          col_offset=4,
          end_lineno=20,
          end_col_offset=29),
        FunctionDef(
          'placeholder_10',
          arguments(
            [],
            [
              arg(
                'self',
                lineno=22,
                col_offset=16,
                end_lineno=22,
                end_col_offset=20),
              arg(
                'placeholder_9',
                lineno=22,
                col_offset=22,
                end_lineno=22,
                end_col_offset=29)],
            kwonlyargs=[],
            kw_defaults=[],
            defaults=[]),
          [
            AugAssign(
              Attribute(
                Name(
                  'self',
                  Load(),
                  lineno=23,
                  col_offset=8,
                  end_lineno=23,
                  end_col_offset=12),
                'placeholder_3',
                Store(),
                lineno=23,
                col_offset=8,
                end_lineno=23,
                end_col_offset=19),
              Sub(),
              Name(
                'placeholder_9',
                Load(),
                lineno=23,
                col_offset=23,
                end_lineno=23,
                end_col_offset=30),
              lineno=23,
              col_offset=8,
              end_lineno=23,
              end_col_offset=30),
            Return(
              Call(
                Attribute(
                  Name(
                    'self',
                    Load(),
                    lineno=24,
                    col_offset=15,
                    end_lineno=24,
                    end_col_offset=19),
                  'cleanup',
                  Load(),
                  lineno=24,
                  col_offset=15,
                  end_lineno=24,
                  end_col_offset=27),
                [],
                [],
                lineno=24,
                col_offset=15,
                end_lineno=24,
                end_col_offset=29),
              lineno=24,
              col_offset=8,
              end_lineno=24,
              end_col_offset=29)],
          [],
          lineno=22,
          col_offset=4,
          end_lineno=24,
          end_col_offset=29),
        FunctionDef(
          'placeholder_11',
          arguments(
            [],
            [
              arg(
                'self',
                lineno=26,
                col_offset=16,
                end_lineno=26,
                end_col_offset=20)],
            kwonlyargs=[],
            kw_defaults=[],
            defaults=[]),
          [
            AugAssign(
              Attribute(
                Name(
                  'self',
                  Load(),
                  lineno=27,
                  col_offset=8,
                  end_lineno=27,
                  end_col_offset=12),
                'placeholder_2',
                Store(),
                lineno=27,
                col_offset=8,
                end_lineno=27,
                end_col_offset=17),
              Add(),
              BinOp(
                Attribute(
                  Name(
                    'self',
                    Load(),
                    lineno=27,
                    col_offset=21,
                    end_lineno=27,
                    end_col_offset=25),
                  'placeholder_3',
                  Load(),
                  lineno=27,
                  col_offset=21,
                  end_lineno=27,
                  end_col_offset=32),
                FloorDiv(),
                Constant(
                  60,
                  lineno=27,
                  col_offset=36,
                  end_lineno=27,
                  end_col_offset=38),
                lineno=27,
                col_offset=21,
                end_lineno=27,
                end_col_offset=38),
              lineno=27,
              col_offset=8,
              end_lineno=27,
              end_col_offset=38),
            AugAssign(
              Attribute(
                Name(
                  'self',
                  Load(),
                  lineno=28,
                  col_offset=8,
                  end_lineno=28,
                  end_col_offset=12),
                'placeholder_2',
                Store(),
                lineno=28,
                col_offset=8,
                end_lineno=28,
                end_col_offset=17),
              Mod(),
              Constant(
                24,
                lineno=28,
                col_offset=21,
                end_lineno=28,
                end_col_offset=23),
              lineno=28,
              col_offset=8,
              end_lineno=28,
              end_col_offset=23),
            AugAssign(
              Attribute(
                Name(
                  'self',
                  Load(),
                  lineno=29,
                  col_offset=8,
                  end_lineno=29,
                  end_col_offset=12),
                'placeholder_3',
                Store(),
                lineno=29,
                col_offset=8,
                end_lineno=29,
                end_col_offset=19),
              Mod(),
              Constant(
                60,
                lineno=29,
                col_offset=23,
                end_lineno=29,
                end_col_offset=25),
              lineno=29,
              col_offset=8,
              end_lineno=29,
              end_col_offset=25),
            Return(
              Name(
                'self',
                Load(),
                lineno=30,
                col_offset=15,
                end_lineno=30,
                end_col_offset=19),
              lineno=30,
              col_offset=8,
              end_lineno=30,
              end_col_offset=19)],
          [],
          lineno=26,
          col_offset=4,
          end_lineno=30,
          end_col_offset=19)],
      [],
      lineno=1,
      col_offset=0,
      end_lineno=30,
      end_col_offset=19)],
  [])
## END NORMALIZED TREE ##