# BEGIN TREE BEFORE
Module(
  [
    FunctionDef(
      'two_fer',
      arguments(
        [],
        [
          arg(
            'name',
            lineno=1,
            col_offset=12,
            end_lineno=1,
            end_col_offset=16)],
        kwonlyargs=[],
        kw_defaults=[],
        defaults=[
          Constant(
            'you',
            lineno=1,
            col_offset=17,
            end_lineno=1,
            end_col_offset=22)]),
      [
        Return(
          JoinedStr(
            [
              Constant(
                'One for ',
                lineno=2,
                col_offset=11,
                end_lineno=2,
                end_col_offset=41),
              FormattedValue(
                Name(
                  'name',
                  Load(),
                  lineno=2,
                  col_offset=22,
                  end_lineno=2,
                  end_col_offset=26),
                -1,
                lineno=2,
                col_offset=11,
                end_lineno=2,
                end_col_offset=41),
              Constant(
                ', one for me.',
                lineno=2,
                col_offset=11,
                end_lineno=2,
                end_col_offset=41)],
            lineno=2,
            col_offset=11,
            end_lineno=2,
            end_col_offset=41),
          lineno=2,
          col_offset=4,
          end_lineno=2,
          end_col_offset=41)],
      [],
      lineno=1,
      col_offset=0,
      end_lineno=2,
      end_col_offset=41)],
  [])

# BEGIN TREE AFTER
Module(
  [
    FunctionDef(
      'placeholder_0',
      arguments(
        [],
        [
          arg(
            'placeholder_1',
            lineno=1,
            col_offset=12,
            end_lineno=1,
            end_col_offset=16)],
        kwonlyargs=[],
        kw_defaults=[],
        defaults=[
          Constant(
            'you',
            lineno=1,
            col_offset=17,
            end_lineno=1,
            end_col_offset=22)]),
      [
        Return(
          JoinedStr(
            [
              Constant(
                'One for ',
                lineno=2,
                col_offset=11,
                end_lineno=2,
                end_col_offset=41),
              FormattedValue(
                Name(
                  'placeholder_1',
                  Load(),
                  lineno=2,
                  col_offset=22,
                  end_lineno=2,
                  end_col_offset=26),
                -1,
                lineno=2,
                col_offset=11,
                end_lineno=2,
                end_col_offset=41),
              Constant(
                ', one for me.',
                lineno=2,
                col_offset=11,
                end_lineno=2,
                end_col_offset=41)],
            lineno=2,
            col_offset=11,
            end_lineno=2,
            end_col_offset=41),
          lineno=2,
          col_offset=4,
          end_lineno=2,
          end_col_offset=41)],
      [],
      lineno=1,
      col_offset=0,
      end_lineno=2,
      end_col_offset=41)],
  [])

# BEGIN NORMALIZED CODE AFTER
def placeholder_0(placeholder_1="you"):
    return f"One for {placeholder_1}, one for me."
