# BEGIN TREE BEFORE
Module(
  [
    FunctionDef(
      'slices',
      arguments(
        [],
        [
          arg(
            'series',
            lineno=1,
            col_offset=11,
            end_lineno=1,
            end_col_offset=17),
          arg(
            'length',
            lineno=1,
            col_offset=19,
            end_lineno=1,
            end_col_offset=25)],
        kwonlyargs=[],
        kw_defaults=[],
        defaults=[]),
      [
        If(
          UnaryOp(
            Not(),
            Name(
              'series',
              Load(),
              lineno=2,
              col_offset=11,
              end_lineno=2,
              end_col_offset=17),
            lineno=2,
            col_offset=7,
            end_lineno=2,
            end_col_offset=17),
          [
            Raise(
              Call(
                Name(
                  'ValueError',
                  Load(),
                  lineno=3,
                  col_offset=14,
                  end_lineno=3,
                  end_col_offset=24),
                [
                  Constant(
                    'series cannot be empty',
                    lineno=3,
                    col_offset=25,
                    end_lineno=3,
                    end_col_offset=49)],
                [],
                lineno=3,
                col_offset=14,
                end_lineno=3,
                end_col_offset=50),
              lineno=3,
              col_offset=8,
              end_lineno=3,
              end_col_offset=50)],
          [
            If(
              Compare(
                Name(
                  'length',
                  Load(),
                  lineno=4,
                  col_offset=9,
                  end_lineno=4,
                  end_col_offset=15),
                [
                  Eq()],
                [
                  Constant(
                    0,
                    lineno=4,
                    col_offset=19,
                    end_lineno=4,
                    end_col_offset=20)],
                lineno=4,
                col_offset=9,
                end_lineno=4,
                end_col_offset=20),
              [
                Raise(
                  Call(
                    Name(
                      'ValueError',
                      Load(),
                      lineno=5,
                      col_offset=14,
                      end_lineno=5,
                      end_col_offset=24),
                    [
                      Constant(
                        'slice length cannot be zero',
                        lineno=5,
                        col_offset=25,
                        end_lineno=5,
                        end_col_offset=54)],
                    [],
                    lineno=5,
                    col_offset=14,
                    end_lineno=5,
                    end_col_offset=55),
                  lineno=5,
                  col_offset=8,
                  end_lineno=5,
                  end_col_offset=55)],
              [
                If(
                  Compare(
                    Name(
                      'length',
                      Load(),
                      lineno=6,
                      col_offset=9,
                      end_lineno=6,
                      end_col_offset=15),
                    [
                      Lt()],
                    [
                      Constant(
                        0,
                        lineno=6,
                        col_offset=18,
                        end_lineno=6,
                        end_col_offset=19)],
                    lineno=6,
                    col_offset=9,
                    end_lineno=6,
                    end_col_offset=19),
                  [
                    Raise(
                      Call(
                        Name(
                          'ValueError',
                          Load(),
                          lineno=7,
                          col_offset=14,
                          end_lineno=7,
                          end_col_offset=24),
                        [
                          Constant(
                            'slice length cannot be negative',
                            lineno=7,
                            col_offset=25,
                            end_lineno=7,
                            end_col_offset=58)],
                        [],
                        lineno=7,
                        col_offset=14,
                        end_lineno=7,
                        end_col_offset=59),
                      lineno=7,
                      col_offset=8,
                      end_lineno=7,
                      end_col_offset=59)],
                  [
                    If(
                      Compare(
                        Call(
                          Name(
                            'len',
                            Load(),
                            lineno=8,
                            col_offset=9,
                            end_lineno=8,
                            end_col_offset=12),
                          [
                            Name(
                              'series',
                              Load(),
                              lineno=8,
                              col_offset=13,
                              end_lineno=8,
                              end_col_offset=19)],
                          [],
                          lineno=8,
                          col_offset=9,
                          end_lineno=8,
                          end_col_offset=20),
                        [
                          Lt()],
                        [
                          Name(
                            'length',
                            Load(),
                            lineno=8,
                            col_offset=23,
                            end_lineno=8,
                            end_col_offset=29)],
                        lineno=8,
                        col_offset=9,
                        end_lineno=8,
                        end_col_offset=29),
                      [
                        Raise(
                          Call(
                            Name(
                              'ValueError',
                              Load(),
                              lineno=9,
                              col_offset=14,
                              end_lineno=9,
                              end_col_offset=24),
                            [
                              Constant(
                                'slice length cannot be greater than series length',
                                lineno=9,
                                col_offset=25,
                                end_lineno=9,
                                end_col_offset=76)],
                            [],
                            lineno=9,
                            col_offset=14,
                            end_lineno=9,
                            end_col_offset=77),
                          lineno=9,
                          col_offset=8,
                          end_lineno=9,
                          end_col_offset=77)],
                      [],
                      lineno=8,
                      col_offset=4,
                      end_lineno=9,
                      end_col_offset=77)],
                  lineno=6,
                  col_offset=4,
                  end_lineno=9,
                  end_col_offset=77)],
              lineno=4,
              col_offset=4,
              end_lineno=9,
              end_col_offset=77)],
          lineno=2,
          col_offset=4,
          end_lineno=9,
          end_col_offset=77),
        Return(
          ListComp(
            Subscript(
              Name(
                'series',
                Load(),
                lineno=11,
                col_offset=12,
                end_lineno=11,
                end_col_offset=18),
              Slice(
                Name(
                  'idx',
                  Load(),
                  lineno=11,
                  col_offset=19,
                  end_lineno=11,
                  end_col_offset=22),
                BinOp(
                  Name(
                    'idx',
                    Load(),
                    lineno=11,
                    col_offset=23,
                    end_lineno=11,
                    end_col_offset=26),
                  Add(),
                  Name(
                    'length',
                    Load(),
                    lineno=11,
                    col_offset=29,
                    end_lineno=11,
                    end_col_offset=35),
                  lineno=11,
                  col_offset=23,
                  end_lineno=11,
                  end_col_offset=35),
                lineno=11,
                col_offset=19,
                end_lineno=11,
                end_col_offset=35),
              Load(),
              lineno=11,
              col_offset=12,
              end_lineno=11,
              end_col_offset=36),
            [
              comprehension(
                Name(
                  'idx',
                  Store(),
                  lineno=11,
                  col_offset=41,
                  end_lineno=11,
                  end_col_offset=44),
                Call(
                  Name(
                    'range',
                    Load(),
                    lineno=11,
                    col_offset=48,
                    end_lineno=11,
                    end_col_offset=53),
                  [
                    BinOp(
                      BinOp(
                        Call(
                          Name(
                            'len',
                            Load(),
                            lineno=11,
                            col_offset=54,
                            end_lineno=11,
                            end_col_offset=57),
                          [
                            Name(
                              'series',
                              Load(),
                              lineno=11,
                              col_offset=58,
                              end_lineno=11,
                              end_col_offset=64)],
                          [],
                          lineno=11,
                          col_offset=54,
                          end_lineno=11,
                          end_col_offset=65),
                        Sub(),
                        Name(
                          'length',
                          Load(),
                          lineno=11,
                          col_offset=68,
                          end_lineno=11,
                          end_col_offset=74),
                        lineno=11,
                        col_offset=54,
                        end_lineno=11,
                        end_col_offset=74),
                      Add(),
                      Constant(
                        1,
                        lineno=11,
                        col_offset=77,
                        end_lineno=11,
                        end_col_offset=78),
                      lineno=11,
                      col_offset=54,
                      end_lineno=11,
                      end_col_offset=78)],
                  [],
                  lineno=11,
                  col_offset=48,
                  end_lineno=11,
                  end_col_offset=79),
                [],
                0)],
            lineno=11,
            col_offset=11,
            end_lineno=11,
            end_col_offset=80),
          lineno=11,
          col_offset=4,
          end_lineno=11,
          end_col_offset=80)],
      [],
      lineno=1,
      col_offset=0,
      end_lineno=11,
      end_col_offset=80)],
  [])

# BEGIN TREE AFTER
Module(
  [
    FunctionDef(
      'placeholder_0',
      arguments(
        [],
        [
          arg(
            'placeholder_1',
            lineno=1,
            col_offset=11,
            end_lineno=1,
            end_col_offset=17),
          arg(
            'placeholder_2',
            lineno=1,
            col_offset=19,
            end_lineno=1,
            end_col_offset=25)],
        kwonlyargs=[],
        kw_defaults=[],
        defaults=[]),
      [
        If(
          UnaryOp(
            Not(),
            Name(
              'placeholder_1',
              Load(),
              lineno=2,
              col_offset=11,
              end_lineno=2,
              end_col_offset=17),
            lineno=2,
            col_offset=7,
            end_lineno=2,
            end_col_offset=17),
          [
            Raise(
              Call(
                Name(
                  'ValueError',
                  Load(),
                  lineno=3,
                  col_offset=14,
                  end_lineno=3,
                  end_col_offset=24),
                [
                  Constant(
                    'series cannot be empty',
                    lineno=3,
                    col_offset=25,
                    end_lineno=3,
                    end_col_offset=49)],
                [],
                lineno=3,
                col_offset=14,
                end_lineno=3,
                end_col_offset=50),
              lineno=3,
              col_offset=8,
              end_lineno=3,
              end_col_offset=50)],
          [
            If(
              Compare(
                Name(
                  'placeholder_2',
                  Load(),
                  lineno=4,
                  col_offset=9,
                  end_lineno=4,
                  end_col_offset=15),
                [
                  Eq()],
                [
                  Constant(
                    0,
                    lineno=4,
                    col_offset=19,
                    end_lineno=4,
                    end_col_offset=20)],
                lineno=4,
                col_offset=9,
                end_lineno=4,
                end_col_offset=20),
              [
                Raise(
                  Call(
                    Name(
                      'ValueError',
                      Load(),
                      lineno=5,
                      col_offset=14,
                      end_lineno=5,
                      end_col_offset=24),
                    [
                      Constant(
                        'slice length cannot be zero',
                        lineno=5,
                        col_offset=25,
                        end_lineno=5,
                        end_col_offset=54)],
                    [],
                    lineno=5,
                    col_offset=14,
                    end_lineno=5,
                    end_col_offset=55),
                  lineno=5,
                  col_offset=8,
                  end_lineno=5,
                  end_col_offset=55)],
              [
                If(
                  Compare(
                    Name(
                      'placeholder_2',
                      Load(),
                      lineno=6,
                      col_offset=9,
                      end_lineno=6,
                      end_col_offset=15),
                    [
                      Lt()],
                    [
                      Constant(
                        0,
                        lineno=6,
                        col_offset=18,
                        end_lineno=6,
                        end_col_offset=19)],
                    lineno=6,
                    col_offset=9,
                    end_lineno=6,
                    end_col_offset=19),
                  [
                    Raise(
                      Call(
                        Name(
                          'ValueError',
                          Load(),
                          lineno=7,
                          col_offset=14,
                          end_lineno=7,
                          end_col_offset=24),
                        [
                          Constant(
                            'slice length cannot be negative',
                            lineno=7,
                            col_offset=25,
                            end_lineno=7,
                            end_col_offset=58)],
                        [],
                        lineno=7,
                        col_offset=14,
                        end_lineno=7,
                        end_col_offset=59),
                      lineno=7,
                      col_offset=8,
                      end_lineno=7,
                      end_col_offset=59)],
                  [
                    If(
                      Compare(
                        Call(
                          Name(
                            'len',
                            Load(),
                            lineno=8,
                            col_offset=9,
                            end_lineno=8,
                            end_col_offset=12),
                          [
                            Name(
                              'placeholder_1',
                              Load(),
                              lineno=8,
                              col_offset=13,
                              end_lineno=8,
                              end_col_offset=19)],
                          [],
                          lineno=8,
                          col_offset=9,
                          end_lineno=8,
                          end_col_offset=20),
                        [
                          Lt()],
                        [
                          Name(
                            'placeholder_2',
                            Load(),
                            lineno=8,
                            col_offset=23,
                            end_lineno=8,
                            end_col_offset=29)],
                        lineno=8,
                        col_offset=9,
                        end_lineno=8,
                        end_col_offset=29),
                      [
                        Raise(
                          Call(
                            Name(
                              'ValueError',
                              Load(),
                              lineno=9,
                              col_offset=14,
                              end_lineno=9,
                              end_col_offset=24),
                            [
                              Constant(
                                'slice length cannot be greater than series length',
                                lineno=9,
                                col_offset=25,
                                end_lineno=9,
                                end_col_offset=76)],
                            [],
                            lineno=9,
                            col_offset=14,
                            end_lineno=9,
                            end_col_offset=77),
                          lineno=9,
                          col_offset=8,
                          end_lineno=9,
                          end_col_offset=77)],
                      [],
                      lineno=8,
                      col_offset=4,
                      end_lineno=9,
                      end_col_offset=77)],
                  lineno=6,
                  col_offset=4,
                  end_lineno=9,
                  end_col_offset=77)],
              lineno=4,
              col_offset=4,
              end_lineno=9,
              end_col_offset=77)],
          lineno=2,
          col_offset=4,
          end_lineno=9,
          end_col_offset=77),
        Return(
          ListComp(
            Subscript(
              Name(
                'placeholder_1',
                Load(),
                lineno=11,
                col_offset=12,
                end_lineno=11,
                end_col_offset=18),
              Slice(
                Name(
                  'placeholder_3',
                  Load(),
                  lineno=11,
                  col_offset=19,
                  end_lineno=11,
                  end_col_offset=22),
                BinOp(
                  Name(
                    'placeholder_3',
                    Load(),
                    lineno=11,
                    col_offset=23,
                    end_lineno=11,
                    end_col_offset=26),
                  Add(),
                  Name(
                    'placeholder_2',
                    Load(),
                    lineno=11,
                    col_offset=29,
                    end_lineno=11,
                    end_col_offset=35),
                  lineno=11,
                  col_offset=23,
                  end_lineno=11,
                  end_col_offset=35),
                lineno=11,
                col_offset=19,
                end_lineno=11,
                end_col_offset=35),
              Load(),
              lineno=11,
              col_offset=12,
              end_lineno=11,
              end_col_offset=36),
            [
              comprehension(
                Name(
                  'placeholder_3',
                  Store(),
                  lineno=11,
                  col_offset=41,
                  end_lineno=11,
                  end_col_offset=44),
                Call(
                  Name(
                    'range',
                    Load(),
                    lineno=11,
                    col_offset=48,
                    end_lineno=11,
                    end_col_offset=53),
                  [
                    BinOp(
                      BinOp(
                        Call(
                          Name(
                            'len',
                            Load(),
                            lineno=11,
                            col_offset=54,
                            end_lineno=11,
                            end_col_offset=57),
                          [
                            Name(
                              'placeholder_1',
                              Load(),
                              lineno=11,
                              col_offset=58,
                              end_lineno=11,
                              end_col_offset=64)],
                          [],
                          lineno=11,
                          col_offset=54,
                          end_lineno=11,
                          end_col_offset=65),
                        Sub(),
                        Name(
                          'placeholder_2',
                          Load(),
                          lineno=11,
                          col_offset=68,
                          end_lineno=11,
                          end_col_offset=74),
                        lineno=11,
                        col_offset=54,
                        end_lineno=11,
                        end_col_offset=74),
                      Add(),
                      Constant(
                        1,
                        lineno=11,
                        col_offset=77,
                        end_lineno=11,
                        end_col_offset=78),
                      lineno=11,
                      col_offset=54,
                      end_lineno=11,
                      end_col_offset=78)],
                  [],
                  lineno=11,
                  col_offset=48,
                  end_lineno=11,
                  end_col_offset=79),
                [],
                0)],
            lineno=11,
            col_offset=11,
            end_lineno=11,
            end_col_offset=80),
          lineno=11,
          col_offset=4,
          end_lineno=11,
          end_col_offset=80)],
      [],
      lineno=1,
      col_offset=0,
      end_lineno=11,
      end_col_offset=80)],
  [])

# BEGIN NORMALIZED CODE AFTER
def placeholder_0(placeholder_1, placeholder_2):
    if not placeholder_1:
        raise ValueError("series cannot be empty")
    elif placeholder_2 == 0:
        raise ValueError("slice length cannot be zero")
    elif placeholder_2 < 0:
        raise ValueError("slice length cannot be negative")
    elif len(placeholder_1) < placeholder_2:
        raise ValueError("slice length cannot be greater than series length")
    return [
        placeholder_1[placeholder_3 : placeholder_3 + placeholder_2]
        for placeholder_3 in range(len(placeholder_1) - placeholder_2 + 1)
    ]
