# BEGIN TREE BEFORE
Module(
  [
    Expr(
      Constant(
        'Functions to keep track and alter inventory.',
        lineno=1,
        col_offset=0,
        end_lineno=1,
        end_col_offset=50),
      lineno=1,
      col_offset=0,
      end_lineno=1,
      end_col_offset=50),
    FunctionDef(
      'create_inventory',
      arguments(
        [],
        [
          arg(
            'items',
            lineno=4,
            col_offset=21,
            end_lineno=4,
            end_col_offset=26)],
        kwonlyargs=[],
        kw_defaults=[],
        defaults=[]),
      [
        Expr(
          Constant(
            'Create a dict that tracks the amount (count) of each element on the `items` list.\n\n    :param items: list - list of items to create an inventory from.\n    :return: dict - the inventory dictionary.\n    ',
            lineno=5,
            col_offset=4,
            end_lineno=9,
            end_col_offset=7),
          lineno=5,
          col_offset=4,
          end_lineno=9,
          end_col_offset=7),
        Assign(
          [
            Name(
              'inventory',
              Store(),
              lineno=11,
              col_offset=4,
              end_lineno=11,
              end_col_offset=13)],
          Dict(
            [],
            [],
            lineno=11,
            col_offset=16,
            end_lineno=11,
            end_col_offset=18),
          lineno=11,
          col_offset=4,
          end_lineno=11,
          end_col_offset=18),
        Expr(
          Call(
            Name(
              'add_items',
              Load(),
              lineno=12,
              col_offset=4,
              end_lineno=12,
              end_col_offset=13),
            [
              Name(
                'inventory',
                Load(),
                lineno=12,
                col_offset=14,
                end_lineno=12,
                end_col_offset=23),
              Name(
                'items',
                Load(),
                lineno=12,
                col_offset=25,
                end_lineno=12,
                end_col_offset=30)],
            [],
            lineno=12,
            col_offset=4,
            end_lineno=12,
            end_col_offset=31),
          lineno=12,
          col_offset=4,
          end_lineno=12,
          end_col_offset=31),
        Return(
          Name(
            'inventory',
            Load(),
            lineno=13,
            col_offset=11,
            end_lineno=13,
            end_col_offset=20),
          lineno=13,
          col_offset=4,
          end_lineno=13,
          end_col_offset=20)],
      [],
      lineno=4,
      col_offset=0,
      end_lineno=13,
      end_col_offset=20),
    FunctionDef(
      'add_items',
      arguments(
        [],
        [
          arg(
            'inventory',
            lineno=16,
            col_offset=14,
            end_lineno=16,
            end_col_offset=23),
          arg(
            'items',
            lineno=16,
            col_offset=25,
            end_lineno=16,
            end_col_offset=30)],
        kwonlyargs=[],
        kw_defaults=[],
        defaults=[]),
      [
        Expr(
          Constant(
            'Add or increment items in inventory using elements from the items `list`.\n\n    :param inventory: dict - dictionary of existing inventory.\n    :param items: list - list of items to update the inventory with.\n    :return: dict - the inventory updated with the new items.\n    ',
            lineno=17,
            col_offset=4,
            end_lineno=22,
            end_col_offset=7),
          lineno=17,
          col_offset=4,
          end_lineno=22,
          end_col_offset=7),
        For(
          Name(
            'item',
            Store(),
            lineno=24,
            col_offset=8,
            end_lineno=24,
            end_col_offset=12),
          Name(
            'items',
            Load(),
            lineno=24,
            col_offset=16,
            end_lineno=24,
            end_col_offset=21),
          [
            Expr(
              Call(
                Attribute(
                  Name(
                    'inventory',
                    Load(),
                    lineno=25,
                    col_offset=8,
                    end_lineno=25,
                    end_col_offset=17),
                  'setdefault',
                  Load(),
                  lineno=25,
                  col_offset=8,
                  end_lineno=25,
                  end_col_offset=28),
                [
                  Name(
                    'item',
                    Load(),
                    lineno=25,
                    col_offset=29,
                    end_lineno=25,
                    end_col_offset=33),
                  Constant(
                    0,
                    lineno=25,
                    col_offset=35,
                    end_lineno=25,
                    end_col_offset=36)],
                [],
                lineno=25,
                col_offset=8,
                end_lineno=25,
                end_col_offset=37),
              lineno=25,
              col_offset=8,
              end_lineno=25,
              end_col_offset=37),
            AugAssign(
              Subscript(
                Name(
                  'inventory',
                  Load(),
                  lineno=26,
                  col_offset=8,
                  end_lineno=26,
                  end_col_offset=17),
                Name(
                  'item',
                  Load(),
                  lineno=26,
                  col_offset=18,
                  end_lineno=26,
                  end_col_offset=22),
                Store(),
                lineno=26,
                col_offset=8,
                end_lineno=26,
                end_col_offset=23),
              Add(),
              Constant(
                1,
                lineno=26,
                col_offset=27,
                end_lineno=26,
                end_col_offset=28),
              lineno=26,
              col_offset=8,
              end_lineno=26,
              end_col_offset=28)],
          [],
          lineno=24,
          col_offset=4,
          end_lineno=26,
          end_col_offset=28),
        Return(
          Name(
            'inventory',
            Load(),
            lineno=27,
            col_offset=11,
            end_lineno=27,
            end_col_offset=20),
          lineno=27,
          col_offset=4,
          end_lineno=27,
          end_col_offset=20)],
      [],
      lineno=16,
      col_offset=0,
      end_lineno=27,
      end_col_offset=20),
    FunctionDef(
      'decrement_items',
      arguments(
        [],
        [
          arg(
            'inventory',
            lineno=30,
            col_offset=20,
            end_lineno=30,
            end_col_offset=29),
          arg(
            'items',
            lineno=30,
            col_offset=31,
            end_lineno=30,
            end_col_offset=36)],
        kwonlyargs=[],
        kw_defaults=[],
        defaults=[]),
      [
        Expr(
          Constant(
            'Decrement items in inventory using elements from the `items` list.\n\n    :param inventory: dict - inventory dictionary.\n    :param items: list - list of items to decrement from the inventory.\n    :return: dict - updated inventory with items decremented.\n    ',
            lineno=31,
            col_offset=4,
            end_lineno=36,
            end_col_offset=7),
          lineno=31,
          col_offset=4,
          end_lineno=36,
          end_col_offset=7),
        For(
          Name(
            'item',
            Store(),
            lineno=38,
            col_offset=8,
            end_lineno=38,
            end_col_offset=12),
          Name(
            'items',
            Load(),
            lineno=38,
            col_offset=16,
            end_lineno=38,
            end_col_offset=21),
          [
            If(
              Compare(
                Name(
                  'item',
                  Load(),
                  lineno=39,
                  col_offset=11,
                  end_lineno=39,
                  end_col_offset=15),
                [
                  In()],
                [
                  Name(
                    'inventory',
                    Load(),
                    lineno=39,
                    col_offset=19,
                    end_lineno=39,
                    end_col_offset=28)],
                lineno=39,
                col_offset=11,
                end_lineno=39,
                end_col_offset=28),
              [
                Assign(
                  [
                    Subscript(
                      Name(
                        'inventory',
                        Load(),
                        lineno=40,
                        col_offset=12,
                        end_lineno=40,
                        end_col_offset=21),
                      Name(
                        'item',
                        Load(),
                        lineno=40,
                        col_offset=22,
                        end_lineno=40,
                        end_col_offset=26),
                      Store(),
                      lineno=40,
                      col_offset=12,
                      end_lineno=40,
                      end_col_offset=27)],
                  Call(
                    Name(
                      'max',
                      Load(),
                      lineno=40,
                      col_offset=30,
                      end_lineno=40,
                      end_col_offset=33),
                    [
                      BinOp(
                        Subscript(
                          Name(
                            'inventory',
                            Load(),
                            lineno=40,
                            col_offset=34,
                            end_lineno=40,
                            end_col_offset=43),
                          Name(
                            'item',
                            Load(),
                            lineno=40,
                            col_offset=44,
                            end_lineno=40,
                            end_col_offset=48),
                          Load(),
                          lineno=40,
                          col_offset=34,
                          end_lineno=40,
                          end_col_offset=49),
                        Sub(),
                        Constant(
                          1,
                          lineno=40,
                          col_offset=52,
                          end_lineno=40,
                          end_col_offset=53),
                        lineno=40,
                        col_offset=34,
                        end_lineno=40,
                        end_col_offset=53),
                      Constant(
                        0,
                        lineno=40,
                        col_offset=55,
                        end_lineno=40,
                        end_col_offset=56)],
                    [],
                    lineno=40,
                    col_offset=30,
                    end_lineno=40,
                    end_col_offset=57),
                  lineno=40,
                  col_offset=12,
                  end_lineno=40,
                  end_col_offset=57)],
              [],
              lineno=39,
              col_offset=8,
              end_lineno=40,
              end_col_offset=57)],
          [],
          lineno=38,
          col_offset=4,
          end_lineno=40,
          end_col_offset=57),
        Return(
          Name(
            'inventory',
            Load(),
            lineno=41,
            col_offset=11,
            end_lineno=41,
            end_col_offset=20),
          lineno=41,
          col_offset=4,
          end_lineno=41,
          end_col_offset=20)],
      [],
      lineno=30,
      col_offset=0,
      end_lineno=41,
      end_col_offset=20),
    FunctionDef(
      'remove_item',
      arguments(
        [],
        [
          arg(
            'inventory',
            lineno=44,
            col_offset=16,
            end_lineno=44,
            end_col_offset=25),
          arg(
            'item',
            lineno=44,
            col_offset=27,
            end_lineno=44,
            end_col_offset=31)],
        kwonlyargs=[],
        kw_defaults=[],
        defaults=[]),
      [
        Expr(
          Constant(
            'Remove item from inventory if it matches `item` string.\n\n    :param inventory: dict - inventory dictionary.\n    :param item: str - item to remove from the inventory.\n    :return: dict - updated inventory with item removed. Current inventory if item does not match.\n    ',
            lineno=45,
            col_offset=4,
            end_lineno=50,
            end_col_offset=7),
          lineno=45,
          col_offset=4,
          end_lineno=50,
          end_col_offset=7),
        If(
          Compare(
            Name(
              'item',
              Load(),
              lineno=52,
              col_offset=7,
              end_lineno=52,
              end_col_offset=11),
            [
              In()],
            [
              Name(
                'inventory',
                Load(),
                lineno=52,
                col_offset=15,
                end_lineno=52,
                end_col_offset=24)],
            lineno=52,
            col_offset=7,
            end_lineno=52,
            end_col_offset=24),
          [
            Expr(
              Call(
                Attribute(
                  Name(
                    'inventory',
                    Load(),
                    lineno=53,
                    col_offset=8,
                    end_lineno=53,
                    end_col_offset=17),
                  'pop',
                  Load(),
                  lineno=53,
                  col_offset=8,
                  end_lineno=53,
                  end_col_offset=21),
                [
                  Name(
                    'item',
                    Load(),
                    lineno=53,
                    col_offset=22,
                    end_lineno=53,
                    end_col_offset=26)],
                [],
                lineno=53,
                col_offset=8,
                end_lineno=53,
                end_col_offset=27),
              lineno=53,
              col_offset=8,
              end_lineno=53,
              end_col_offset=27)],
          [],
          lineno=52,
          col_offset=4,
          end_lineno=53,
          end_col_offset=27),
        Return(
          Name(
            'inventory',
            Load(),
            lineno=54,
            col_offset=11,
            end_lineno=54,
            end_col_offset=20),
          lineno=54,
          col_offset=4,
          end_lineno=54,
          end_col_offset=20)],
      [],
      lineno=44,
      col_offset=0,
      end_lineno=54,
      end_col_offset=20),
    FunctionDef(
      'list_inventory',
      arguments(
        [],
        [
          arg(
            'inventory',
            lineno=57,
            col_offset=19,
            end_lineno=57,
            end_col_offset=28)],
        kwonlyargs=[],
        kw_defaults=[],
        defaults=[]),
      [
        Expr(
          Constant(
            'Create a list containing all (item_name, item_count) pairs in inventory.\n\n    :param inventory: dict - an inventory dictionary.\n    :return: list of tuples - list of key, value pairs from the inventory dictionary.\n    ',
            lineno=58,
            col_offset=4,
            end_lineno=62,
            end_col_offset=7),
          lineno=58,
          col_offset=4,
          end_lineno=62,
          end_col_offset=7),
        Assign(
          [
            Name(
              'output',
              Store(),
              lineno=64,
              col_offset=4,
              end_lineno=64,
              end_col_offset=10)],
          List(
            [],
            Load(),
            lineno=64,
            col_offset=13,
            end_lineno=64,
            end_col_offset=15),
          lineno=64,
          col_offset=4,
          end_lineno=64,
          end_col_offset=15),
        For(
          Name(
            'item',
            Store(),
            lineno=65,
            col_offset=8,
            end_lineno=65,
            end_col_offset=12),
          Call(
            Name(
              'sorted',
              Load(),
              lineno=65,
              col_offset=16,
              end_lineno=65,
              end_col_offset=22),
            [
              Call(
                Attribute(
                  Name(
                    'inventory',
                    Load(),
                    lineno=65,
                    col_offset=23,
                    end_lineno=65,
                    end_col_offset=32),
                  'items',
                  Load(),
                  lineno=65,
                  col_offset=23,
                  end_lineno=65,
                  end_col_offset=38),
                [],
                [],
                lineno=65,
                col_offset=23,
                end_lineno=65,
                end_col_offset=40)],
            [],
            lineno=65,
            col_offset=16,
            end_lineno=65,
            end_col_offset=41),
          [
            If(
              Compare(
                Subscript(
                  Name(
                    'item',
                    Load(),
                    lineno=66,
                    col_offset=11,
                    end_lineno=66,
                    end_col_offset=15),
                  Constant(
                    1,
                    lineno=66,
                    col_offset=16,
                    end_lineno=66,
                    end_col_offset=17),
                  Load(),
                  lineno=66,
                  col_offset=11,
                  end_lineno=66,
                  end_col_offset=18),
                [
                  Gt()],
                [
                  Constant(
                    0,
                    lineno=66,
                    col_offset=21,
                    end_lineno=66,
                    end_col_offset=22)],
                lineno=66,
                col_offset=11,
                end_lineno=66,
                end_col_offset=22),
              [
                Expr(
                  Call(
                    Attribute(
                      Name(
                        'output',
                        Load(),
                        lineno=67,
                        col_offset=12,
                        end_lineno=67,
                        end_col_offset=18),
                      'append',
                      Load(),
                      lineno=67,
                      col_offset=12,
                      end_lineno=67,
                      end_col_offset=25),
                    [
                      Name(
                        'item',
                        Load(),
                        lineno=67,
                        col_offset=26,
                        end_lineno=67,
                        end_col_offset=30)],
                    [],
                    lineno=67,
                    col_offset=12,
                    end_lineno=67,
                    end_col_offset=31),
                  lineno=67,
                  col_offset=12,
                  end_lineno=67,
                  end_col_offset=31)],
              [],
              lineno=66,
              col_offset=8,
              end_lineno=67,
              end_col_offset=31)],
          [],
          lineno=65,
          col_offset=4,
          end_lineno=67,
          end_col_offset=31),
        Return(
          Name(
            'output',
            Load(),
            lineno=68,
            col_offset=11,
            end_lineno=68,
            end_col_offset=17),
          lineno=68,
          col_offset=4,
          end_lineno=68,
          end_col_offset=17)],
      [],
      lineno=57,
      col_offset=0,
      end_lineno=68,
      end_col_offset=17)],
  [])

# BEGIN TREE AFTER
Module(
  [
    FunctionDef(
      'placeholder_0',
      arguments(
        [],
        [
          arg(
            'placeholder_1',
            lineno=4,
            col_offset=21,
            end_lineno=4,
            end_col_offset=26)],
        kwonlyargs=[],
        kw_defaults=[],
        defaults=[]),
      [
        Assign(
          [
            Name(
              'placeholder_2',
              Store(),
              lineno=11,
              col_offset=4,
              end_lineno=11,
              end_col_offset=13)],
          Dict(
            [],
            [],
            lineno=11,
            col_offset=16,
            end_lineno=11,
            end_col_offset=18),
          lineno=11,
          col_offset=4,
          end_lineno=11,
          end_col_offset=18),
        Expr(
          Call(
            Name(
              'add_items',
              Load(),
              lineno=12,
              col_offset=4,
              end_lineno=12,
              end_col_offset=13),
            [
              Name(
                'placeholder_2',
                Load(),
                lineno=12,
                col_offset=14,
                end_lineno=12,
                end_col_offset=23),
              Name(
                'placeholder_1',
                Load(),
                lineno=12,
                col_offset=25,
                end_lineno=12,
                end_col_offset=30)],
            [],
            lineno=12,
            col_offset=4,
            end_lineno=12,
            end_col_offset=31),
          lineno=12,
          col_offset=4,
          end_lineno=12,
          end_col_offset=31),
        Return(
          Name(
            'placeholder_2',
            Load(),
            lineno=13,
            col_offset=11,
            end_lineno=13,
            end_col_offset=20),
          lineno=13,
          col_offset=4,
          end_lineno=13,
          end_col_offset=20)],
      [],
      lineno=4,
      col_offset=0,
      end_lineno=13,
      end_col_offset=20),
    FunctionDef(
      'placeholder_3',
      arguments(
        [],
        [
          arg(
            'placeholder_2',
            lineno=16,
            col_offset=14,
            end_lineno=16,
            end_col_offset=23),
          arg(
            'placeholder_1',
            lineno=16,
            col_offset=25,
            end_lineno=16,
            end_col_offset=30)],
        kwonlyargs=[],
        kw_defaults=[],
        defaults=[]),
      [
        For(
          Name(
            'placeholder_4',
            Store(),
            lineno=24,
            col_offset=8,
            end_lineno=24,
            end_col_offset=12),
          Name(
            'placeholder_1',
            Load(),
            lineno=24,
            col_offset=16,
            end_lineno=24,
            end_col_offset=21),
          [
            Expr(
              Call(
                Attribute(
                  Name(
                    'placeholder_2',
                    Load(),
                    lineno=25,
                    col_offset=8,
                    end_lineno=25,
                    end_col_offset=17),
                  'setdefault',
                  Load(),
                  lineno=25,
                  col_offset=8,
                  end_lineno=25,
                  end_col_offset=28),
                [
                  Name(
                    'placeholder_4',
                    Load(),
                    lineno=25,
                    col_offset=29,
                    end_lineno=25,
                    end_col_offset=33),
                  Constant(
                    0,
                    lineno=25,
                    col_offset=35,
                    end_lineno=25,
                    end_col_offset=36)],
                [],
                lineno=25,
                col_offset=8,
                end_lineno=25,
                end_col_offset=37),
              lineno=25,
              col_offset=8,
              end_lineno=25,
              end_col_offset=37),
            AugAssign(
              Subscript(
                Name(
                  'placeholder_2',
                  Load(),
                  lineno=26,
                  col_offset=8,
                  end_lineno=26,
                  end_col_offset=17),
                Name(
                  'placeholder_4',
                  Load(),
                  lineno=26,
                  col_offset=18,
                  end_lineno=26,
                  end_col_offset=22),
                Store(),
                lineno=26,
                col_offset=8,
                end_lineno=26,
                end_col_offset=23),
              Add(),
              Constant(
                1,
                lineno=26,
                col_offset=27,
                end_lineno=26,
                end_col_offset=28),
              lineno=26,
              col_offset=8,
              end_lineno=26,
              end_col_offset=28)],
          [],
          lineno=24,
          col_offset=4,
          end_lineno=26,
          end_col_offset=28),
        Return(
          Name(
            'placeholder_2',
            Load(),
            lineno=27,
            col_offset=11,
            end_lineno=27,
            end_col_offset=20),
          lineno=27,
          col_offset=4,
          end_lineno=27,
          end_col_offset=20)],
      [],
      lineno=16,
      col_offset=0,
      end_lineno=27,
      end_col_offset=20),
    FunctionDef(
      'placeholder_5',
      arguments(
        [],
        [
          arg(
            'placeholder_2',
            lineno=30,
            col_offset=20,
            end_lineno=30,
            end_col_offset=29),
          arg(
            'placeholder_1',
            lineno=30,
            col_offset=31,
            end_lineno=30,
            end_col_offset=36)],
        kwonlyargs=[],
        kw_defaults=[],
        defaults=[]),
      [
        For(
          Name(
            'placeholder_4',
            Store(),
            lineno=38,
            col_offset=8,
            end_lineno=38,
            end_col_offset=12),
          Name(
            'placeholder_1',
            Load(),
            lineno=38,
            col_offset=16,
            end_lineno=38,
            end_col_offset=21),
          [
            If(
              Compare(
                Name(
                  'placeholder_4',
                  Load(),
                  lineno=39,
                  col_offset=11,
                  end_lineno=39,
                  end_col_offset=15),
                [
                  In()],
                [
                  Name(
                    'placeholder_2',
                    Load(),
                    lineno=39,
                    col_offset=19,
                    end_lineno=39,
                    end_col_offset=28)],
                lineno=39,
                col_offset=11,
                end_lineno=39,
                end_col_offset=28),
              [
                Assign(
                  [
                    Subscript(
                      Name(
                        'placeholder_2',
                        Load(),
                        lineno=40,
                        col_offset=12,
                        end_lineno=40,
                        end_col_offset=21),
                      Name(
                        'placeholder_4',
                        Load(),
                        lineno=40,
                        col_offset=22,
                        end_lineno=40,
                        end_col_offset=26),
                      Store(),
                      lineno=40,
                      col_offset=12,
                      end_lineno=40,
                      end_col_offset=27)],
                  Call(
                    Name(
                      'max',
                      Load(),
                      lineno=40,
                      col_offset=30,
                      end_lineno=40,
                      end_col_offset=33),
                    [
                      BinOp(
                        Subscript(
                          Name(
                            'placeholder_2',
                            Load(),
                            lineno=40,
                            col_offset=34,
                            end_lineno=40,
                            end_col_offset=43),
                          Name(
                            'placeholder_4',
                            Load(),
                            lineno=40,
                            col_offset=44,
                            end_lineno=40,
                            end_col_offset=48),
                          Load(),
                          lineno=40,
                          col_offset=34,
                          end_lineno=40,
                          end_col_offset=49),
                        Sub(),
                        Constant(
                          1,
                          lineno=40,
                          col_offset=52,
                          end_lineno=40,
                          end_col_offset=53),
                        lineno=40,
                        col_offset=34,
                        end_lineno=40,
                        end_col_offset=53),
                      Constant(
                        0,
                        lineno=40,
                        col_offset=55,
                        end_lineno=40,
                        end_col_offset=56)],
                    [],
                    lineno=40,
                    col_offset=30,
                    end_lineno=40,
                    end_col_offset=57),
                  lineno=40,
                  col_offset=12,
                  end_lineno=40,
                  end_col_offset=57)],
              [],
              lineno=39,
              col_offset=8,
              end_lineno=40,
              end_col_offset=57)],
          [],
          lineno=38,
          col_offset=4,
          end_lineno=40,
          end_col_offset=57),
        Return(
          Name(
            'placeholder_2',
            Load(),
            lineno=41,
            col_offset=11,
            end_lineno=41,
            end_col_offset=20),
          lineno=41,
          col_offset=4,
          end_lineno=41,
          end_col_offset=20)],
      [],
      lineno=30,
      col_offset=0,
      end_lineno=41,
      end_col_offset=20),
    FunctionDef(
      'placeholder_6',
      arguments(
        [],
        [
          arg(
            'placeholder_2',
            lineno=44,
            col_offset=16,
            end_lineno=44,
            end_col_offset=25),
          arg(
            'placeholder_4',
            lineno=44,
            col_offset=27,
            end_lineno=44,
            end_col_offset=31)],
        kwonlyargs=[],
        kw_defaults=[],
        defaults=[]),
      [
        If(
          Compare(
            Name(
              'placeholder_4',
              Load(),
              lineno=52,
              col_offset=7,
              end_lineno=52,
              end_col_offset=11),
            [
              In()],
            [
              Name(
                'placeholder_2',
                Load(),
                lineno=52,
                col_offset=15,
                end_lineno=52,
                end_col_offset=24)],
            lineno=52,
            col_offset=7,
            end_lineno=52,
            end_col_offset=24),
          [
            Expr(
              Call(
                Attribute(
                  Name(
                    'placeholder_2',
                    Load(),
                    lineno=53,
                    col_offset=8,
                    end_lineno=53,
                    end_col_offset=17),
                  'pop',
                  Load(),
                  lineno=53,
                  col_offset=8,
                  end_lineno=53,
                  end_col_offset=21),
                [
                  Name(
                    'placeholder_4',
                    Load(),
                    lineno=53,
                    col_offset=22,
                    end_lineno=53,
                    end_col_offset=26)],
                [],
                lineno=53,
                col_offset=8,
                end_lineno=53,
                end_col_offset=27),
              lineno=53,
              col_offset=8,
              end_lineno=53,
              end_col_offset=27)],
          [],
          lineno=52,
          col_offset=4,
          end_lineno=53,
          end_col_offset=27),
        Return(
          Name(
            'placeholder_2',
            Load(),
            lineno=54,
            col_offset=11,
            end_lineno=54,
            end_col_offset=20),
          lineno=54,
          col_offset=4,
          end_lineno=54,
          end_col_offset=20)],
      [],
      lineno=44,
      col_offset=0,
      end_lineno=54,
      end_col_offset=20),
    FunctionDef(
      'placeholder_7',
      arguments(
        [],
        [
          arg(
            'placeholder_2',
            lineno=57,
            col_offset=19,
            end_lineno=57,
            end_col_offset=28)],
        kwonlyargs=[],
        kw_defaults=[],
        defaults=[]),
      [
        Assign(
          [
            Name(
              'placeholder_8',
              Store(),
              lineno=64,
              col_offset=4,
              end_lineno=64,
              end_col_offset=10)],
          List(
            [],
            Load(),
            lineno=64,
            col_offset=13,
            end_lineno=64,
            end_col_offset=15),
          lineno=64,
          col_offset=4,
          end_lineno=64,
          end_col_offset=15),
        For(
          Name(
            'placeholder_4',
            Store(),
            lineno=65,
            col_offset=8,
            end_lineno=65,
            end_col_offset=12),
          Call(
            Name(
              'sorted',
              Load(),
              lineno=65,
              col_offset=16,
              end_lineno=65,
              end_col_offset=22),
            [
              Call(
                Attribute(
                  Name(
                    'placeholder_2',
                    Load(),
                    lineno=65,
                    col_offset=23,
                    end_lineno=65,
                    end_col_offset=32),
                  'placeholder_1',
                  Load(),
                  lineno=65,
                  col_offset=23,
                  end_lineno=65,
                  end_col_offset=38),
                [],
                [],
                lineno=65,
                col_offset=23,
                end_lineno=65,
                end_col_offset=40)],
            [],
            lineno=65,
            col_offset=16,
            end_lineno=65,
            end_col_offset=41),
          [
            If(
              Compare(
                Subscript(
                  Name(
                    'placeholder_4',
                    Load(),
                    lineno=66,
                    col_offset=11,
                    end_lineno=66,
                    end_col_offset=15),
                  Constant(
                    1,
                    lineno=66,
                    col_offset=16,
                    end_lineno=66,
                    end_col_offset=17),
                  Load(),
                  lineno=66,
                  col_offset=11,
                  end_lineno=66,
                  end_col_offset=18),
                [
                  Gt()],
                [
                  Constant(
                    0,
                    lineno=66,
                    col_offset=21,
                    end_lineno=66,
                    end_col_offset=22)],
                lineno=66,
                col_offset=11,
                end_lineno=66,
                end_col_offset=22),
              [
                Expr(
                  Call(
                    Attribute(
                      Name(
                        'placeholder_8',
                        Load(),
                        lineno=67,
                        col_offset=12,
                        end_lineno=67,
                        end_col_offset=18),
                      'append',
                      Load(),
                      lineno=67,
                      col_offset=12,
                      end_lineno=67,
                      end_col_offset=25),
                    [
                      Name(
                        'placeholder_4',
                        Load(),
                        lineno=67,
                        col_offset=26,
                        end_lineno=67,
                        end_col_offset=30)],
                    [],
                    lineno=67,
                    col_offset=12,
                    end_lineno=67,
                    end_col_offset=31),
                  lineno=67,
                  col_offset=12,
                  end_lineno=67,
                  end_col_offset=31)],
              [],
              lineno=66,
              col_offset=8,
              end_lineno=67,
              end_col_offset=31)],
          [],
          lineno=65,
          col_offset=4,
          end_lineno=67,
          end_col_offset=31),
        Return(
          Name(
            'placeholder_8',
            Load(),
            lineno=68,
            col_offset=11,
            end_lineno=68,
            end_col_offset=17),
          lineno=68,
          col_offset=4,
          end_lineno=68,
          end_col_offset=17)],
      [],
      lineno=57,
      col_offset=0,
      end_lineno=68,
      end_col_offset=17)],
  [])

# BEGIN NORMALIZED CODE AFTER
def placeholder_0(placeholder_1):
    placeholder_2 = {}
    add_items(placeholder_2, placeholder_1)
    return placeholder_2


def placeholder_3(placeholder_2, placeholder_1):
    for placeholder_4 in placeholder_1:
        placeholder_2.setdefault(placeholder_4, 0)
        placeholder_2[placeholder_4] += 1
    return placeholder_2


def placeholder_5(placeholder_2, placeholder_1):
    for placeholder_4 in placeholder_1:
        if placeholder_4 in placeholder_2:
            placeholder_2[placeholder_4] = max(placeholder_2[placeholder_4] - 1, 0)
    return placeholder_2


def placeholder_6(placeholder_2, placeholder_4):
    if placeholder_4 in placeholder_2:
        placeholder_2.pop(placeholder_4)
    return placeholder_2


def placeholder_7(placeholder_2):
    placeholder_8 = []
    for placeholder_4 in sorted(placeholder_2.placeholder_1()):
        if placeholder_4[1] > 0:
            placeholder_8.append(placeholder_4)
    return placeholder_8
