# BEGIN TREE BEFORE
Module(
  [
    FunctionDef(
      'sum_of_multiples',
      arguments(
        [],
        [
          arg(
            'limit',
            lineno=1,
            col_offset=21,
            end_lineno=1,
            end_col_offset=26),
          arg(
            'multiples',
            lineno=1,
            col_offset=28,
            end_lineno=1,
            end_col_offset=37)],
        kwonlyargs=[],
        kw_defaults=[],
        defaults=[]),
      [
        Return(
          Call(
            Name(
              'sum',
              Load(),
              lineno=2,
              col_offset=11,
              end_lineno=2,
              end_col_offset=14),
            [
              GeneratorExp(
                Name(
                  'value',
                  Load(),
                  lineno=2,
                  col_offset=15,
                  end_lineno=2,
                  end_col_offset=20),
                [
                  comprehension(
                    Name(
                      'value',
                      Store(),
                      lineno=2,
                      col_offset=25,
                      end_lineno=2,
                      end_col_offset=30),
                    Call(
                      Name(
                        'range',
                        Load(),
                        lineno=2,
                        col_offset=34,
                        end_lineno=2,
                        end_col_offset=39),
                      [
                        Name(
                          'limit',
                          Load(),
                          lineno=2,
                          col_offset=40,
                          end_lineno=2,
                          end_col_offset=45)],
                      [],
                      lineno=2,
                      col_offset=34,
                      end_lineno=2,
                      end_col_offset=46),
                    [
                      Call(
                        Name(
                          'any',
                          Load(),
                          lineno=3,
                          col_offset=18,
                          end_lineno=3,
                          end_col_offset=21),
                        [
                          GeneratorExp(
                            Compare(
                              BinOp(
                                Name(
                                  'value',
                                  Load(),
                                  lineno=3,
                                  col_offset=22,
                                  end_lineno=3,
                                  end_col_offset=27),
                                Mod(),
                                Name(
                                  'multiple',
                                  Load(),
                                  lineno=3,
                                  col_offset=30,
                                  end_lineno=3,
                                  end_col_offset=38),
                                lineno=3,
                                col_offset=22,
                                end_lineno=3,
                                end_col_offset=38),
                              [
                                Eq()],
                              [
                                Constant(
                                  0,
                                  lineno=3,
                                  col_offset=42,
                                  end_lineno=3,
                                  end_col_offset=43)],
                              lineno=3,
                              col_offset=22,
                              end_lineno=3,
                              end_col_offset=43),
                            [
                              comprehension(
                                Name(
                                  'multiple',
                                  Store(),
                                  lineno=4,
                                  col_offset=26,
                                  end_lineno=4,
                                  end_col_offset=34),
                                Name(
                                  'multiples',
                                  Load(),
                                  lineno=4,
                                  col_offset=38,
                                  end_lineno=4,
                                  end_col_offset=47),
                                [
                                  Compare(
                                    Name(
                                      'multiple',
                                      Load(),
                                      lineno=5,
                                      col_offset=25,
                                      end_lineno=5,
                                      end_col_offset=33),
                                    [
                                      Gt()],
                                    [
                                      Constant(
                                        0,
                                        lineno=5,
                                        col_offset=36,
                                        end_lineno=5,
                                        end_col_offset=37)],
                                    lineno=5,
                                    col_offset=25,
                                    end_lineno=5,
                                    end_col_offset=37)],
                                0)],
                            lineno=3,
                            col_offset=21,
                            end_lineno=5,
                            end_col_offset=38)],
                        [],
                        lineno=3,
                        col_offset=18,
                        end_lineno=5,
                        end_col_offset=38)],
                    0)],
                lineno=2,
                col_offset=14,
                end_lineno=5,
                end_col_offset=39)],
            [],
            lineno=2,
            col_offset=11,
            end_lineno=5,
            end_col_offset=39),
          lineno=2,
          col_offset=4,
          end_lineno=5,
          end_col_offset=39)],
      [],
      lineno=1,
      col_offset=0,
      end_lineno=5,
      end_col_offset=39)],
  [])

# BEGIN TREE AFTER
Module(
  [
    FunctionDef(
      'placeholder_0',
      arguments(
        [],
        [
          arg(
            'placeholder_1',
            lineno=1,
            col_offset=21,
            end_lineno=1,
            end_col_offset=26),
          arg(
            'placeholder_2',
            lineno=1,
            col_offset=28,
            end_lineno=1,
            end_col_offset=37)],
        kwonlyargs=[],
        kw_defaults=[],
        defaults=[]),
      [
        Return(
          Call(
            Name(
              'sum',
              Load(),
              lineno=2,
              col_offset=11,
              end_lineno=2,
              end_col_offset=14),
            [
              GeneratorExp(
                Name(
                  'placeholder_3',
                  Load(),
                  lineno=2,
                  col_offset=15,
                  end_lineno=2,
                  end_col_offset=20),
                [
                  comprehension(
                    Name(
                      'placeholder_3',
                      Store(),
                      lineno=2,
                      col_offset=25,
                      end_lineno=2,
                      end_col_offset=30),
                    Call(
                      Name(
                        'range',
                        Load(),
                        lineno=2,
                        col_offset=34,
                        end_lineno=2,
                        end_col_offset=39),
                      [
                        Name(
                          'placeholder_1',
                          Load(),
                          lineno=2,
                          col_offset=40,
                          end_lineno=2,
                          end_col_offset=45)],
                      [],
                      lineno=2,
                      col_offset=34,
                      end_lineno=2,
                      end_col_offset=46),
                    [
                      Call(
                        Name(
                          'any',
                          Load(),
                          lineno=3,
                          col_offset=18,
                          end_lineno=3,
                          end_col_offset=21),
                        [
                          GeneratorExp(
                            Compare(
                              BinOp(
                                Name(
                                  'placeholder_3',
                                  Load(),
                                  lineno=3,
                                  col_offset=22,
                                  end_lineno=3,
                                  end_col_offset=27),
                                Mod(),
                                Name(
                                  'placeholder_4',
                                  Load(),
                                  lineno=3,
                                  col_offset=30,
                                  end_lineno=3,
                                  end_col_offset=38),
                                lineno=3,
                                col_offset=22,
                                end_lineno=3,
                                end_col_offset=38),
                              [
                                Eq()],
                              [
                                Constant(
                                  0,
                                  lineno=3,
                                  col_offset=42,
                                  end_lineno=3,
                                  end_col_offset=43)],
                              lineno=3,
                              col_offset=22,
                              end_lineno=3,
                              end_col_offset=43),
                            [
                              comprehension(
                                Name(
                                  'placeholder_4',
                                  Store(),
                                  lineno=4,
                                  col_offset=26,
                                  end_lineno=4,
                                  end_col_offset=34),
                                Name(
                                  'placeholder_2',
                                  Load(),
                                  lineno=4,
                                  col_offset=38,
                                  end_lineno=4,
                                  end_col_offset=47),
                                [
                                  Compare(
                                    Name(
                                      'placeholder_4',
                                      Load(),
                                      lineno=5,
                                      col_offset=25,
                                      end_lineno=5,
                                      end_col_offset=33),
                                    [
                                      Gt()],
                                    [
                                      Constant(
                                        0,
                                        lineno=5,
                                        col_offset=36,
                                        end_lineno=5,
                                        end_col_offset=37)],
                                    lineno=5,
                                    col_offset=25,
                                    end_lineno=5,
                                    end_col_offset=37)],
                                0)],
                            lineno=3,
                            col_offset=21,
                            end_lineno=5,
                            end_col_offset=38)],
                        [],
                        lineno=3,
                        col_offset=18,
                        end_lineno=5,
                        end_col_offset=38)],
                    0)],
                lineno=2,
                col_offset=14,
                end_lineno=5,
                end_col_offset=39)],
            [],
            lineno=2,
            col_offset=11,
            end_lineno=5,
            end_col_offset=39),
          lineno=2,
          col_offset=4,
          end_lineno=5,
          end_col_offset=39)],
      [],
      lineno=1,
      col_offset=0,
      end_lineno=5,
      end_col_offset=39)],
  [])

# BEGIN NORMALIZED CODE AFTER
def placeholder_0(placeholder_1, placeholder_2):
    return sum(
        (
            placeholder_3
            for placeholder_3 in range(placeholder_1)
            if any(
                (
                    placeholder_3 % placeholder_4 == 0
                    for placeholder_4 in placeholder_2
                    if placeholder_4 > 0
                )
            )
        )
    )
