## BEGIN NORMALIZED CODE ##
def placeholder_0(placeholder_1):
    placeholder_2 = [[0] * placeholder_1 for placeholder_3 in range(placeholder_1)]
    placeholder_4 = 0
    placeholder_5 = -1
    placeholder_6 = 1
    placeholder_7 = [0, 1, 0, -1]
    placeholder_8 = [1, 0, -1, 0]
    for placeholder_9 in range(2 * placeholder_1 - 1):
        for placeholder_10 in range((2 * placeholder_1 - placeholder_9) // 2):
            placeholder_4 += placeholder_7[placeholder_9 % 4]
            placeholder_5 += placeholder_8[placeholder_9 % 4]
            placeholder_2[placeholder_4][placeholder_5] = placeholder_6
            placeholder_6 += 1
    return placeholder_2

## END NORMALIZED CODE ##

## BEGIN TREE BEFORE ##
Module(
  [
    FunctionDef(
      'spiral_matrix',
      arguments(
        [],
        [
          arg(
            'size',
            lineno=1,
            col_offset=18,
            end_lineno=1,
            end_col_offset=22)],
        kwonlyargs=[],
        kw_defaults=[],
        defaults=[]),
      [
        Assign(
          [
            Name(
              'matrix',
              Store(),
              lineno=2,
              col_offset=4,
              end_lineno=2,
              end_col_offset=10)],
          ListComp(
            BinOp(
              List(
                [
                  Constant(
                    0,
                    lineno=2,
                    col_offset=15,
                    end_lineno=2,
                    end_col_offset=16)],
                Load(),
                lineno=2,
                col_offset=14,
                end_lineno=2,
                end_col_offset=17),
              Mult(),
              Name(
                'size',
                Load(),
                lineno=2,
                col_offset=18,
                end_lineno=2,
                end_col_offset=22),
              lineno=2,
              col_offset=14,
              end_lineno=2,
              end_col_offset=22),
            [
              comprehension(
                Name(
                  'row',
                  Store(),
                  lineno=2,
                  col_offset=27,
                  end_lineno=2,
                  end_col_offset=30),
                Call(
                  Name(
                    'range',
                    Load(),
                    lineno=2,
                    col_offset=34,
                    end_lineno=2,
                    end_col_offset=39),
                  [
                    Name(
                      'size',
                      Load(),
                      lineno=2,
                      col_offset=40,
                      end_lineno=2,
                      end_col_offset=44)],
                  [],
                  lineno=2,
                  col_offset=34,
                  end_lineno=2,
                  end_col_offset=45),
                [],
                0)],
            lineno=2,
            col_offset=13,
            end_lineno=2,
            end_col_offset=46),
          lineno=2,
          col_offset=4,
          end_lineno=2,
          end_col_offset=46),
        Assign(
          [
            Name(
              'idx',
              Store(),
              lineno=3,
              col_offset=4,
              end_lineno=3,
              end_col_offset=7)],
          Constant(
            0,
            lineno=3,
            col_offset=10,
            end_lineno=3,
            end_col_offset=11),
          lineno=3,
          col_offset=4,
          end_lineno=3,
          end_col_offset=11),
        Assign(
          [
            Name(
              'jdx',
              Store(),
              lineno=4,
              col_offset=4,
              end_lineno=4,
              end_col_offset=7)],
          UnaryOp(
            USub(),
            Constant(
              1,
              lineno=4,
              col_offset=11,
              end_lineno=4,
              end_col_offset=12),
            lineno=4,
            col_offset=10,
            end_lineno=4,
            end_col_offset=12),
          lineno=4,
          col_offset=4,
          end_lineno=4,
          end_col_offset=12),
        Assign(
          [
            Name(
              'element',
              Store(),
              lineno=5,
              col_offset=4,
              end_lineno=5,
              end_col_offset=11)],
          Constant(
            1,
            lineno=5,
            col_offset=14,
            end_lineno=5,
            end_col_offset=15),
          lineno=5,
          col_offset=4,
          end_lineno=5,
          end_col_offset=15),
        Assign(
          [
            Name(
              'digital',
              Store(),
              lineno=7,
              col_offset=4,
              end_lineno=7,
              end_col_offset=11)],
          List(
            [
              Constant(
                0,
                lineno=7,
                col_offset=15,
                end_lineno=7,
                end_col_offset=16),
              Constant(
                1,
                lineno=7,
                col_offset=18,
                end_lineno=7,
                end_col_offset=19),
              Constant(
                0,
                lineno=7,
                col_offset=21,
                end_lineno=7,
                end_col_offset=22),
              UnaryOp(
                USub(),
                Constant(
                  1,
                  lineno=7,
                  col_offset=25,
                  end_lineno=7,
                  end_col_offset=26),
                lineno=7,
                col_offset=24,
                end_lineno=7,
                end_col_offset=26)],
            Load(),
            lineno=7,
            col_offset=14,
            end_lineno=7,
            end_col_offset=27),
          lineno=7,
          col_offset=4,
          end_lineno=7,
          end_col_offset=27),
        Assign(
          [
            Name(
              'disco',
              Store(),
              lineno=8,
              col_offset=4,
              end_lineno=8,
              end_col_offset=9)],
          List(
            [
              Constant(
                1,
                lineno=8,
                col_offset=13,
                end_lineno=8,
                end_col_offset=14),
              Constant(
                0,
                lineno=8,
                col_offset=16,
                end_lineno=8,
                end_col_offset=17),
              UnaryOp(
                USub(),
                Constant(
                  1,
                  lineno=8,
                  col_offset=20,
                  end_lineno=8,
                  end_col_offset=21),
                lineno=8,
                col_offset=19,
                end_lineno=8,
                end_col_offset=21),
              Constant(
                0,
                lineno=8,
                col_offset=23,
                end_lineno=8,
                end_col_offset=24)],
            Load(),
            lineno=8,
            col_offset=12,
            end_lineno=8,
            end_col_offset=25),
          lineno=8,
          col_offset=4,
          end_lineno=8,
          end_col_offset=25),
        For(
          Name(
            'edx',
            Store(),
            lineno=10,
            col_offset=8,
            end_lineno=10,
            end_col_offset=11),
          Call(
            Name(
              'range',
              Load(),
              lineno=10,
              col_offset=15,
              end_lineno=10,
              end_col_offset=20),
            [
              BinOp(
                BinOp(
                  Constant(
                    2,
                    lineno=10,
                    col_offset=21,
                    end_lineno=10,
                    end_col_offset=22),
                  Mult(),
                  Name(
                    'size',
                    Load(),
                    lineno=10,
                    col_offset=23,
                    end_lineno=10,
                    end_col_offset=27),
                  lineno=10,
                  col_offset=21,
                  end_lineno=10,
                  end_col_offset=27),
                Sub(),
                Constant(
                  1,
                  lineno=10,
                  col_offset=30,
                  end_lineno=10,
                  end_col_offset=31),
                lineno=10,
                col_offset=21,
                end_lineno=10,
                end_col_offset=31)],
            [],
            lineno=10,
            col_offset=15,
            end_lineno=10,
            end_col_offset=32),
          [
            For(
              Name(
                '_',
                Store(),
                lineno=11,
                col_offset=12,
                end_lineno=11,
                end_col_offset=13),
              Call(
                Name(
                  'range',
                  Load(),
                  lineno=11,
                  col_offset=17,
                  end_lineno=11,
                  end_col_offset=22),
                [
                  BinOp(
                    BinOp(
                      BinOp(
                        Constant(
                          2,
                          lineno=11,
                          col_offset=24,
                          end_lineno=11,
                          end_col_offset=25),
                        Mult(),
                        Name(
                          'size',
                          Load(),
                          lineno=11,
                          col_offset=26,
                          end_lineno=11,
                          end_col_offset=30),
                        lineno=11,
                        col_offset=24,
                        end_lineno=11,
                        end_col_offset=30),
                      Sub(),
                      Name(
                        'edx',
                        Load(),
                        lineno=11,
                        col_offset=33,
                        end_lineno=11,
                        end_col_offset=36),
                      lineno=11,
                      col_offset=24,
                      end_lineno=11,
                      end_col_offset=36),
                    FloorDiv(),
                    Constant(
                      2,
                      lineno=11,
                      col_offset=41,
                      end_lineno=11,
                      end_col_offset=42),
                    lineno=11,
                    col_offset=23,
                    end_lineno=11,
                    end_col_offset=42)],
                [],
                lineno=11,
                col_offset=17,
                end_lineno=11,
                end_col_offset=43),
              [
                AugAssign(
                  Name(
                    'idx',
                    Store(),
                    lineno=12,
                    col_offset=12,
                    end_lineno=12,
                    end_col_offset=15),
                  Add(),
                  Subscript(
                    Name(
                      'digital',
                      Load(),
                      lineno=12,
                      col_offset=19,
                      end_lineno=12,
                      end_col_offset=26),
                    BinOp(
                      Name(
                        'edx',
                        Load(),
                        lineno=12,
                        col_offset=27,
                        end_lineno=12,
                        end_col_offset=30),
                      Mod(),
                      Constant(
                        4,
                        lineno=12,
                        col_offset=33,
                        end_lineno=12,
                        end_col_offset=34),
                      lineno=12,
                      col_offset=27,
                      end_lineno=12,
                      end_col_offset=34),
                    Load(),
                    lineno=12,
                    col_offset=19,
                    end_lineno=12,
                    end_col_offset=35),
                  lineno=12,
                  col_offset=12,
                  end_lineno=12,
                  end_col_offset=35),
                AugAssign(
                  Name(
                    'jdx',
                    Store(),
                    lineno=13,
                    col_offset=12,
                    end_lineno=13,
                    end_col_offset=15),
                  Add(),
                  Subscript(
                    Name(
                      'disco',
                      Load(),
                      lineno=13,
                      col_offset=19,
                      end_lineno=13,
                      end_col_offset=24),
                    BinOp(
                      Name(
                        'edx',
                        Load(),
                        lineno=13,
                        col_offset=25,
                        end_lineno=13,
                        end_col_offset=28),
                      Mod(),
                      Constant(
                        4,
                        lineno=13,
                        col_offset=31,
                        end_lineno=13,
                        end_col_offset=32),
                      lineno=13,
                      col_offset=25,
                      end_lineno=13,
                      end_col_offset=32),
                    Load(),
                    lineno=13,
                    col_offset=19,
                    end_lineno=13,
                    end_col_offset=33),
                  lineno=13,
                  col_offset=12,
                  end_lineno=13,
                  end_col_offset=33),
                Assign(
                  [
                    Subscript(
                      Subscript(
                        Name(
                          'matrix',
                          Load(),
                          lineno=14,
                          col_offset=12,
                          end_lineno=14,
                          end_col_offset=18),
                        Name(
                          'idx',
                          Load(),
                          lineno=14,
                          col_offset=19,
                          end_lineno=14,
                          end_col_offset=22),
                        Load(),
                        lineno=14,
                        col_offset=12,
                        end_lineno=14,
                        end_col_offset=23),
                      Name(
                        'jdx',
                        Load(),
                        lineno=14,
                        col_offset=24,
                        end_lineno=14,
                        end_col_offset=27),
                      Store(),
                      lineno=14,
                      col_offset=12,
                      end_lineno=14,
                      end_col_offset=28)],
                  Name(
                    'element',
                    Load(),
                    lineno=14,
                    col_offset=31,
                    end_lineno=14,
                    end_col_offset=38),
                  lineno=14,
                  col_offset=12,
                  end_lineno=14,
                  end_col_offset=38),
                AugAssign(
                  Name(
                    'element',
                    Store(),
                    lineno=15,
                    col_offset=12,
                    end_lineno=15,
                    end_col_offset=19),
                  Add(),
                  Constant(
                    1,
                    lineno=15,
                    col_offset=23,
                    end_lineno=15,
                    end_col_offset=24),
                  lineno=15,
                  col_offset=12,
                  end_lineno=15,
                  end_col_offset=24)],
              [],
              lineno=11,
              col_offset=8,
              end_lineno=15,
              end_col_offset=24)],
          [],
          lineno=10,
          col_offset=4,
          end_lineno=15,
          end_col_offset=24),
        Return(
          Name(
            'matrix',
            Load(),
            lineno=16,
            col_offset=11,
            end_lineno=16,
            end_col_offset=17),
          lineno=16,
          col_offset=4,
          end_lineno=16,
          end_col_offset=17)],
      [],
      lineno=1,
      col_offset=0,
      end_lineno=16,
      end_col_offset=17)],
  [])
## END TREE BEFORE ##

## BEGIN NORMALIZED TREE ##
Module(
  [
    FunctionDef(
      'placeholder_0',
      arguments(
        [],
        [
          arg(
            'placeholder_1',
            lineno=1,
            col_offset=18,
            end_lineno=1,
            end_col_offset=22)],
        kwonlyargs=[],
        kw_defaults=[],
        defaults=[]),
      [
        Assign(
          [
            Name(
              'placeholder_2',
              Store(),
              lineno=2,
              col_offset=4,
              end_lineno=2,
              end_col_offset=10)],
          ListComp(
            BinOp(
              List(
                [
                  Constant(
                    0,
                    lineno=2,
                    col_offset=15,
                    end_lineno=2,
                    end_col_offset=16)],
                Load(),
                lineno=2,
                col_offset=14,
                end_lineno=2,
                end_col_offset=17),
              Mult(),
              Name(
                'placeholder_1',
                Load(),
                lineno=2,
                col_offset=18,
                end_lineno=2,
                end_col_offset=22),
              lineno=2,
              col_offset=14,
              end_lineno=2,
              end_col_offset=22),
            [
              comprehension(
                Name(
                  'placeholder_3',
                  Store(),
                  lineno=2,
                  col_offset=27,
                  end_lineno=2,
                  end_col_offset=30),
                Call(
                  Name(
                    'range',
                    Load(),
                    lineno=2,
                    col_offset=34,
                    end_lineno=2,
                    end_col_offset=39),
                  [
                    Name(
                      'placeholder_1',
                      Load(),
                      lineno=2,
                      col_offset=40,
                      end_lineno=2,
                      end_col_offset=44)],
                  [],
                  lineno=2,
                  col_offset=34,
                  end_lineno=2,
                  end_col_offset=45),
                [],
                0)],
            lineno=2,
            col_offset=13,
            end_lineno=2,
            end_col_offset=46),
          lineno=2,
          col_offset=4,
          end_lineno=2,
          end_col_offset=46),
        Assign(
          [
            Name(
              'placeholder_4',
              Store(),
              lineno=3,
              col_offset=4,
              end_lineno=3,
              end_col_offset=7)],
          Constant(
            0,
            lineno=3,
            col_offset=10,
            end_lineno=3,
            end_col_offset=11),
          lineno=3,
          col_offset=4,
          end_lineno=3,
          end_col_offset=11),
        Assign(
          [
            Name(
              'placeholder_5',
              Store(),
              lineno=4,
              col_offset=4,
              end_lineno=4,
              end_col_offset=7)],
          UnaryOp(
            USub(),
            Constant(
              1,
              lineno=4,
              col_offset=11,
              end_lineno=4,
              end_col_offset=12),
            lineno=4,
            col_offset=10,
            end_lineno=4,
            end_col_offset=12),
          lineno=4,
          col_offset=4,
          end_lineno=4,
          end_col_offset=12),
        Assign(
          [
            Name(
              'placeholder_6',
              Store(),
              lineno=5,
              col_offset=4,
              end_lineno=5,
              end_col_offset=11)],
          Constant(
            1,
            lineno=5,
            col_offset=14,
            end_lineno=5,
            end_col_offset=15),
          lineno=5,
          col_offset=4,
          end_lineno=5,
          end_col_offset=15),
        Assign(
          [
            Name(
              'placeholder_7',
              Store(),
              lineno=7,
              col_offset=4,
              end_lineno=7,
              end_col_offset=11)],
          List(
            [
              Constant(
                0,
                lineno=7,
                col_offset=15,
                end_lineno=7,
                end_col_offset=16),
              Constant(
                1,
                lineno=7,
                col_offset=18,
                end_lineno=7,
                end_col_offset=19),
              Constant(
                0,
                lineno=7,
                col_offset=21,
                end_lineno=7,
                end_col_offset=22),
              UnaryOp(
                USub(),
                Constant(
                  1,
                  lineno=7,
                  col_offset=25,
                  end_lineno=7,
                  end_col_offset=26),
                lineno=7,
                col_offset=24,
                end_lineno=7,
                end_col_offset=26)],
            Load(),
            lineno=7,
            col_offset=14,
            end_lineno=7,
            end_col_offset=27),
          lineno=7,
          col_offset=4,
          end_lineno=7,
          end_col_offset=27),
        Assign(
          [
            Name(
              'placeholder_8',
              Store(),
              lineno=8,
              col_offset=4,
              end_lineno=8,
              end_col_offset=9)],
          List(
            [
              Constant(
                1,
                lineno=8,
                col_offset=13,
                end_lineno=8,
                end_col_offset=14),
              Constant(
                0,
                lineno=8,
                col_offset=16,
                end_lineno=8,
                end_col_offset=17),
              UnaryOp(
                USub(),
                Constant(
                  1,
                  lineno=8,
                  col_offset=20,
                  end_lineno=8,
                  end_col_offset=21),
                lineno=8,
                col_offset=19,
                end_lineno=8,
                end_col_offset=21),
              Constant(
                0,
                lineno=8,
                col_offset=23,
                end_lineno=8,
                end_col_offset=24)],
            Load(),
            lineno=8,
            col_offset=12,
            end_lineno=8,
            end_col_offset=25),
          lineno=8,
          col_offset=4,
          end_lineno=8,
          end_col_offset=25),
        For(
          Name(
            'placeholder_9',
            Store(),
            lineno=10,
            col_offset=8,
            end_lineno=10,
            end_col_offset=11),
          Call(
            Name(
              'range',
              Load(),
              lineno=10,
              col_offset=15,
              end_lineno=10,
              end_col_offset=20),
            [
              BinOp(
                BinOp(
                  Constant(
                    2,
                    lineno=10,
                    col_offset=21,
                    end_lineno=10,
                    end_col_offset=22),
                  Mult(),
                  Name(
                    'placeholder_1',
                    Load(),
                    lineno=10,
                    col_offset=23,
                    end_lineno=10,
                    end_col_offset=27),
                  lineno=10,
                  col_offset=21,
                  end_lineno=10,
                  end_col_offset=27),
                Sub(),
                Constant(
                  1,
                  lineno=10,
                  col_offset=30,
                  end_lineno=10,
                  end_col_offset=31),
                lineno=10,
                col_offset=21,
                end_lineno=10,
                end_col_offset=31)],
            [],
            lineno=10,
            col_offset=15,
            end_lineno=10,
            end_col_offset=32),
          [
            For(
              Name(
                'placeholder_10',
                Store(),
                lineno=11,
                col_offset=12,
                end_lineno=11,
                end_col_offset=13),
              Call(
                Name(
                  'range',
                  Load(),
                  lineno=11,
                  col_offset=17,
                  end_lineno=11,
                  end_col_offset=22),
                [
                  BinOp(
                    BinOp(
                      BinOp(
                        Constant(
                          2,
                          lineno=11,
                          col_offset=24,
                          end_lineno=11,
                          end_col_offset=25),
                        Mult(),
                        Name(
                          'placeholder_1',
                          Load(),
                          lineno=11,
                          col_offset=26,
                          end_lineno=11,
                          end_col_offset=30),
                        lineno=11,
                        col_offset=24,
                        end_lineno=11,
                        end_col_offset=30),
                      Sub(),
                      Name(
                        'placeholder_9',
                        Load(),
                        lineno=11,
                        col_offset=33,
                        end_lineno=11,
                        end_col_offset=36),
                      lineno=11,
                      col_offset=24,
                      end_lineno=11,
                      end_col_offset=36),
                    FloorDiv(),
                    Constant(
                      2,
                      lineno=11,
                      col_offset=41,
                      end_lineno=11,
                      end_col_offset=42),
                    lineno=11,
                    col_offset=23,
                    end_lineno=11,
                    end_col_offset=42)],
                [],
                lineno=11,
                col_offset=17,
                end_lineno=11,
                end_col_offset=43),
              [
                AugAssign(
                  Name(
                    'placeholder_4',
                    Store(),
                    lineno=12,
                    col_offset=12,
                    end_lineno=12,
                    end_col_offset=15),
                  Add(),
                  Subscript(
                    Name(
                      'placeholder_7',
                      Load(),
                      lineno=12,
                      col_offset=19,
                      end_lineno=12,
                      end_col_offset=26),
                    BinOp(
                      Name(
                        'placeholder_9',
                        Load(),
                        lineno=12,
                        col_offset=27,
                        end_lineno=12,
                        end_col_offset=30),
                      Mod(),
                      Constant(
                        4,
                        lineno=12,
                        col_offset=33,
                        end_lineno=12,
                        end_col_offset=34),
                      lineno=12,
                      col_offset=27,
                      end_lineno=12,
                      end_col_offset=34),
                    Load(),
                    lineno=12,
                    col_offset=19,
                    end_lineno=12,
                    end_col_offset=35),
                  lineno=12,
                  col_offset=12,
                  end_lineno=12,
                  end_col_offset=35),
                AugAssign(
                  Name(
                    'placeholder_5',
                    Store(),
                    lineno=13,
                    col_offset=12,
                    end_lineno=13,
                    end_col_offset=15),
                  Add(),
                  Subscript(
                    Name(
                      'placeholder_8',
                      Load(),
                      lineno=13,
                      col_offset=19,
                      end_lineno=13,
                      end_col_offset=24),
                    BinOp(
                      Name(
                        'placeholder_9',
                        Load(),
                        lineno=13,
                        col_offset=25,
                        end_lineno=13,
                        end_col_offset=28),
                      Mod(),
                      Constant(
                        4,
                        lineno=13,
                        col_offset=31,
                        end_lineno=13,
                        end_col_offset=32),
                      lineno=13,
                      col_offset=25,
                      end_lineno=13,
                      end_col_offset=32),
                    Load(),
                    lineno=13,
                    col_offset=19,
                    end_lineno=13,
                    end_col_offset=33),
                  lineno=13,
                  col_offset=12,
                  end_lineno=13,
                  end_col_offset=33),
                Assign(
                  [
                    Subscript(
                      Subscript(
                        Name(
                          'placeholder_2',
                          Load(),
                          lineno=14,
                          col_offset=12,
                          end_lineno=14,
                          end_col_offset=18),
                        Name(
                          'placeholder_4',
                          Load(),
                          lineno=14,
                          col_offset=19,
                          end_lineno=14,
                          end_col_offset=22),
                        Load(),
                        lineno=14,
                        col_offset=12,
                        end_lineno=14,
                        end_col_offset=23),
                      Name(
                        'placeholder_5',
                        Load(),
                        lineno=14,
                        col_offset=24,
                        end_lineno=14,
                        end_col_offset=27),
                      Store(),
                      lineno=14,
                      col_offset=12,
                      end_lineno=14,
                      end_col_offset=28)],
                  Name(
                    'placeholder_6',
                    Load(),
                    lineno=14,
                    col_offset=31,
                    end_lineno=14,
                    end_col_offset=38),
                  lineno=14,
                  col_offset=12,
                  end_lineno=14,
                  end_col_offset=38),
                AugAssign(
                  Name(
                    'placeholder_6',
                    Store(),
                    lineno=15,
                    col_offset=12,
                    end_lineno=15,
                    end_col_offset=19),
                  Add(),
                  Constant(
                    1,
                    lineno=15,
                    col_offset=23,
                    end_lineno=15,
                    end_col_offset=24),
                  lineno=15,
                  col_offset=12,
                  end_lineno=15,
                  end_col_offset=24)],
              [],
              lineno=11,
              col_offset=8,
              end_lineno=15,
              end_col_offset=24)],
          [],
          lineno=10,
          col_offset=4,
          end_lineno=15,
          end_col_offset=24),
        Return(
          Name(
            'placeholder_2',
            Load(),
            lineno=16,
            col_offset=11,
            end_lineno=16,
            end_col_offset=17),
          lineno=16,
          col_offset=4,
          end_lineno=16,
          end_col_offset=17)],
      [],
      lineno=1,
      col_offset=0,
      end_lineno=16,
      end_col_offset=17)],
  [])
## END NORMALIZED TREE ##